Component: ARM Compiler 5.06 update 5 (build 528) Tool: armlink [4d35e2]

==============================================================================

Section Cross References

    startup_stm32f103xb.o(RESET) refers to startup_stm32f103xb.o(STACK) for __initial_sp
    startup_stm32f103xb.o(RESET) refers to startup_stm32f103xb.o(.text) for Reset_Handler
    startup_stm32f103xb.o(RESET) refers to stm32f1xx_it.o(i.NMI_Handler) for NMI_Handler
    startup_stm32f103xb.o(RESET) refers to stm32f1xx_it.o(i.HardFault_Handler) for HardFault_Handler
    startup_stm32f103xb.o(RESET) refers to stm32f1xx_it.o(i.MemManage_Handler) for MemManage_Handler
    startup_stm32f103xb.o(RESET) refers to stm32f1xx_it.o(i.BusFault_Handler) for BusFault_Handler
    startup_stm32f103xb.o(RESET) refers to stm32f1xx_it.o(i.UsageFault_Handler) for UsageFault_Handler
    startup_stm32f103xb.o(RESET) refers to stm32f1xx_it.o(i.SVC_Handler) for SVC_Handler
    startup_stm32f103xb.o(RESET) refers to stm32f1xx_it.o(i.DebugMon_Handler) for DebugMon_Handler
    startup_stm32f103xb.o(RESET) refers to stm32f1xx_it.o(i.PendSV_Handler) for PendSV_Handler
    startup_stm32f103xb.o(RESET) refers to stm32f1xx_it.o(i.SysTick_Handler) for SysTick_Handler
    startup_stm32f103xb.o(RESET) refers to stm32f1xx_it.o(i.EXTI9_5_IRQHandler) for EXTI9_5_IRQHandler
    startup_stm32f103xb.o(RESET) refers to stm32f1xx_it.o(i.TIM3_IRQHandler) for TIM3_IRQHandler
    startup_stm32f103xb.o(RESET) refers to stm32f1xx_it.o(i.USART1_IRQHandler) for USART1_IRQHandler
    startup_stm32f103xb.o(RESET) refers to stm32f1xx_it.o(i.USART2_IRQHandler) for USART2_IRQHandler
    startup_stm32f103xb.o(RESET) refers to stm32f1xx_it.o(i.USART3_IRQHandler) for USART3_IRQHandler
    startup_stm32f103xb.o(.text) refers to system_stm32f1xx.o(i.SystemInit) for SystemInit
    startup_stm32f103xb.o(.text) refers to entry.o(.ARM.Collect$$$$00000000) for __main
    stm32f1xx_hal_dma.o(i.HAL_DMA_Abort) refers to stm32f1xx_hal.o(i.HAL_GetTick) for HAL_GetTick
    stm32f1xx_hal_dma.o(i.HAL_DMA_PollForTransfer) refers to stm32f1xx_hal.o(i.HAL_GetTick) for HAL_GetTick
    stm32f1xx_hal_dma.o(i.HAL_DMA_Start) refers to stm32f1xx_hal_dma.o(i.DMA_SetConfig) for DMA_SetConfig
    stm32f1xx_hal_dma.o(i.HAL_DMA_Start_IT) refers to stm32f1xx_hal_dma.o(i.DMA_SetConfig) for DMA_SetConfig
    stm32f1xx_hal_cortex.o(i.HAL_NVIC_GetPriorityGrouping) refers to stm32f1xx_hal_cortex.o(i.NVIC_GetPriorityGrouping) for NVIC_GetPriorityGrouping
    stm32f1xx_hal_cortex.o(i.HAL_NVIC_SetPriority) refers to stm32f1xx_hal_cortex.o(i.NVIC_GetPriorityGrouping) for NVIC_GetPriorityGrouping
    stm32f1xx_hal_cortex.o(i.HAL_NVIC_SetPriority) refers to stm32f1xx_hal_cortex.o(i.NVIC_SetPriority) for NVIC_SetPriority
    stm32f1xx_hal_cortex.o(i.HAL_SYSTICK_Config) refers to stm32f1xx_hal_cortex.o(i.NVIC_SetPriority) for NVIC_SetPriority
    stm32f1xx_hal_cortex.o(i.HAL_SYSTICK_IRQHandler) refers to stm32f1xx_hal_cortex.o(i.HAL_SYSTICK_Callback) for HAL_SYSTICK_Callback
    stm32f1xx_hal_rcc.o(i.HAL_RCC_ClockConfig) refers to stm32f1xx_hal.o(i.HAL_GetTick) for HAL_GetTick
    stm32f1xx_hal_rcc.o(i.HAL_RCC_ClockConfig) refers to stm32f1xx_hal_rcc.o(i.HAL_RCC_GetSysClockFreq) for HAL_RCC_GetSysClockFreq
    stm32f1xx_hal_rcc.o(i.HAL_RCC_ClockConfig) refers to stm32f1xx_hal.o(i.HAL_InitTick) for HAL_InitTick
    stm32f1xx_hal_rcc.o(i.HAL_RCC_ClockConfig) refers to system_stm32f1xx.o(.constdata) for AHBPrescTable
    stm32f1xx_hal_rcc.o(i.HAL_RCC_ClockConfig) refers to system_stm32f1xx.o(.data) for SystemCoreClock
    stm32f1xx_hal_rcc.o(i.HAL_RCC_DeInit) refers to system_stm32f1xx.o(.data) for SystemCoreClock
    stm32f1xx_hal_rcc.o(i.HAL_RCC_GetHCLKFreq) refers to system_stm32f1xx.o(.data) for SystemCoreClock
    stm32f1xx_hal_rcc.o(i.HAL_RCC_GetPCLK1Freq) refers to stm32f1xx_hal_rcc.o(i.HAL_RCC_GetHCLKFreq) for HAL_RCC_GetHCLKFreq
    stm32f1xx_hal_rcc.o(i.HAL_RCC_GetPCLK1Freq) refers to system_stm32f1xx.o(.constdata) for APBPrescTable
    stm32f1xx_hal_rcc.o(i.HAL_RCC_GetPCLK2Freq) refers to stm32f1xx_hal_rcc.o(i.HAL_RCC_GetHCLKFreq) for HAL_RCC_GetHCLKFreq
    stm32f1xx_hal_rcc.o(i.HAL_RCC_GetPCLK2Freq) refers to system_stm32f1xx.o(.constdata) for APBPrescTable
    stm32f1xx_hal_rcc.o(i.HAL_RCC_MCOConfig) refers to stm32f1xx_hal_gpio.o(i.HAL_GPIO_Init) for HAL_GPIO_Init
    stm32f1xx_hal_rcc.o(i.HAL_RCC_NMI_IRQHandler) refers to stm32f1xx_hal_rcc.o(i.HAL_RCC_CSSCallback) for HAL_RCC_CSSCallback
    stm32f1xx_hal_rcc.o(i.HAL_RCC_OscConfig) refers to stm32f1xx_hal.o(i.HAL_GetTick) for HAL_GetTick
    stm32f1xx_hal_rcc.o(i.HAL_RCC_OscConfig) refers to stm32f1xx_hal.o(i.HAL_Delay) for HAL_Delay
    stm32f1xx_hal_rcc_ex.o(i.HAL_RCCEx_GetPeriphCLKFreq) refers to stm32f1xx_hal_rcc.o(i.HAL_RCC_GetPCLK2Freq) for HAL_RCC_GetPCLK2Freq
    stm32f1xx_hal_rcc_ex.o(i.HAL_RCCEx_PeriphCLKConfig) refers to stm32f1xx_hal.o(i.HAL_GetTick) for HAL_GetTick
[...]
    MX_GPIO_Init                             0x080031d9   Thumb Code   144  main.o(i.MX_GPIO_Init)
    i.MX_SPI2_Init                           0x08003270   Section        0  main.o(i.MX_SPI2_Init)
    i.MX_TIM1_Init                           0x080032b8   Section        0  main.o(i.MX_TIM1_Init)
    MX_TIM1_Init                             0x080032b9   Thumb Code   174  main.o(i.MX_TIM1_Init)
    i.MX_USART1_UART_Init                    0x08003370   Section        0  main.o(i.MX_USART1_UART_Init)
    MX_USART1_UART_Init                      0x08003371   Thumb Code    46  main.o(i.MX_USART1_UART_Init)
    i.MX_USART2_UART_Init                    0x080033a8   Section        0  main.o(i.MX_USART2_UART_Init)
    MX_USART2_UART_Init                      0x080033a9   Thumb Code    46  main.o(i.MX_USART2_UART_Init)
    i.MX_USART3_UART_Init                    0x080033e0   Section        0  main.o(i.MX_USART3_UART_Init)
    MX_USART3_UART_Init                      0x080033e1   Thumb Code    46  main.o(i.MX_USART3_UART_Init)
    i.MemManage_Handler                      0x08003418   Section        0  stm32f1xx_it.o(i.MemManage_Handler)
    i.NMI_Handler                            0x0800341c   Section        0  stm32f1xx_it.o(i.NMI_Handler)
    i.NVIC_GetPriorityGrouping               0x08003420   Section        0  stm32f1xx_hal_cortex.o(i.NVIC_GetPriorityGrouping)
    NVIC_GetPriorityGrouping                 0x08003421   Thumb Code    10  stm32f1xx_hal_cortex.o(i.NVIC_GetPriorityGrouping)
    i.NVIC_SetPriority                       0x08003430   Section        0  stm32f1xx_hal_cortex.o(i.NVIC_SetPriority)
    NVIC_SetPriority                         0x08003431   Thumb Code    32  stm32f1xx_hal_cortex.o(i.NVIC_SetPriority)
    i.OSRAM_GPIO_Init                        0x08003458   Section        0  gpio.o(i.OSRAM_GPIO_Init)
    i.OSRAM_I2C_Write                        0x08003554   Section        0  eplos.o(i.OSRAM_I2C_Write)
    i.OSRAM_QuadrantConvert                  0x0800359c   Section        0  eplos.o(i.OSRAM_QuadrantConvert)
    i.OSRAM_config                           0x0800372c   Section        0  eplos.o(i.OSRAM_config)
    i.OSRAM_framRefresh                      0x08003780   Section        0  eplos.o(i.OSRAM_framRefresh)
    i.OSRAM_play                             0x080038ec   Section        0  eplos.o(i.OSRAM_play)
    i.PendSV_Handler                         0x08003a68   Section        0  stm32f1xx_it.o(i.PendSV_Handler)
    i.SDA_IN                                 0x08003a6c   Section        0  softi2c.o(i.SDA_IN)
    i.SDA_OUT                                0x08003aa0   Section        0  softi2c.o(i.SDA_OUT)
    i.SDA_READ                               0x08003ad8   Section        0  softi2c.o(i.SDA_READ)
    i.SD_GetCSD                              0x08003af0   Section        0  spi_sd_driver.o(i.SD_GetCSD)
    i.SD_GetCapacity                         0x08003b14   Section        0  spi_sd_driver.o(i.SD_GetCapacity)
    i.SD_Init                                0x08003bbc   Section        0  spi_sd_driver.o(i.SD_Init)
    i.SD_ReadFilmData                        0x08003e04   Section        0  programs.o(i.SD_ReadFilmData)
    i.SD_ReadMultiBlock                      0x08003f54   Section        0  spi_sd_driver.o(i.SD_ReadMultiBlock)
    i.SD_ReadPhotoData                       0x08003fd0   Section        0  programs.o(i.SD_ReadPhotoData)
    i.SD_ReadSingleBlock                     0x080040fc   Section        0  spi_sd_driver.o(i.SD_ReadSingleBlock)
    i.SD_ReceiveData                         0x08004140   Section        0  spi_sd_driver.o(i.SD_ReceiveData)
    i.SD_SendCommand                         0x080041c4   Section        0  spi_sd_driver.o(i.SD_SendCommand)
    i.SD_SendCommand_NoDeassert              0x08004240   Section        0  spi_sd_driver.o(i.SD_SendCommand_NoDeassert)
    i.SD_WaitReady                           0x080042ac   Section        0  spi_sd_driver.o(i.SD_WaitReady)
    i.SD_WriteMultiBlock                     0x080042d0   Section        0  spi_sd_driver.o(i.SD_WriteMultiBlock)
    i.SD_WriteSingleBlock                    0x080043c8   Section        0  spi_sd_driver.o(i.SD_WriteSingleBlock)
    i.SPI_Configuration                      0x080044a4   Section        0  spi_sd_driver.o(i.SPI_Configuration)
    i.SPI_GPIO_Hard_Init                     0x080044d4   Section        0  gpio.o(i.SPI_GPIO_Hard_Init)
    i.SPI_ReadWriteByte                      0x0800454c   Section        0  spi_sd_driver.o(i.SPI_ReadWriteByte)
    i.SPI_SetSpeed                           0x08004570   Section        0  spi_sd_driver.o(i.SPI_SetSpeed)
    i.SPI_WaitOnFlagUntilTimeout             0x080045d0   Section        0  stm32f1xx_hal_spi.o(i.SPI_WaitOnFlagUntilTimeout)
    SPI_WaitOnFlagUntilTimeout               0x080045d1   Thumb Code   276  stm32f1xx_hal_spi.o(i.SPI_WaitOnFlagUntilTimeout)
    i.SVC_Handler                            0x080046e4   Section        0  stm32f1xx_it.o(i.SVC_Handler)
    i.SysTick_Handler                        0x080046e6   Section        0  stm32f1xx_it.o(i.SysTick_Handler)
    i.SystemClock_Config                     0x080046f8   Section        0  main.o(i.SystemClock_Config)
    i.SystemInit                             0x08004768   Section        0  system_stm32f1xx.o(i.SystemInit)
    i.TIM3_IRQHandler                        0x080047c0   Section        0  stm32f1xx_it.o(i.TIM3_IRQHandler)
    i.TIM_Base_SetConfig                     0x080047d0   Section        0  stm32f1xx_hal_tim.o(i.TIM_Base_SetConfig)
    i.TIM_CCxChannelCmd                      0x0800483c   Section        0  stm32f1xx_hal_tim.o(i.TIM_CCxChannelCmd)
    i.TIM_ETR_SetConfig                      0x08004858   Section        0  stm32f1xx_hal_tim.o(i.TIM_ETR_SetConfig)
    TIM_ETR_SetConfig                        0x08004859   Thumb Code    24  stm32f1xx_hal_tim.o(i.TIM_ETR_SetConfig)
    i.TIM_ITRx_SetConfig                     0x08004870   Section        0  stm32f1xx_hal_tim.o(i.TIM_ITRx_SetConfig)
    TIM_ITRx_SetConfig                       0x08004871   Thumb Code    20  stm32f1xx_hal_tim.o(i.TIM_ITRx_SetConfig)
    i.TIM_OC1_SetConfig                      0x08004884   Section        0  stm32f1xx_hal_tim.o(i.TIM_OC1_SetConfig)
    TIM_OC1_SetConfig                        0x08004885   Thumb Code    96  stm32f1xx_hal_tim.o(i.TIM_OC1_SetConfig)
    i.TIM_OC2_SetConfig                      0x080048e8   Section        0  stm32f1xx_hal_tim.o(i.TIM_OC2_SetConfig)
    i.TIM_OC3_SetConfig                      0x08004958   Section        0  stm32f1xx_hal_tim.o(i.TIM_OC3_SetConfig)
    TIM_OC3_SetConfig                        0x08004959   Thumb Code   104  stm32f1xx_hal_tim.o(i.TIM_OC3_SetConfig)
    i.TIM_OC4_SetConfig                      0x080049c4   Section        0  stm32f1xx_hal_tim.o(i.TIM_OC4_SetConfig)
    TIM_OC4_SetConfig                        0x080049c5   Thumb Code    74  stm32f1xx_hal_tim.o(i.TIM_OC4_SetConfig)
    i.TIM_TI1_ConfigInputStage               0x08004a14   Section        0  stm32f1xx_hal_tim.o(i.TIM_TI1_ConfigInputStage)
    TIM_TI1_ConfigInputStage                 0x08004a15   Thumb Code    42  stm32f1xx_hal_tim.o(i.TIM_TI1_ConfigInputStage)
    i.TIM_TI2_ConfigInputStage               0x08004a3e   Section        0  stm32f1xx_hal_tim.o(i.TIM_TI2_ConfigInputStage)
    TIM_TI2_ConfigInputStage                 0x08004a3f   Thumb Code    44  stm32f1xx_hal_tim.o(i.TIM_TI2_ConfigInputStage)
    i.TimingDelay_Decrement                  0x08004a6c   Section        0  delay.o(i.TimingDelay_Decrement)
    i.UART_DMAError                          0x08004a84   Section        0  stm32f1xx_hal_uart.o(i.UART_DMAError)
    UART_DMAError                            0x08004a85   Thumb Code    34  stm32f1xx_hal_uart.o(i.UART_DMAError)
    i.UART_DMAReceiveCplt                    0x08004aa6   Section        0  stm32f1xx_hal_uart.o(i.UART_DMAReceiveCplt)
    UART_DMAReceiveCplt                      0x08004aa7   Thumb Code    62  stm32f1xx_hal_uart.o(i.UART_DMAReceiveCplt)
    i.UART_DMARxHalfCplt                     0x08004ae4   Section        0  stm32f1xx_hal_uart.o(i.UART_DMARxHalfCplt)
    UART_DMARxHalfCplt                       0x08004ae5   Thumb Code    14  stm32f1xx_hal_uart.o(i.UART_DMARxHalfCplt)
    i.UART_EndTransmit_IT                    0x08004af2   Section        0  stm32f1xx_hal_uart.o(i.UART_EndTransmit_IT)
    UART_EndTransmit_IT                      0x08004af3   Thumb Code    48  stm32f1xx_hal_uart.o(i.UART_EndTransmit_IT)
    i.UART_Receive_IT                        0x08004b22   Section        0  stm32f1xx_hal_uart.o(i.UART_Receive_IT)
    UART_Receive_IT                          0x08004b23   Thumb Code   188  stm32f1xx_hal_uart.o(i.UART_Receive_IT)
    i.UART_SetConfig                         0x08004be0   Section        0  stm32f1xx_hal_uart.o(i.UART_SetConfig)
    UART_SetConfig                           0x08004be1   Thumb Code   450  stm32f1xx_hal_uart.o(i.UART_SetConfig)
    i.UART_Transmit_IT                       0x08004da8   Section        0  stm32f1xx_hal_uart.o(i.UART_Transmit_IT)
    UART_Transmit_IT                         0x08004da9   Thumb Code   112  stm32f1xx_hal_uart.o(i.UART_Transmit_IT)
    i.UART_WaitOnFlagUntilTimeout            0x08004e18   Section        0  stm32f1xx_hal_uart.o(i.UART_WaitOnFlagUntilTimeout)
    UART_WaitOnFlagUntilTimeout              0x08004e19   Thumb Code   250  stm32f1xx_hal_uart.o(i.UART_WaitOnFlagUntilTimeout)
    i.USART1_IRQHandler                      0x08004f14   Section        0  stm32f1xx_it.o(i.USART1_IRQHandler)
    i.USART2_IRQHandler                      0x08004f28   Section        0  stm32f1xx_it.o(i.USART2_IRQHandler)
    i.USART3_IRQHandler                      0x08004f3c   Section        0  stm32f1xx_it.o(i.USART3_IRQHandler)
    i.UartDebugControlHandle                 0x08004f50   Section        0  main.o(i.UartDebugControlHandle)
    i.UsageFault_Handler                     0x080050bc   Section        0  stm32f1xx_it.o(i.UsageFault_Handler)
    i.UsartReceive_IDLE                      0x080050c0   Section        0  main.o(i.UsartReceive_IDLE)
    i.__0printf$8                            0x08005168   Section        0  printf8.o(i.__0printf$8)
    i.__0sprintf$8                           0x08005188   Section        0  printf8.o(i.__0sprintf$8)
    i.__aeabi_errno_addr                     0x080051b0   Section        0  errno.o(i.__aeabi_errno_addr)
    i.__scatterload_copy                     0x080051b8   Section       14  handlers.o(i.__scatterload_copy)
    i.__scatterload_null                     0x080051c6   Section        2  handlers.o(i.__scatterload_null)
    i.__scatterload_zeroinit                 0x080051c8   Section       14  handlers.o(i.__scatterload_zeroinit)
    i._printf_core                           0x080051d8   Section        0  printf8.o(i._printf_core)
    _printf_core                             0x080051d9   Thumb Code   996  printf8.o(i._printf_core)
    i._printf_post_padding                   0x080055e8   Section        0  printf8.o(i._printf_post_padding)
    _printf_post_padding                     0x080055e9   Thumb Code    36  printf8.o(i._printf_post_padding)
    i._printf_pre_padding                    0x0800560c   Section        0  printf8.o(i._printf_pre_padding)
    _printf_pre_padding                      0x0800560d   Thumb Code    46  printf8.o(i._printf_pre_padding)
    i._sputc                                 0x0800563a   Section        0  printf8.o(i._sputc)
    _sputc                                   0x0800563b   Thumb Code    10  printf8.o(i._sputc)
    i.appInit                                0x08005644   Section        0  main.o(i.appInit)
    i.auto_mount                             0x08005698   Section        0  ff.o(i.auto_mount)
    auto_mount                               0x08005699   Thumb Code   746  ff.o(i.auto_mount)
    i.check_fs                               0x08005994   Section        0  ff.o(i.check_fs)
    check_fs                                 0x08005995   Thumb Code   100  ff.o(i.check_fs)
    i.chk_chr                                0x08005a04   Section        0  ff.o(i.chk_chr)
    chk_chr                                  0x08005a05   Thumb Code    20  ff.o(i.chk_chr)
    i.clust2sect                             0x08005a18   Section        0  ff.o(i.clust2sect)
    clust2sect                               0x08005a19   Thumb Code    26  ff.o(i.clust2sect)
    i.create_chain                           0x08005a32   Section        0  ff.o(i.create_chain)
    create_chain                             0x08005a33   Thumb Code   182  ff.o(i.create_chain)
    i.create_name                            0x08005ae8   Section        0  ff.o(i.create_name)
    create_name                              0x08005ae9   Thumb Code   318  ff.o(i.create_name)
    i.delay_us                               0x08005c38   Section        0  softi2c.o(i.delay_us)
    i.delayus                                0x08005c3c   Section        0  softi2c.o(i.delayus)
    i.dir_find                               0x08005c5a   Section        0  ff.o(i.dir_find)
    dir_find                                 0x08005c5b   Thumb Code   118  ff.o(i.dir_find)
    i.dir_next                               0x08005cd0   Section        0  ff.o(i.dir_next)
    dir_next                                 0x08005cd1   Thumb Code   302  ff.o(i.dir_next)
    i.dir_register                           0x08005dfe   Section        0  ff.o(i.dir_register)
    dir_register                             0x08005dff   Thumb Code   120  ff.o(i.dir_register)
    i.dir_seek                               0x08005e76   Section        0  ff.o(i.dir_seek)
    dir_seek                                 0x08005e77   Thumb Code   166  ff.o(i.dir_seek)
    i.disk_initialize                        0x08005f1c   Section        0  diskio.o(i.disk_initialize)
    i.disk_ioctl                             0x08005f38   Section        0  diskio.o(i.disk_ioctl)
    i.disk_read                              0x08005f9c   Section        0  diskio.o(i.disk_read)
    i.disk_status                            0x08005fe0   Section        0  diskio.o(i.disk_status)
    i.disk_write                             0x08005fec   Section        0  diskio.o(i.disk_write)
    i.drv_fan_speed                          0x08006028   Section        0  drv_fan.o(i.drv_fan_speed)
    i.drv_motor_move_execute                 0x08006040   Section        0  drv_motor.o(i.drv_motor_move_execute)
    drv_motor_move_execute                   0x08006041   Thumb Code   250  drv_motor.o(i.drv_motor_move_execute)
    i.drv_motor_move_forward                 0x08006144   Section        0  drv_motor.o(i.drv_motor_move_forward)
    i.drv_motor_move_reverse                 0x0800618c   Section        0  drv_motor.o(i.drv_motor_move_reverse)
    i.f_close                                0x080061d4   Section        0  ff.o(i.f_close)
    i.f_mount                                0x080061ec   Section        0  ff.o(i.f_mount)
    i.f_open                                 0x08006218   Section        0  ff.o(i.f_open)
    i.f_read                                 0x080063a4   Section        0  ff.o(i.f_read)
    i.f_sync                                 0x08006556   Section        0  ff.o(i.f_sync)
    i.follow_path                            0x0800660e   Section        0  ff.o(i.follow_path)
    follow_path                              0x0800660f   Thumb Code   164  ff.o(i.follow_path)
    i.fputc                                  0x080066b4   Section        0  main.o(i.fputc)
    i.gclk                                   0x080066d0   Section        0  delay.o(i.gclk)
    i.get_cluster                            0x080066d2   Section        0  ff.o(i.get_cluster)
    get_cluster                              0x080066d3   Thumb Code   296  ff.o(i.get_cluster)
    i.get_fattime                            0x080067fc   Section        0  diskio.o(i.get_fattime)
    i.handle_func_MIkeys                     0x08006804   Section        0  drv_serial.o(i.handle_func_MIkeys)
    handle_func_MIkeys                       0x08006805   Thumb Code   338  drv_serial.o(i.handle_func_MIkeys)
    i.i2c_write                              0x08006994   Section        0  softi2c.o(i.i2c_write)
    i.i2cmsginfo                             0x080069ca   Section        0  eplos.o(i.i2cmsginfo)
    i.main                                   0x08006a04   Section        0  main.o(i.main)
    i.mem_cmp                                0x08006b1c   Section        0  ff.o(i.mem_cmp)
    mem_cmp                                  0x08006b1d   Thumb Code    38  ff.o(i.mem_cmp)
    i.mem_cpy                                0x08006b42   Section        0  ff.o(i.mem_cpy)
    mem_cpy                                  0x08006b43   Thumb Code    26  ff.o(i.mem_cpy)
    i.mem_set                                0x08006b5c   Section        0  ff.o(i.mem_set)
    mem_set                                  0x08006b5d   Thumb Code    20  ff.o(i.mem_set)
    i.move_window                            0x08006b70   Section        0  ff.o(i.move_window)
    move_window                              0x08006b71   Thumb Code   114  ff.o(i.move_window)
    i.oppRFMsgRecvCallBack                   0x08006be4   Section        0  main.o(i.oppRFMsgRecvCallBack)
    i.oppRFTaskInit                          0x08006d70   Section        0  main.o(i.oppRFTaskInit)
    i.put_cluster                            0x08006da0   Section        0  ff.o(i.put_cluster)
    put_cluster                              0x08006da1   Thumb Code   368  ff.o(i.put_cluster)
    i.remove_chain                           0x08006f10   Section        0  ff.o(i.remove_chain)
    remove_chain                             0x08006f11   Thumb Code   104  ff.o(i.remove_chain)
    i.sync                                   0x08006f78   Section        0  ff.o(i.sync)
    sync                                     0x08006f79   Thumb Code   202  ff.o(i.sync)
    i.validate                               0x08007042   Section        0  ff.o(i.validate)
    validate                                 0x08007043   Thumb Code    42  ff.o(i.validate)
    .constdata                               0x0800706c   Section       24  system_stm32f1xx.o(.constdata)
    .constdata                               0x08007084   Section      129  ctype_o.o(.constdata)
    .constdata                               0x08007108   Section        4  ctype_o.o(.constdata)
    table                                    0x08007108   Data           4  ctype_o.o(.constdata)
    .data                                    0x20000000   Section        4  stm32f1xx_hal.o(.data)
    uwTick                                   0x20000000   Data           4  stm32f1xx_hal.o(.data)
    .data                                    0x20000004   Section        4  system_stm32f1xx.o(.data)
    .data                                    0x20000008   Section       22  main.o(.data)
    totalLen                                 0x2000001c   Data           2  main.o(.data)
    .data                                    0x2000001e   Section        4  softi2c.o(.data)
    .data                                    0x20000024   Section        8  delay.o(.data)
    TimingDelay                              0x20000024   Data           4  delay.o(.data)
    .data                                    0x20000030   Section     1044  eplos.o(.data)
    j                                        0x20000443   Data           1  eplos.o(.data)
    .data                                    0x20000444   Section       40  drv_ir.o(.data)
    IR_data16L                               0x20000444   Data           2  drv_ir.o(.data)
    IR_data16H                               0x20000446   Data           2  drv_ir.o(.data)
    IR_index                                 0x20000448   Data           1  drv_ir.o(.data)
    IR_repeat                                0x20000449   Data           1  drv_ir.o(.data)
    IR_code                                  0x2000044a   Data           2  drv_ir.o(.data)
    IR_captured                              0x2000044c   Data           4  drv_ir.o(.data)
    IR_data                                  0x20000450   Data           4  drv_ir.o(.data)
    IR_data_repeat                           0x20000454   Data           4  drv_ir.o(.data)
    IR_index                                 0x20000458   Data           1  drv_ir.o(.data)
    IR_repeat                                0x20000459   Data           1  drv_ir.o(.data)
    IR_valid                                 0x2000045a   Data           1  drv_ir.o(.data)
    IR_code                                  0x2000045c   Data           2  drv_ir.o(.data)
    IR_captured                              0x20000460   Data           4  drv_ir.o(.data)
    IR_data                                  0x20000464   Data           4  drv_ir.o(.data)
    IR_start                                 0x20000468   Data           4  drv_ir.o(.data)
    .data                                    0x2000046c   Section        4  programs.o(.data)
    .data                                    0x20000470   Section       12  drv_serial.o(.data)
    tickstart                                0x20000470   Data           4  drv_serial.o(.data)
    cmd_tbl                                  0x20000474   Data           8  drv_serial.o(.data)
    .data                                    0x2000047c   Section        9  drv_fan.o(.data)
    tickstart                                0x2000047c   Data           4  drv_fan.o(.data)
    tickexpire                               0x20000480   Data           4  drv_fan.o(.data)
    turn_off                                 0x20000484   Data           1  drv_fan.o(.data)
    .data                                    0x20000485   Section        5  drv_motor.o(.data)
    motor_steps                              0x20000485   Data           4  drv_motor.o(.data)
    step                                     0x20000489   Data           1  drv_motor.o(.data)
    .data                                    0x2000048a   Section        1  spi_sd_driver.o(.data)
    SD_Type                                  0x2000048a   Data           1  spi_sd_driver.o(.data)
    .data                                    0x2000048c   Section        6  ff.o(.data)
    FatFs                                    0x2000048c   Data           4  ff.o(.data)
    Fsid                                     0x20000490   Data           2  ff.o(.data)
    .data                                    0x20000494   Section        4  stdout.o(.data)
    .data                                    0x20000498   Section        4  errno.o(.data)
    _errno                                   0x20000498   Data           4  errno.o(.data)
    .bss                                     0x2000049c   Section     1408  main.o(.bss)
    .bss                                     0x20000a1c   Section       16  softi2c.o(.bss)
    .bss                                     0x20000a2c   Section    13240  programs.o(.bss)
    fs                                       0x20000a2c   Data         560  programs.o(.bss)
    fsrc                                     0x20000c5c   Data         548  programs.o(.bss)
    fdst                                     0x20000e80   Data         548  programs.o(.bss)
    .bss                                     0x20003de4   Section      102  drv_serial.o(.bss)
    STACK                                    0x20003e50   Section     1024  startup_stm32f103xb.o(STACK)

    Global Symbols

    Symbol Name                              Value     Ov Type        Size  Object(Section)

    BuildAttributes$$THM_ISAv4$P$D$K$B$S$PE$A:L22UL41UL21$X:L11$S22US41US21$IEEE1$IW$USESV6$~STKCKD$USESV7$~SHL$OSPACE$ROPI$EBA8$MICROLIB$REQ8$PRES8$EABIv2 0x00000000   Number         0  anon$$obj.o ABSOLUTE
    __ARM_use_no_argv                        0x00000000   Number         0  main.o ABSOLUTE
    _printf_a                                0x00000000   Number         0  stubs.o ABSOLUTE
    _printf_c                                0x00000000   Number         0  stubs.o ABSOLUTE
    _printf_charcount                        0x00000000   Number         0  stubs.o ABSOLUTE
    _printf_d                                0x00000000   Number         0  stubs.o ABSOLUTE
    _printf_e                                0x00000000   Number         0  stubs.o ABSOLUTE
    _printf_f                                0x00000000   Number         0  stubs.o ABSOLUTE
    _printf_flags                            0x00000000   Number         0  stubs.o ABSOLUTE
    _printf_fp_dec                           0x00000000   Number         0  stubs.o ABSOLUTE
    _printf_fp_hex                           0x00000000   Number         0  stubs.o ABSOLUTE
    _printf_g                                0x00000000   Number         0  stubs.o ABSOLUTE
    _printf_i                                0x00000000   Number         0  stubs.o ABSOLUTE
    _printf_int_dec                          0x00000000   Number         0  stubs.o ABSOLUTE
    _printf_l                                0x00000000   Number         0  stubs.o ABSOLUTE
    _printf_lc                               0x00000000   Number         0  stubs.o ABSOLUTE
    _printf_ll                               0x00000000   Number         0  stubs.o ABSOLUTE
    _printf_lld                              0x00000000   Number         0  stubs.o ABSOLUTE
    _printf_lli                              0x00000000   Number         0  stubs.o ABSOLUTE
    _printf_llo                              0x00000000   Number         0  stubs.o ABSOLUTE
    _printf_llu                              0x00000000   Number         0  stubs.o ABSOLUTE
    _printf_llx                              0x00000000   Number         0  stubs.o ABSOLUTE
    _printf_longlong_dec                     0x00000000   Number         0  stubs.o ABSOLUTE
    _printf_longlong_hex                     0x00000000   Number         0  stubs.o ABSOLUTE
    _printf_longlong_oct                     0x00000000   Number         0  stubs.o ABSOLUTE
    _printf_ls                               0x00000000   Number         0  stubs.o ABSOLUTE
    _printf_mbtowc                           0x00000000   Number         0  stubs.o ABSOLUTE
    _printf_n                                0x00000000   Number         0  stubs.o ABSOLUTE
    _printf_o                                0x00000000   Number         0  stubs.o ABSOLUTE
    _printf_p                                0x00000000   Number         0  stubs.o ABSOLUTE
    _printf_percent                          0x00000000   Number         0  stubs.o ABSOLUTE
    _printf_pre_padding                      0x00000000   Number         0  stubs.o ABSOLUTE
    _printf_return_value                     0x00000000   Number         0  stubs.o ABSOLUTE
    _printf_s                                0x00000000   Number         0  stubs.o ABSOLUTE
    _printf_sizespec                         0x00000000   Number         0  stubs.o ABSOLUTE
    _printf_str                              0x00000000   Number         0  stubs.o ABSOLUTE
    _printf_truncate_signed                  0x00000000   Number         0  stubs.o ABSOLUTE
    _printf_truncate_unsigned                0x00000000   Number         0  stubs.o ABSOLUTE
    _printf_u                                0x00000000   Number         0  stubs.o ABSOLUTE
    _printf_wc                               0x00000000   Number         0  stubs.o ABSOLUTE
    _printf_wctomb                           0x00000000   Number         0  stubs.o ABSOLUTE
    _printf_widthprec                        0x00000000   Number         0  stubs.o ABSOLUTE
    _printf_x                                0x00000000   Number         0  stubs.o ABSOLUTE
    __cpp_initialize__aeabi_                  - Undefined Weak Reference
    __cxa_finalize                            - Undefined Weak Reference
    _clock_init                               - Undefined Weak Reference
    _microlib_exit                            - Undefined Weak Reference
    __Vectors_Size                           0x000000ec   Number         0  startup_stm32f103xb.o ABSOLUTE
    __Vectors                                0x08000000   Data           4  startup_stm32f103xb.o(RESET)
    __Vectors_End                            0x080000ec   Data           0  startup_stm32f103xb.o(RESET)
    __main                                   0x080000ed   Thumb Code     0  entry.o(.ARM.Collect$$$$00000000)
    _main_stk                                0x080000ed   Thumb Code     0  entry2.o(.ARM.Collect$$$$00000001)
    _main_scatterload                        0x080000f1   Thumb Code     0  entry5.o(.ARM.Collect$$$$00000004)
    __main_after_scatterload                 0x080000f5   Thumb Code     0  entry5.o(.ARM.Collect$$$$00000004)
    _main_clock                              0x080000f5   Thumb Code     0  entry7b.o(.ARM.Collect$$$$00000008)
    _main_cpp_init                           0x080000f5   Thumb Code     0  entry8b.o(.ARM.Collect$$$$0000000A)
    _main_init                               0x080000f5   Thumb Code     0  entry9a.o(.ARM.Collect$$$$0000000B)
    __rt_final_cpp                           0x080000fd   Thumb Code     0  entry10a.o(.ARM.Collect$$$$0000000D)
    __rt_final_exit                          0x080000fd   Thumb Code     0  entry11a.o(.ARM.Collect$$$$0000000F)
    Reset_Handler                            0x08000101   Thumb Code     8  startup_stm32f103xb.o(.text)
    ADC1_2_IRQHandler                        0x0800011b   Thumb Code     0  startup_stm32f103xb.o(.text)
    CAN1_RX1_IRQHandler                      0x0800011b   Thumb Code     0  startup_stm32f103xb.o(.text)
    CAN1_SCE_IRQHandler                      0x0800011b   Thumb Code     0  startup_stm32f103xb.o(.text)
    DMA1_Channel1_IRQHandler                 0x0800011b   Thumb Code     0  startup_stm32f103xb.o(.text)
    DMA1_Channel2_IRQHandler                 0x0800011b   Thumb Code     0  startup_stm32f103xb.o(.text)
    DMA1_Channel3_IRQHandler                 0x0800011b   Thumb Code     0  startup_stm32f103xb.o(.text)
    DMA1_Channel4_IRQHandler                 0x0800011b   Thumb Code     0  startup_stm32f103xb.o(.text)
    DMA1_Channel5_IRQHandler                 0x0800011b   Thumb Code     0  startup_stm32f103xb.o(.text)
    DMA1_Channel6_IRQHandler                 0x0800011b   Thumb Code     0  startup_stm32f103xb.o(.text)
    DMA1_Channel7_IRQHandler                 0x0800011b   Thumb Code     0  startup_stm32f103xb.o(.text)
    EXTI0_IRQHandler                         0x0800011b   Thumb Code     0  startup_stm32f103xb.o(.text)
    EXTI15_10_IRQHandler                     0x0800011b   Thumb Code     0  startup_stm32f103xb.o(.text)
    EXTI1_IRQHandler                         0x0800011b   Thumb Code     0  startup_stm32f103xb.o(.text)
    EXTI2_IRQHandler                         0x0800011b   Thumb Code     0  startup_stm32f103xb.o(.text)
    EXTI3_IRQHandler                         0x0800011b   Thumb Code     0  startup_stm32f103xb.o(.text)
    EXTI4_IRQHandler                         0x0800011b   Thumb Code     0  startup_stm32f103xb.o(.text)
    FLASH_IRQHandler                         0x0800011b   Thumb Code     0  startup_stm32f103xb.o(.text)
    I2C1_ER_IRQHandler                       0x0800011b   Thumb Code     0  startup_stm32f103xb.o(.text)
    I2C1_EV_IRQHandler                       0x0800011b   Thumb Code     0  startup_stm32f103xb.o(.text)
    I2C2_ER_IRQHandler                       0x0800011b   Thumb Code     0  startup_stm32f103xb.o(.text)
    I2C2_EV_IRQHandler                       0x0800011b   Thumb Code     0  startup_stm32f103xb.o(.text)
    PVD_IRQHandler                           0x0800011b   Thumb Code     0  startup_stm32f103xb.o(.text)
    RCC_IRQHandler                           0x0800011b   Thumb Code     0  startup_stm32f103xb.o(.text)
    RTC_Alarm_IRQHandler                     0x0800011b   Thumb Code     0  startup_stm32f103xb.o(.text)
    RTC_IRQHandler                           0x0800011b   Thumb Code     0  startup_stm32f103xb.o(.text)
    SPI1_IRQHandler                          0x0800011b   Thumb Code     0  startup_stm32f103xb.o(.text)
    SPI2_IRQHandler                          0x0800011b   Thumb Code     0  startup_stm32f103xb.o(.text)
    TAMPER_IRQHandler                        0x0800011b   Thumb Code     0  startup_stm32f103xb.o(.text)
    TIM1_BRK_IRQHandler                      0x0800011b   Thumb Code     0  startup_stm32f103xb.o(.text)
    TIM1_CC_IRQHandler                       0x0800011b   Thumb Code     0  startup_stm32f103xb.o(.text)
    TIM1_TRG_COM_IRQHandler                  0x0800011b   Thumb Code     0  startup_stm32f103xb.o(.text)
    TIM1_UP_IRQHandler                       0x0800011b   Thumb Code     0  startup_stm32f103xb.o(.text)
    TIM2_IRQHandler                          0x0800011b   Thumb Code     0  startup_stm32f103xb.o(.text)
    TIM4_IRQHandler                          0x0800011b   Thumb Code     0  startup_stm32f103xb.o(.text)
    USBWakeUp_IRQHandler                     0x0800011b   Thumb Code     0  startup_stm32f103xb.o(.text)
    USB_HP_CAN1_TX_IRQHandler                0x0800011b   Thumb Code     0  startup_stm32f103xb.o(.text)
    USB_LP_CAN1_RX0_IRQHandler               0x0800011b   Thumb Code     0  startup_stm32f103xb.o(.text)
    WWDG_IRQHandler                          0x0800011b   Thumb Code     0  startup_stm32f103xb.o(.text)
    __aeabi_llsr                             0x08000125   Thumb Code    32  llushr.o(.text)
    _ll_ushift_r                             0x08000125   Thumb Code     0  llushr.o(.text)
    __aeabi_memcpy                           0x08000145   Thumb Code    36  memcpya.o(.text)
    __aeabi_memcpy4                          0x08000145   Thumb Code     0  memcpya.o(.text)
    __aeabi_memcpy8                          0x08000145   Thumb Code     0  memcpya.o(.text)
    __aeabi_memset                           0x08000169   Thumb Code    14  memseta.o(.text)
    __aeabi_memset4                          0x08000169   Thumb Code     0  memseta.o(.text)
    __aeabi_memset8                          0x08000169   Thumb Code     0  memseta.o(.text)
    __aeabi_memclr                           0x08000177   Thumb Code     4  memseta.o(.text)
    __aeabi_memclr4                          0x08000177   Thumb Code     0  memseta.o(.text)
    __aeabi_memclr8                          0x08000177   Thumb Code     0  memseta.o(.text)
    _memset$wrapper                          0x0800017b   Thumb Code    18  memseta.o(.text)
    strncpy                                  0x0800018d   Thumb Code    24  strncpy.o(.text)
    strcmp                                   0x080001a5   Thumb Code    28  strcmp.o(.text)
    atoi                                     0x080001c1   Thumb Code    26  atoi.o(.text)
    __aeabi_uldivmod                         0x080001db   Thumb Code    98  uldiv.o(.text)
    strtol                                   0x0800023d   Thumb Code   112  strtol.o(.text)
    __scatterload                            0x080002ad   Thumb Code    28  init.o(.text)
    __scatterload_rt2                        0x080002ad   Thumb Code     0  init.o(.text)
    __aeabi_llsl                             0x080002d1   Thumb Code    30  llshl.o(.text)
    _ll_shift_l                              0x080002d1   Thumb Code     0  llshl.o(.text)
    __rt_ctype_table                         0x080002f1   Thumb Code     4  ctype_o.o(.text)
    _strtoul                                 0x080002f9   Thumb Code   158  _strtoul.o(.text)
    _chval                                   0x08000397   Thumb Code    28  _chval.o(.text)
    __decompress                             0x080003b3   Thumb Code     0  __dczerorl2.o(.text)
    __decompress1                            0x080003b3   Thumb Code    86  __dczerorl2.o(.text)
    AppControlEplosHandle                    0x08000409   Thumb Code   228  main.o(i.AppControlEplosHandle)
    BusFault_Handler                         0x080004f5   Thumb Code     4  stm32f1xx_it.o(i.BusFault_Handler)
    DebugMon_Handler                         0x08000519   Thumb Code     2  stm32f1xx_it.o(i.DebugMon_Handler)
    Delay_us                                 0x0800051d   Thumb Code    16  delay.o(i.Delay_us)
    Drv_CMD_Handler                          0x08000531   Thumb Code    88  drv_serial.o(i.Drv_CMD_Handler)
    Drv_FAN_Init                             0x0800058d   Thumb Code    20  drv_fan.o(i.Drv_FAN_Init)
    Drv_FAN_Proc                             0x080005a9   Thumb Code    42  drv_fan.o(i.Drv_FAN_Proc)
    Drv_MOTOR_Init                           0x08000a59   Thumb Code    56  drv_motor.o(i.Drv_MOTOR_Init)
    Drv_SERIAL_Act                           0x08000a99   Thumb Code    42  drv_serial.o(i.Drv_SERIAL_Act)
    Drv_SERIAL_Init                          0x08000ac5   Thumb Code    18  drv_serial.o(i.Drv_SERIAL_Init)
    Drv_SERIAL_Proc                          0x08000ae1   Thumb Code   154  main.o(i.Drv_SERIAL_Proc)
    Drv_SERIAL_Read_Act                      0x08000ba9   Thumb Code    60  drv_serial.o(i.Drv_SERIAL_Read_Act)
    EPLOS_config                             0x08000c19   Thumb Code    50  eplos.o(i.EPLOS_config)
    EPLOS_scimon                             0x08000c55   Thumb Code    36  eplos.o(i.EPLOS_scimon)
    EXTI9_5_IRQHandler                       0x08000c79   Thumb Code     2  stm32f1xx_it.o(i.EXTI9_5_IRQHandler)
    Error_Handler                            0x08000c7b   Thumb Code     4  main.o(i.Error_Handler)
    HAL_DMA_Abort                            0x08000c7f   Thumb Code    98  stm32f1xx_hal_dma.o(i.HAL_DMA_Abort)
    HAL_DMA_Init                             0x08000ce1   Thumb Code    84  stm32f1xx_hal_dma.o(i.HAL_DMA_Init)
    HAL_DMA_Start_IT                         0x08000d35   Thumb Code   118  stm32f1xx_hal_dma.o(i.HAL_DMA_Start_IT)
    HAL_Delay                                0x08000dab   Thumb Code    26  stm32f1xx_hal.o(i.HAL_Delay)
    HAL_GPIO_Init                            0x08000dc5   Thumb Code   764  stm32f1xx_hal_gpio.o(i.HAL_GPIO_Init)
    HAL_GPIO_ReadPin                         0x080010e1   Thumb Code    16  stm32f1xx_hal_gpio.o(i.HAL_GPIO_ReadPin)
    HAL_GPIO_WritePin                        0x080010f1   Thumb Code    12  stm32f1xx_hal_gpio.o(i.HAL_GPIO_WritePin)
    HAL_GetTick                              0x080010fd   Thumb Code     6  stm32f1xx_hal.o(i.HAL_GetTick)
    HAL_IncTick                              0x08001109   Thumb Code    12  stm32f1xx_hal.o(i.HAL_IncTick)
    HAL_Init                                 0x08001119   Thumb Code    34  stm32f1xx_hal.o(i.HAL_Init)
    HAL_InitTick                             0x08001141   Thumb Code    36  stm32f1xx_hal.o(i.HAL_InitTick)
    HAL_MspInit                              0x08001165   Thumb Code   130  stm32f1xx_hal_msp.o(i.HAL_MspInit)
    HAL_NVIC_EnableIRQ                       0x080011f1   Thumb Code    26  stm32f1xx_hal_cortex.o(i.HAL_NVIC_EnableIRQ)
    HAL_NVIC_SetPriority                     0x0800120b   Thumb Code   124  stm32f1xx_hal_cortex.o(i.HAL_NVIC_SetPriority)
    HAL_NVIC_SetPriorityGrouping             0x08001289   Thumb Code    32  stm32f1xx_hal_cortex.o(i.HAL_NVIC_SetPriorityGrouping)
    HAL_RCC_ClockConfig                      0x080012b1   Thumb Code   648  stm32f1xx_hal_rcc.o(i.HAL_RCC_ClockConfig)
    HAL_RCC_GetHCLKFreq                      0x08001549   Thumb Code     6  stm32f1xx_hal_rcc.o(i.HAL_RCC_GetHCLKFreq)
    HAL_RCC_GetPCLK1Freq                     0x08001555   Thumb Code    36  stm32f1xx_hal_rcc.o(i.HAL_RCC_GetPCLK1Freq)
    HAL_RCC_GetPCLK2Freq                     0x08001581   Thumb Code    36  stm32f1xx_hal_rcc.o(i.HAL_RCC_GetPCLK2Freq)
    HAL_RCC_GetSysClockFreq                  0x080015ad   Thumb Code   146  stm32f1xx_hal_rcc.o(i.HAL_RCC_GetSysClockFreq)
    HAL_RCC_OscConfig                        0x08001661   Thumb Code  2164  stm32f1xx_hal_rcc.o(i.HAL_RCC_OscConfig)
    HAL_SPI_Init                             0x08001ed9   Thumb Code   124  stm32f1xx_hal_spi.o(i.HAL_SPI_Init)
    HAL_SPI_MspInit                          0x08001f55   Thumb Code   120  stm32f1xx_hal_spi.o(i.HAL_SPI_MspInit)
    HAL_SPI_TransmitReceive                  0x08001fdd   Thumb Code   836  stm32f1xx_hal_spi.o(i.HAL_SPI_TransmitReceive)
    HAL_SYSTICK_CLKSourceConfig              0x08002321   Thumb Code    40  stm32f1xx_hal_cortex.o(i.HAL_SYSTICK_CLKSourceConfig)
    HAL_SYSTICK_Config                       0x08002349   Thumb Code    52  stm32f1xx_hal_cortex.o(i.HAL_SYSTICK_Config)
    HAL_TIMEx_BreakCallback                  0x0800237d   Thumb Code     2  stm32f1xx_hal_tim_ex.o(i.HAL_TIMEx_BreakCallback)
    HAL_TIMEx_CommutationCallback            0x0800237f   Thumb Code     2  stm32f1xx_hal_tim_ex.o(i.HAL_TIMEx_CommutationCallback)
    HAL_TIMEx_ConfigBreakDeadTime            0x08002381   Thumb Code    80  stm32f1xx_hal_tim_ex.o(i.HAL_TIMEx_ConfigBreakDeadTime)
    HAL_TIMEx_MasterConfigSynchronization    0x080023d1   Thumb Code    98  stm32f1xx_hal_tim_ex.o(i.HAL_TIMEx_MasterConfigSynchronization)
    HAL_TIM_Base_Init                        0x08002433   Thumb Code    52  stm32f1xx_hal_tim.o(i.HAL_TIM_Base_Init)
    HAL_TIM_Base_MspInit                     0x08002469   Thumb Code    76  stm32f1xx_hal_msp.o(i.HAL_TIM_Base_MspInit)
    HAL_TIM_ConfigClockSource                0x080024bd   Thumb Code   306  stm32f1xx_hal_tim.o(i.HAL_TIM_ConfigClockSource)
    HAL_TIM_IC_CaptureCallback               0x080025ef   Thumb Code    32  drv_ir.o(i.HAL_TIM_IC_CaptureCallback)
    HAL_TIM_IRQHandler                       0x0800260f   Thumb Code   406  stm32f1xx_hal_tim.o(i.HAL_TIM_IRQHandler)
    HAL_TIM_MspPostInit                      0x080027a5   Thumb Code    72  stm32f1xx_hal_msp.o(i.HAL_TIM_MspPostInit)
    HAL_TIM_OC_DelayElapsedCallback          0x080027f5   Thumb Code     2  stm32f1xx_hal_tim.o(i.HAL_TIM_OC_DelayElapsedCallback)
    HAL_TIM_PWM_ConfigChannel                0x080027f7   Thumb Code   264  stm32f1xx_hal_tim.o(i.HAL_TIM_PWM_ConfigChannel)
    HAL_TIM_PWM_Init                         0x080028ff   Thumb Code    52  stm32f1xx_hal_tim.o(i.HAL_TIM_PWM_Init)
    HAL_TIM_PWM_MspInit                      0x08002933   Thumb Code     2  stm32f1xx_hal_tim.o(i.HAL_TIM_PWM_MspInit)
    HAL_TIM_PWM_PulseFinishedCallback        0x08002935   Thumb Code     2  stm32f1xx_hal_tim.o(i.HAL_TIM_PWM_PulseFinishedCallback)
    HAL_TIM_PWM_Start                        0x08002939   Thumb Code    60  stm32f1xx_hal_tim.o(i.HAL_TIM_PWM_Start)
    HAL_TIM_PeriodElapsedCallback            0x08002979   Thumb Code     2  stm32f1xx_hal_tim.o(i.HAL_TIM_PeriodElapsedCallback)
    HAL_TIM_ReadCapturedValue                0x0800297b   Thumb Code    84  stm32f1xx_hal_tim.o(i.HAL_TIM_ReadCapturedValue)
    HAL_TIM_TriggerCallback                  0x080029cf   Thumb Code     2  stm32f1xx_hal_tim.o(i.HAL_TIM_TriggerCallback)
    HAL_UART_DMAStop                         0x080029d1   Thumb Code    46  stm32f1xx_hal_uart.o(i.HAL_UART_DMAStop)
    HAL_UART_ErrorCallback                   0x080029ff   Thumb Code     2  stm32f1xx_hal_uart.o(i.HAL_UART_ErrorCallback)
    HAL_UART_IRQHandler                      0x08002a01   Thumb Code   218  stm32f1xx_hal_uart.o(i.HAL_UART_IRQHandler)
    HAL_UART_Init                            0x08002adb   Thumb Code   110  stm32f1xx_hal_uart.o(i.HAL_UART_Init)
    HAL_UART_MspInit                         0x08002b49   Thumb Code   686  stm32f1xx_hal_msp.o(i.HAL_UART_MspInit)
    HAL_UART_Receive_DMA                     0x08002e2d   Thumb Code   146  stm32f1xx_hal_uart.o(i.HAL_UART_Receive_DMA)
    HAL_UART_RxCpltCallback                  0x08002ecd   Thumb Code     2  stm32f1xx_hal_uart.o(i.HAL_UART_RxCpltCallback)
    HAL_UART_RxHalfCpltCallback              0x08002ecf   Thumb Code     2  stm32f1xx_hal_uart.o(i.HAL_UART_RxHalfCpltCallback)
    HAL_UART_Transmit                        0x08002ed1   Thumb Code   240  stm32f1xx_hal_uart.o(i.HAL_UART_Transmit)
    HAL_UART_TxCpltCallback                  0x08002fc1   Thumb Code     2  stm32f1xx_hal_uart.o(i.HAL_UART_TxCpltCallback)
    HardFault_Handler                        0x08002fc3   Thumb Code     4  stm32f1xx_it.o(i.HardFault_Handler)
    I2CWriteToRegister                       0x08002fc7   Thumb Code    28  eplos.o(i.I2CWriteToRegister)
    IIC_SCL_0                                0x08002fe5   Thumb Code    16  softi2c.o(i.IIC_SCL_0)
    IIC_SCL_1                                0x08002ffd   Thumb Code    16  softi2c.o(i.IIC_SCL_1)
    IIC_SDA_0                                0x08003015   Thumb Code    16  softi2c.o(i.IIC_SDA_0)
    IIC_SDA_1                                0x0800302d   Thumb Code    16  softi2c.o(i.IIC_SDA_1)
    IIC_Send_Byte                            0x08003045   Thumb Code    82  softi2c.o(i.IIC_Send_Byte)
    IIC_Start                                0x08003097   Thumb Code    36  softi2c.o(i.IIC_Start)
    IIC_Stop                                 0x080030bb   Thumb Code    42  softi2c.o(i.IIC_Stop)
    IIC_Wait_Ack                             0x080030e5   Thumb Code    68  softi2c.o(i.IIC_Wait_Ack)
    LED_GPIO_Init                            0x08003129   Thumb Code    38  gpio.o(i.LED_GPIO_Init)
    MX_SPI2_Init                             0x08003271   Thumb Code    62  main.o(i.MX_SPI2_Init)
    MemManage_Handler                        0x08003419   Thumb Code     4  stm32f1xx_it.o(i.MemManage_Handler)
    NMI_Handler                              0x0800341d   Thumb Code     2  stm32f1xx_it.o(i.NMI_Handler)
    OSRAM_GPIO_Init                          0x08003459   Thumb Code   234  gpio.o(i.OSRAM_GPIO_Init)
    OSRAM_I2C_Write                          0x08003555   Thumb Code    72  eplos.o(i.OSRAM_I2C_Write)
    OSRAM_QuadrantConvert                    0x0800359d   Thumb Code   384  eplos.o(i.OSRAM_QuadrantConvert)
    OSRAM_config                             0x0800372d   Thumb Code    46  eplos.o(i.OSRAM_config)
    OSRAM_framRefresh                        0x08003781   Thumb Code   336  eplos.o(i.OSRAM_framRefresh)
    OSRAM_play                               0x080038ed   Thumb Code   292  eplos.o(i.OSRAM_play)
    PendSV_Handler                           0x08003a69   Thumb Code     2  stm32f1xx_it.o(i.PendSV_Handler)
    SDA_IN                                   0x08003a6d   Thumb Code    40  softi2c.o(i.SDA_IN)
    SDA_OUT                                  0x08003aa1   Thumb Code    42  softi2c.o(i.SDA_OUT)
    SDA_READ                                 0x08003ad9   Thumb Code    14  softi2c.o(i.SDA_READ)
    SD_GetCSD                                0x08003af1   Thumb Code    36  spi_sd_driver.o(i.SD_GetCSD)
    SD_GetCapacity                           0x08003b15   Thumb Code   166  spi_sd_driver.o(i.SD_GetCapacity)
    SD_Init                                  0x08003bbd   Thumb Code   512  spi_sd_driver.o(i.SD_Init)
    SD_ReadFilmData                          0x08003e05   Thumb Code   236  programs.o(i.SD_ReadFilmData)
    SD_ReadMultiBlock                        0x08003f55   Thumb Code   114  spi_sd_driver.o(i.SD_ReadMultiBlock)
    SD_ReadPhotoData                         0x08003fd1   Thumb Code   208  programs.o(i.SD_ReadPhotoData)
    SD_ReadSingleBlock                       0x080040fd   Thumb Code    62  spi_sd_driver.o(i.SD_ReadSingleBlock)
    SD_ReceiveData                           0x08004141   Thumb Code   126  spi_sd_driver.o(i.SD_ReceiveData)
    SD_SendCommand                           0x080041c5   Thumb Code   120  spi_sd_driver.o(i.SD_SendCommand)
    SD_SendCommand_NoDeassert                0x08004241   Thumb Code   104  spi_sd_driver.o(i.SD_SendCommand_NoDeassert)
    SD_WaitReady                             0x080042ad   Thumb Code    34  spi_sd_driver.o(i.SD_WaitReady)
    SD_WriteMultiBlock                       0x080042d1   Thumb Code   238  spi_sd_driver.o(i.SD_WriteMultiBlock)
    SD_WriteSingleBlock                      0x080043c9   Thumb Code   210  spi_sd_driver.o(i.SD_WriteSingleBlock)
    SPI_Configuration                        0x080044a5   Thumb Code    38  spi_sd_driver.o(i.SPI_Configuration)
    SPI_GPIO_Hard_Init                       0x080044d5   Thumb Code   110  gpio.o(i.SPI_GPIO_Hard_Init)
    SPI_ReadWriteByte                        0x0800454d   Thumb Code    32  spi_sd_driver.o(i.SPI_ReadWriteByte)
    SPI_SetSpeed                             0x08004571   Thumb Code    86  spi_sd_driver.o(i.SPI_SetSpeed)
    SVC_Handler                              0x080046e5   Thumb Code     2  stm32f1xx_it.o(i.SVC_Handler)
    SysTick_Handler                          0x080046e7   Thumb Code    16  stm32f1xx_it.o(i.SysTick_Handler)
    SystemClock_Config                       0x080046f9   Thumb Code   108  main.o(i.SystemClock_Config)
    SystemInit                               0x08004769   Thumb Code    70  system_stm32f1xx.o(i.SystemInit)
    TIM3_IRQHandler                          0x080047c1   Thumb Code    10  stm32f1xx_it.o(i.TIM3_IRQHandler)
    TIM_Base_SetConfig                       0x080047d1   Thumb Code    94  stm32f1xx_hal_tim.o(i.TIM_Base_SetConfig)
    TIM_CCxChannelCmd                        0x0800483d   Thumb Code    28  stm32f1xx_hal_tim.o(i.TIM_CCxChannelCmd)
    TIM_OC2_SetConfig                        0x080048e9   Thumb Code   106  stm32f1xx_hal_tim.o(i.TIM_OC2_SetConfig)
    TimingDelay_Decrement                    0x08004a6d   Thumb Code    18  delay.o(i.TimingDelay_Decrement)
    USART1_IRQHandler                        0x08004f15   Thumb Code    16  stm32f1xx_it.o(i.USART1_IRQHandler)
    USART2_IRQHandler                        0x08004f29   Thumb Code    16  stm32f1xx_it.o(i.USART2_IRQHandler)
    USART3_IRQHandler                        0x08004f3d   Thumb Code    16  stm32f1xx_it.o(i.USART3_IRQHandler)
    UartDebugControlHandle                   0x08004f51   Thumb Code   260  main.o(i.UartDebugControlHandle)
    UsageFault_Handler                       0x080050bd   Thumb Code     4  stm32f1xx_it.o(i.UsageFault_Handler)
    UsartReceive_IDLE                        0x080050c1   Thumb Code   142  main.o(i.UsartReceive_IDLE)
    __0printf$8                              0x08005169   Thumb Code    22  printf8.o(i.__0printf$8)
    __1printf$8                              0x08005169   Thumb Code     0  printf8.o(i.__0printf$8)
    __2printf                                0x08005169   Thumb Code     0  printf8.o(i.__0printf$8)
    __0sprintf$8                             0x08005189   Thumb Code    34  printf8.o(i.__0sprintf$8)
    __1sprintf$8                             0x08005189   Thumb Code     0  printf8.o(i.__0sprintf$8)
    __2sprintf                               0x08005189   Thumb Code     0  printf8.o(i.__0sprintf$8)
    __aeabi_errno_addr                       0x080051b1   Thumb Code     4  errno.o(i.__aeabi_errno_addr)
    __rt_errno_addr                          0x080051b1   Thumb Code     0  errno.o(i.__aeabi_errno_addr)
    __scatterload_copy                       0x080051b9   Thumb Code    14  handlers.o(i.__scatterload_copy)
    __scatterload_null                       0x080051c7   Thumb Code     2  handlers.o(i.__scatterload_null)
    __scatterload_zeroinit                   0x080051c9   Thumb Code    14  handlers.o(i.__scatterload_zeroinit)
    appInit                                  0x08005645   Thumb Code    52  main.o(i.appInit)
    delay_us                                 0x08005c39   Thumb Code     4  softi2c.o(i.delay_us)
    delayus                                  0x08005c3d   Thumb Code    30  softi2c.o(i.delayus)
    disk_initialize                          0x08005f1d   Thumb Code    28  diskio.o(i.disk_initialize)
    disk_ioctl                               0x08005f39   Thumb Code    96  diskio.o(i.disk_ioctl)
    disk_read                                0x08005f9d   Thumb Code    68  diskio.o(i.disk_read)
    disk_status                              0x08005fe1   Thumb Code    12  diskio.o(i.disk_status)
    disk_write                               0x08005fed   Thumb Code    60  diskio.o(i.disk_write)
    drv_fan_speed                            0x08006029   Thumb Code    20  drv_fan.o(i.drv_fan_speed)
    drv_motor_move_forward                   0x08006145   Thumb Code    64  drv_motor.o(i.drv_motor_move_forward)
    drv_motor_move_reverse                   0x0800618d   Thumb Code    64  drv_motor.o(i.drv_motor_move_reverse)
    f_close                                  0x080061d5   Thumb Code    22  ff.o(i.f_close)
    f_mount                                  0x080061ed   Thumb Code    38  ff.o(i.f_mount)
    f_open                                   0x08006219   Thumb Code   396  ff.o(i.f_open)
    f_read                                   0x080063a5   Thumb Code   434  ff.o(i.f_read)
    f_sync                                   0x08006557   Thumb Code   184  ff.o(i.f_sync)
    fputc                                    0x080066b5   Thumb Code    22  main.o(i.fputc)
    gclk                                     0x080066d1   Thumb Code     2  delay.o(i.gclk)
    get_fattime                              0x080067fd   Thumb Code     4  diskio.o(i.get_fattime)
    i2c_write                                0x08006995   Thumb Code    54  softi2c.o(i.i2c_write)
    i2cmsginfo                               0x080069cb   Thumb Code    58  eplos.o(i.i2cmsginfo)
    main                                     0x08006a05   Thumb Code   184  main.o(i.main)
    oppRFMsgRecvCallBack                     0x08006be5   Thumb Code   384  main.o(i.oppRFMsgRecvCallBack)
    oppRFTaskInit                            0x08006d71   Thumb Code    44  main.o(i.oppRFTaskInit)
    AHBPrescTable                            0x0800706c   Data          16  system_stm32f1xx.o(.constdata)
    APBPrescTable                            0x0800707c   Data           8  system_stm32f1xx.o(.constdata)
    __ctype_table                            0x08007084   Data         129  ctype_o.o(.constdata)
    Region$$Table$$Base                      0x0800710c   Number         0  anon$$obj.o(Region$$Table)
    Region$$Table$$Limit                     0x0800712c   Number         0  anon$$obj.o(Region$$Table)
    SystemCoreClock                          0x20000004   Data           4  system_stm32f1xx.o(.data)
    scenMode                                 0x20000008   Data           1  main.o(.data)
    runFlag                                  0x20000009   Data           1  main.o(.data)
    powerFlag                                0x2000000a   Data           1  main.o(.data)
    fileTotalPhoto                           0x2000000c   Data           2  main.o(.data)
    fileTotalFilm                            0x2000000e   Data           2  main.o(.data)
    filmTotalProgram                         0x20000010   Data           1  main.o(.data)
    single_cmd                               0x20000011   Data           5  main.o(.data)
    actType                                  0x20000016   Data           2  main.o(.data)
    actTime                                  0x20000018   Data           2  main.o(.data)
    usartTxFlag                              0x2000001a   Data           1  main.o(.data)
    gOppRfFlag                               0x2000001b   Data           1  main.o(.data)
    I2C_SDA_PIN                              0x2000001e   Data           2  softi2c.o(.data)
    I2C_SCL_PIN                              0x20000020   Data           2  softi2c.o(.data)
    gclk_pluse                               0x20000028   Data           4  delay.o(.data)
    systime                                  0x20000030   Data           8  eplos.o(.data)
    systime1                                 0x20000038   Data           8  eplos.o(.data)
    currentAdjustment                        0x20000040   Data           1  eplos.o(.data)
    eplosCfgFlag                             0x20000041   Data           1  eplos.o(.data)
    eplosSLPxen                              0x20000042   Data           1  eplos.o(.data)
    displayMatrix0Q                          0x20000043   Data         256  eplos.o(.data)
    displayMatrix1Q                          0x20000143   Data         256  eplos.o(.data)
    displayMatrix2Q                          0x20000243   Data         256  eplos.o(.data)
    displayMatrix3Q                          0x20000343   Data         256  eplos.o(.data)
    photoProgramIdx                          0x2000046c   Data           1  programs.o(.data)
    filmProgramIdx                           0x2000046d   Data           1  programs.o(.data)
    filmFrameIdx                             0x2000046e   Data           1  programs.o(.data)
    programsType                             0x2000046f   Data           1  programs.o(.data)
    __stdout                                 0x20000494   Data           4  stdout.o(.data)
    msgBuf                                   0x2000049c   Data         128  main.o(.bss)
    huart1                                   0x2000051c   Data          64  main.o(.bss)
    huart2                                   0x2000055c   Data          64  main.o(.bss)
    huart3                                   0x2000059c   Data          64  main.o(.bss)
    hdma_usart1_rx                           0x200005dc   Data          56  main.o(.bss)
    hdma_usart2_rx                           0x20000614   Data          56  main.o(.bss)
    hdma_usart3_rx                           0x2000064c   Data          56  main.o(.bss)
    hdma_usart1_tx                           0x20000684   Data          56  main.o(.bss)
    hdma_usart2_tx                           0x200006bc   Data          56  main.o(.bss)
    hdma_usart3_tx                           0x200006f4   Data          56  main.o(.bss)
    UsartType1                               0x2000072c   Data         132  main.o(.bss)
    UsartType2                               0x200007b0   Data         132  main.o(.bss)
    UsartType3                               0x20000834   Data         132  main.o(.bss)
    htim1                                    0x200008b8   Data          60  main.o(.bss)
    htim2                                    0x200008f4   Data          60  main.o(.bss)
    htim3                                    0x20000930   Data          60  main.o(.bss)
    hspi1                                    0x2000096c   Data          88  main.o(.bss)
    hspi2                                    0x200009c4   Data          88  main.o(.bss)
    GPIO_InitStructure                       0x20000a1c   Data          16  softi2c.o(.bss)
    photo_filename                           0x200010a4   Data         256  programs.o(.bss)
    film_filename                            0x200011a4   Data        8192  programs.o(.bss)
    film_foldername                          0x200031a4   Data          64  programs.o(.bss)
    fileBuffer                               0x200031e4   Data        2048  programs.o(.bss)
    osram_buff                               0x200039e4   Data        1024  programs.o(.bss)
    act_cmd                                  0x20003de4   Data         102  drv_serial.o(.bss)
    __initial_sp                             0x20004250   Data           0  startup_stm32f103xb.o(STACK)



==============================================================================

Memory Map of the image

  Image Entry point : 0x080000ed

  Load Region LR_IROM1 (Base: 0x08000000, Size: 0x000075c8, Max: 0x00010000, ABSOLUTE, COMPRESSED[0x00007180])

    Execution Region ER_IROM1 (Exec base: 0x08000000, Load base: 0x08000000, Size: 0x0000712c, Max: 0x00010000, ABSOLUTE)

    Exec Addr    Load Addr    Size         Type   Attr      Idx    E Section Name        Object

    0x08000000   0x08000000   0x000000ec   Data   RO            3    RESET               startup_stm32f103xb.o
    0x080000ec   0x080000ec   0x00000000   Code   RO         4128  * .ARM.Collect$$$$00000000  mc_w.l(entry.o)
    0x080000ec   0x080000ec   0x00000004   Code   RO         4406    .ARM.Collect$$$$00000001  mc_w.l(entry2.o)
    0x080000f0   0x080000f0   0x00000004   Code   RO         4409    .ARM.Collect$$$$00000004  mc_w.l(entry5.o)
    0x080000f4   0x080000f4   0x00000000   Code   RO         4411    .ARM.Collect$$$$00000008  mc_w.l(entry7b.o)
    0x080000f4   0x080000f4   0x00000000   Code   RO         4413    .ARM.Collect$$$$0000000A  mc_w.l(entry8b.o)
    0x080000f4   0x080000f4   0x00000008   Code   RO         4414    .ARM.Collect$$$$0000000B  mc_w.l(entry9a.o)
    0x080000fc   0x080000fc   0x00000000   Code   RO         4416    .ARM.Collect$$$$0000000D  mc_w.l(entry10a.o)
    0x080000fc   0x080000fc   0x00000000   Code   RO         4418    .ARM.Collect$$$$0000000F  mc_w.l(entry11a.o)
    0x080000fc   0x080000fc   0x00000004   Code   RO         4407    .ARM.Collect$$$$00002712  mc_w.l(entry2.o)
    0x08000100   0x08000100   0x00000024   Code   RO            4    .text               startup_stm32f103xb.o
    0x08000124   0x08000124   0x00000020   Code   RO         4131    .text               mc_w.l(llushr.o)
    0x08000144   0x08000144   0x00000024   Code   RO         4133    .text               mc_w.l(memcpya.o)
    0x08000168   0x08000168   0x00000024   Code   RO         4135    .text               mc_w.l(memseta.o)
    0x0800018c   0x0800018c   0x00000018   Code   RO         4137    .text               mc_w.l(strncpy.o)
    0x080001a4   0x080001a4   0x0000001c   Code   RO         4139    .text               mc_w.l(strcmp.o)
    0x080001c0   0x080001c0   0x0000001a   Code   RO         4404    .text               mc_w.l(atoi.o)
    0x080001da   0x080001da   0x00000062   Code   RO         4423    .text               mc_w.l(uldiv.o)
    0x0800023c   0x0800023c   0x00000070   Code   RO         4432    .text               mc_w.l(strtol.o)
    0x080002ac   0x080002ac   0x00000024   Code   RO         4445    .text               mc_w.l(init.o)
    0x080002d0   0x080002d0   0x0000001e   Code   RO         4447    .text               mc_w.l(llshl.o)
    0x080002ee   0x080002ee   0x00000002   PAD
    0x080002f0   0x080002f0   0x00000008   Code   RO         4451    .text               mc_w.l(ctype_o.o)
    0x080002f8   0x080002f8   0x0000009e   Code   RO         4479    .text               mc_w.l(_strtoul.o)
    0x08000396   0x08000396   0x0000001c   Code   RO         4483    .text               mc_w.l(_chval.o)
    0x080003b2   0x080003b2   0x00000056   Code   RO         4493    .text               mc_w.l(__dczerorl2.o)
    0x08000408   0x08000408   0x000000ec   Code   RO         2410    i.AppControlEplosHandle  main.o
    0x080004f4   0x080004f4   0x00000004   Code   RO         2681    i.BusFault_Handler  stm32f1xx_it.o
    0x080004f8   0x080004f8   0x00000020   Code   RO           13    i.DMA_SetConfig     stm32f1xx_hal_dma.o
    0x08000518   0x08000518   0x00000002   Code   RO         2682    i.DebugMon_Handler  stm32f1xx_it.o
    0x0800051a   0x0800051a   0x00000002   PAD
    0x0800051c   0x0800051c   0x00000014   Code   RO         2917    i.Delay_us          delay.o
    0x08000530   0x08000530   0x0000005c   Code   RO         3353    i.Drv_CMD_Handler   drv_serial.o
    0x0800058c   0x0800058c   0x0000001c   Code   RO         3566    i.Drv_FAN_Init      drv_fan.o
    0x080005a8   0x080005a8   0x0000003c   Code   RO         3567    i.Drv_FAN_Proc      drv_fan.o
    0x080005e4   0x080005e4   0x00000028   Code   RO         3354    i.Drv_IR_CMD_Handler  drv_serial.o
    0x0800060c   0x0800060c   0x00000248   Code   RO         3210    i.Drv_IR_MI_Decode  drv_ir.o
    0x08000854   0x08000854   0x000001dc   Code   RO         3211    i.Drv_IR_NEC_Decode  drv_ir.o
    0x08000a30   0x08000a30   0x00000028   Code   RO         3355    i.Drv_MOTOR_CMD_Handler  drv_serial.o
    0x08000a58   0x08000a58   0x00000040   Code   RO         3636    i.Drv_MOTOR_Init    drv_motor.o
    0x08000a98   0x08000a98   0x0000002a   Code   RO         3356    i.Drv_SERIAL_Act    drv_serial.o
    0x08000ac2   0x08000ac2   0x00000002   PAD
    0x08000ac4   0x08000ac4   0x0000001c   Code   RO         3357    i.Drv_SERIAL_Init   drv_serial.o
    0x08000ae0   0x08000ae0   0x000000c8   Code   RO         2411    i.Drv_SERIAL_Proc   main.o
    0x08000ba8   0x08000ba8   0x00000040   Code   RO         3358    i.Drv_SERIAL_Read_Act  drv_serial.o
    0x08000be8   0x08000be8   0x00000030   Code   RO         3359    i.Drv_SERIAL_Write_Act  drv_serial.o
    0x08000c18   0x08000c18   0x0000003c   Code   RO         3065    i.EPLOS_config      eplos.o
    0x08000c54   0x08000c54   0x00000024   Code   RO         3068    i.EPLOS_scimon      eplos.o
    0x08000c78   0x08000c78   0x00000002   Code   RO         2683    i.EXTI9_5_IRQHandler  stm32f1xx_it.o
    0x08000c7a   0x08000c7a   0x00000004   Code   RO         2412    i.Error_Handler     main.o
    0x08000c7e   0x08000c7e   0x00000062   Code   RO           14    i.HAL_DMA_Abort     stm32f1xx_hal_dma.o
    0x08000ce0   0x08000ce0   0x00000054   Code   RO           19    i.HAL_DMA_Init      stm32f1xx_hal_dma.o
    0x08000d34   0x08000d34   0x00000076   Code   RO           22    i.HAL_DMA_Start_IT  stm32f1xx_hal_dma.o
    0x08000daa   0x08000daa   0x0000001a   Code   RO         2001    i.HAL_Delay         stm32f1xx_hal.o
    0x08000dc4   0x08000dc4   0x0000031c   Code   RO         1443    i.HAL_GPIO_Init     stm32f1xx_hal_gpio.o
    0x080010e0   0x080010e0   0x00000010   Code   RO         1445    i.HAL_GPIO_ReadPin  stm32f1xx_hal_gpio.o
    0x080010f0   0x080010f0   0x0000000c   Code   RO         1447    i.HAL_GPIO_WritePin  stm32f1xx_hal_gpio.o
    0x080010fc   0x080010fc   0x0000000c   Code   RO         2005    i.HAL_GetTick       stm32f1xx_hal.o
    0x08001108   0x08001108   0x00000010   Code   RO         2006    i.HAL_IncTick       stm32f1xx_hal.o
    0x08001118   0x08001118   0x00000028   Code   RO         2007    i.HAL_Init          stm32f1xx_hal.o
    0x08001140   0x08001140   0x00000024   Code   RO         2008    i.HAL_InitTick      stm32f1xx_hal.o
    0x08001164   0x08001164   0x0000008c   Code   RO         2620    i.HAL_MspInit       stm32f1xx_hal_msp.o
    0x080011f0   0x080011f0   0x0000001a   Code   RO          183    i.HAL_NVIC_EnableIRQ  stm32f1xx_hal_cortex.o
    0x0800120a   0x0800120a   0x0000007c   Code   RO          189    i.HAL_NVIC_SetPriority  stm32f1xx_hal_cortex.o
    0x08001286   0x08001286   0x00000002   PAD
    0x08001288   0x08001288   0x00000028   Code   RO          190    i.HAL_NVIC_SetPriorityGrouping  stm32f1xx_hal_cortex.o
    0x080012b0   0x080012b0   0x00000298   Code   RO          304    i.HAL_RCC_ClockConfig  stm32f1xx_hal_rcc.o
    0x08001548   0x08001548   0x0000000c   Code   RO          309    i.HAL_RCC_GetHCLKFreq  stm32f1xx_hal_rcc.o
    0x08001554   0x08001554   0x0000002c   Code   RO          311    i.HAL_RCC_GetPCLK1Freq  stm32f1xx_hal_rcc.o
    0x08001580   0x08001580   0x0000002c   Code   RO          312    i.HAL_RCC_GetPCLK2Freq  stm32f1xx_hal_rcc.o
    0x080015ac   0x080015ac   0x000000b4   Code   RO          313    i.HAL_RCC_GetSysClockFreq  stm32f1xx_hal_rcc.o
    0x08001660   0x08001660   0x00000878   Code   RO          316    i.HAL_RCC_OscConfig  stm32f1xx_hal_rcc.o
    0x08001ed8   0x08001ed8   0x0000007c   Code   RO         2136    i.HAL_SPI_Init      stm32f1xx_hal_spi.o
    0x08001f54   0x08001f54   0x00000088   Code   RO         2138    i.HAL_SPI_MspInit   stm32f1xx_hal_spi.o
    0x08001fdc   0x08001fdc   0x00000344   Code   RO         2145    i.HAL_SPI_TransmitReceive  stm32f1xx_hal_spi.o
    0x08002320   0x08002320   0x00000028   Code   RO          192    i.HAL_SYSTICK_CLKSourceConfig  stm32f1xx_hal_cortex.o
    0x08002348   0x08002348   0x00000034   Code   RO          194    i.HAL_SYSTICK_Config  stm32f1xx_hal_cortex.o
    0x0800237c   0x0800237c   0x00000002   Code   RO         1207    i.HAL_TIMEx_BreakCallback  stm32f1xx_hal_tim_ex.o
    0x0800237e   0x0800237e   0x00000002   Code   RO         1208    i.HAL_TIMEx_CommutationCallback  stm32f1xx_hal_tim_ex.o
    0x08002380   0x08002380   0x00000050   Code   RO         1209    i.HAL_TIMEx_ConfigBreakDeadTime  stm32f1xx_hal_tim_ex.o
    0x080023d0   0x080023d0   0x00000062   Code   RO         1224    i.HAL_TIMEx_MasterConfigSynchronization  stm32f1xx_hal_tim_ex.o
    0x08002432   0x08002432   0x00000034   Code   RO          568    i.HAL_TIM_Base_Init  stm32f1xx_hal_tim.o
    0x08002466   0x08002466   0x00000002   PAD
    0x08002468   0x08002468   0x00000054   Code   RO         2621    i.HAL_TIM_Base_MspInit  stm32f1xx_hal_msp.o
    0x080024bc   0x080024bc   0x00000132   Code   RO          577    i.HAL_TIM_ConfigClockSource  stm32f1xx_hal_tim.o
    0x080025ee   0x080025ee   0x00000020   Code   RO         3213    i.HAL_TIM_IC_CaptureCallback  drv_ir.o
    0x0800260e   0x0800260e   0x00000196   Code   RO          610    i.HAL_TIM_IRQHandler  stm32f1xx_hal_tim.o
    0x080027a4   0x080027a4   0x00000050   Code   RO         2624    i.HAL_TIM_MspPostInit  stm32f1xx_hal_msp.o
    0x080027f4   0x080027f4   0x00000002   Code   RO          613    i.HAL_TIM_OC_DelayElapsedCallback  stm32f1xx_hal_tim.o
    0x080027f6   0x080027f6   0x00000108   Code   RO          634    i.HAL_TIM_PWM_ConfigChannel  stm32f1xx_hal_tim.o
    0x080028fe   0x080028fe   0x00000034   Code   RO          637    i.HAL_TIM_PWM_Init  stm32f1xx_hal_tim.o
    0x08002932   0x08002932   0x00000002   Code   RO          639    i.HAL_TIM_PWM_MspInit  stm32f1xx_hal_tim.o
    0x08002934   0x08002934   0x00000002   Code   RO          640    i.HAL_TIM_PWM_PulseFinishedCallback  stm32f1xx_hal_tim.o
    0x08002936   0x08002936   0x00000002   PAD
    0x08002938   0x08002938   0x00000040   Code   RO          641    i.HAL_TIM_PWM_Start  stm32f1xx_hal_tim.o
    0x08002978   0x08002978   0x00000002   Code   RO          647    i.HAL_TIM_PeriodElapsedCallback  stm32f1xx_hal_tim.o
    0x0800297a   0x0800297a   0x00000054   Code   RO          648    i.HAL_TIM_ReadCapturedValue  stm32f1xx_hal_tim.o
    0x080029ce   0x080029ce   0x00000002   Code   RO          651    i.HAL_TIM_TriggerCallback  stm32f1xx_hal_tim.o
    0x080029d0   0x080029d0   0x0000002e   Code   RO         1622    i.HAL_UART_DMAStop  stm32f1xx_hal_uart.o
    0x080029fe   0x080029fe   0x00000002   Code   RO         1624    i.HAL_UART_ErrorCallback  stm32f1xx_hal_uart.o
    0x08002a00   0x08002a00   0x000000da   Code   RO         1627    i.HAL_UART_IRQHandler  stm32f1xx_hal_uart.o
    0x08002ada   0x08002ada   0x0000006e   Code   RO         1628    i.HAL_UART_Init     stm32f1xx_hal_uart.o
    0x08002b48   0x08002b48   0x000002e4   Code   RO         2626    i.HAL_UART_MspInit  stm32f1xx_hal_msp.o
    0x08002e2c   0x08002e2c   0x000000a0   Code   RO         1632    i.HAL_UART_Receive_DMA  stm32f1xx_hal_uart.o
    0x08002ecc   0x08002ecc   0x00000002   Code   RO         1634    i.HAL_UART_RxCpltCallback  stm32f1xx_hal_uart.o
    0x08002ece   0x08002ece   0x00000002   Code   RO         1635    i.HAL_UART_RxHalfCpltCallback  stm32f1xx_hal_uart.o
    0x08002ed0   0x08002ed0   0x000000f0   Code   RO         1636    i.HAL_UART_Transmit  stm32f1xx_hal_uart.o
    0x08002fc0   0x08002fc0   0x00000002   Code   RO         1639    i.HAL_UART_TxCpltCallback  stm32f1xx_hal_uart.o
    0x08002fc2   0x08002fc2   0x00000004   Code   RO         2684    i.HardFault_Handler  stm32f1xx_it.o
    0x08002fc6   0x08002fc6   0x0000001c   Code   RO         3072    i.I2CWriteToRegister  eplos.o
    0x08002fe2   0x08002fe2   0x00000002   PAD
    0x08002fe4   0x08002fe4   0x00000018   Code   RO         2790    i.IIC_SCL_0         softi2c.o
    0x08002ffc   0x08002ffc   0x00000018   Code   RO         2791    i.IIC_SCL_1         softi2c.o
    0x08003014   0x08003014   0x00000018   Code   RO         2792    i.IIC_SDA_0         softi2c.o
    0x0800302c   0x0800302c   0x00000018   Code   RO         2793    i.IIC_SDA_1         softi2c.o
    0x08003044   0x08003044   0x00000052   Code   RO         2794    i.IIC_Send_Byte     softi2c.o
    0x08003096   0x08003096   0x00000024   Code   RO         2795    i.IIC_Start         softi2c.o
    0x080030ba   0x080030ba   0x0000002a   Code   RO         2796    i.IIC_Stop          softi2c.o
    0x080030e4   0x080030e4   0x00000044   Code   RO         2797    i.IIC_Wait_Ack      softi2c.o
    0x08003128   0x08003128   0x0000002c   Code   RO         2992    i.LED_GPIO_Init     gpio.o
    0x08003154   0x08003154   0x00000084   Code   RO         2417    i.MX_DMA_Init       main.o
    0x080031d8   0x080031d8   0x00000098   Code   RO         2418    i.MX_GPIO_Init      main.o
    0x08003270   0x08003270   0x00000048   Code   RO         2420    i.MX_SPI2_Init      main.o
    0x080032b8   0x080032b8   0x000000b8   Code   RO         2421    i.MX_TIM1_Init      main.o
    0x08003370   0x08003370   0x00000038   Code   RO         2424    i.MX_USART1_UART_Init  main.o
    0x080033a8   0x080033a8   0x00000038   Code   RO         2425    i.MX_USART2_UART_Init  main.o
    0x080033e0   0x080033e0   0x00000038   Code   RO         2426    i.MX_USART3_UART_Init  main.o
    0x08003418   0x08003418   0x00000004   Code   RO         2685    i.MemManage_Handler  stm32f1xx_it.o
    0x0800341c   0x0800341c   0x00000002   Code   RO         2686    i.NMI_Handler       stm32f1xx_it.o
    0x0800341e   0x0800341e   0x00000002   PAD
    0x08003420   0x08003420   0x00000010   Code   RO          196    i.NVIC_GetPriorityGrouping  stm32f1xx_hal_cortex.o
    0x08003430   0x08003430   0x00000028   Code   RO          197    i.NVIC_SetPriority  stm32f1xx_hal_cortex.o
    0x08003458   0x08003458   0x000000fc   Code   RO         2995    i.OSRAM_GPIO_Init   gpio.o
    0x08003554   0x08003554   0x00000048   Code   RO         3074    i.OSRAM_I2C_Write   eplos.o
    0x0800359c   0x0800359c   0x00000190   Code   RO         3076    i.OSRAM_QuadrantConvert  eplos.o
    0x0800372c   0x0800372c   0x00000054   Code   RO         3078    i.OSRAM_config      eplos.o
    0x08003780   0x08003780   0x0000016c   Code   RO         3079    i.OSRAM_framRefresh  eplos.o
    0x080038ec   0x080038ec   0x0000017c   Code   RO         3081    i.OSRAM_play        eplos.o
    0x08003a68   0x08003a68   0x00000002   Code   RO         2687    i.PendSV_Handler    stm32f1xx_it.o
    0x08003a6a   0x08003a6a   0x00000002   PAD
    0x08003a6c   0x08003a6c   0x00000034   Code   RO         2798    i.SDA_IN            softi2c.o
    0x08003aa0   0x08003aa0   0x00000038   Code   RO         2799    i.SDA_OUT           softi2c.o
    0x08003ad8   0x08003ad8   0x00000018   Code   RO         2800    i.SDA_READ          softi2c.o
    0x08003af0   0x08003af0   0x00000024   Code   RO         3694    i.SD_GetCSD         spi_sd_driver.o
    0x08003b14   0x08003b14   0x000000a6   Code   RO         3695    i.SD_GetCapacity    spi_sd_driver.o
    0x08003bba   0x08003bba   0x00000002   PAD
    0x08003bbc   0x08003bbc   0x00000248   Code   RO         3696    i.SD_Init           spi_sd_driver.o
    0x08003e04   0x08003e04   0x00000150   Code   RO         3294    i.SD_ReadFilmData   programs.o
    0x08003f54   0x08003f54   0x0000007c   Code   RO         3697    i.SD_ReadMultiBlock  spi_sd_driver.o
    0x08003fd0   0x08003fd0   0x0000012c   Code   RO         3297    i.SD_ReadPhotoData  programs.o
    0x080040fc   0x080040fc   0x00000044   Code   RO         3698    i.SD_ReadSingleBlock  spi_sd_driver.o
    0x08004140   0x08004140   0x00000084   Code   RO         3699    i.SD_ReceiveData    spi_sd_driver.o
    0x080041c4   0x080041c4   0x0000007c   Code   RO         3700    i.SD_SendCommand    spi_sd_driver.o
    0x08004240   0x08004240   0x0000006c   Code   RO         3701    i.SD_SendCommand_NoDeassert  spi_sd_driver.o
    0x080042ac   0x080042ac   0x00000022   Code   RO         3702    i.SD_WaitReady      spi_sd_driver.o
    0x080042ce   0x080042ce   0x00000002   PAD
    0x080042d0   0x080042d0   0x000000f8   Code   RO         3703    i.SD_WriteMultiBlock  spi_sd_driver.o
    0x080043c8   0x080043c8   0x000000dc   Code   RO         3704    i.SD_WriteSingleBlock  spi_sd_driver.o
    0x080044a4   0x080044a4   0x00000030   Code   RO         3705    i.SPI_Configuration  spi_sd_driver.o
    0x080044d4   0x080044d4   0x00000078   Code   RO         2996    i.SPI_GPIO_Hard_Init  gpio.o
    0x0800454c   0x0800454c   0x00000024   Code   RO         3706    i.SPI_ReadWriteByte  spi_sd_driver.o
    0x08004570   0x08004570   0x00000060   Code   RO         3707    i.SPI_SetSpeed      spi_sd_driver.o
    0x080045d0   0x080045d0   0x00000114   Code   RO         2167    i.SPI_WaitOnFlagUntilTimeout  stm32f1xx_hal_spi.o
    0x080046e4   0x080046e4   0x00000002   Code   RO         2688    i.SVC_Handler       stm32f1xx_it.o
    0x080046e6   0x080046e6   0x00000010   Code   RO         2689    i.SysTick_Handler   stm32f1xx_it.o
    0x080046f6   0x080046f6   0x00000002   PAD
    0x080046f8   0x080046f8   0x00000070   Code   RO         2427    i.SystemClock_Config  main.o
    0x08004768   0x08004768   0x00000058   Code   RO         2374    i.SystemInit        system_stm32f1xx.o
    0x080047c0   0x080047c0   0x00000010   Code   RO         2690    i.TIM3_IRQHandler   stm32f1xx_it.o
    0x080047d0   0x080047d0   0x0000006c   Code   RO          652    i.TIM_Base_SetConfig  stm32f1xx_hal_tim.o
    0x0800483c   0x0800483c   0x0000001c   Code   RO          653    i.TIM_CCxChannelCmd  stm32f1xx_hal_tim.o
    0x08004858   0x08004858   0x00000018   Code   RO          659    i.TIM_ETR_SetConfig  stm32f1xx_hal_tim.o
    0x08004870   0x08004870   0x00000014   Code   RO          660    i.TIM_ITRx_SetConfig  stm32f1xx_hal_tim.o
    0x08004884   0x08004884   0x00000064   Code   RO          661    i.TIM_OC1_SetConfig  stm32f1xx_hal_tim.o
    0x080048e8   0x080048e8   0x00000070   Code   RO          662    i.TIM_OC2_SetConfig  stm32f1xx_hal_tim.o
    0x08004958   0x08004958   0x0000006c   Code   RO          663    i.TIM_OC3_SetConfig  stm32f1xx_hal_tim.o
    0x080049c4   0x080049c4   0x00000050   Code   RO          664    i.TIM_OC4_SetConfig  stm32f1xx_hal_tim.o
    0x08004a14   0x08004a14   0x0000002a   Code   RO          666    i.TIM_TI1_ConfigInputStage  stm32f1xx_hal_tim.o
    0x08004a3e   0x08004a3e   0x0000002c   Code   RO          668    i.TIM_TI2_ConfigInputStage  stm32f1xx_hal_tim.o
    0x08004a6a   0x08004a6a   0x00000002   PAD
    0x08004a6c   0x08004a6c   0x00000018   Code   RO         2918    i.TimingDelay_Decrement  delay.o
    0x08004a84   0x08004a84   0x00000022   Code   RO         1641    i.UART_DMAError     stm32f1xx_hal_uart.o
    0x08004aa6   0x08004aa6   0x0000003e   Code   RO         1642    i.UART_DMAReceiveCplt  stm32f1xx_hal_uart.o
    0x08004ae4   0x08004ae4   0x0000000e   Code   RO         1643    i.UART_DMARxHalfCplt  stm32f1xx_hal_uart.o
    0x08004af2   0x08004af2   0x00000030   Code   RO         1646    i.UART_EndTransmit_IT  stm32f1xx_hal_uart.o
    0x08004b22   0x08004b22   0x000000bc   Code   RO         1647    i.UART_Receive_IT   stm32f1xx_hal_uart.o
    0x08004bde   0x08004bde   0x00000002   PAD
    0x08004be0   0x08004be0   0x000001c8   Code   RO         1648    i.UART_SetConfig    stm32f1xx_hal_uart.o
    0x08004da8   0x08004da8   0x00000070   Code   RO         1649    i.UART_Transmit_IT  stm32f1xx_hal_uart.o
    0x08004e18   0x08004e18   0x000000fa   Code   RO         1650    i.UART_WaitOnFlagUntilTimeout  stm32f1xx_hal_uart.o
    0x08004f12   0x08004f12   0x00000002   PAD
    0x08004f14   0x08004f14   0x00000014   Code   RO         2691    i.USART1_IRQHandler  stm32f1xx_it.o
    0x08004f28   0x08004f28   0x00000014   Code   RO         2692    i.USART2_IRQHandler  stm32f1xx_it.o
    0x08004f3c   0x08004f3c   0x00000014   Code   RO         2693    i.USART3_IRQHandler  stm32f1xx_it.o
    0x08004f50   0x08004f50   0x0000016c   Code   RO         2428    i.UartDebugControlHandle  main.o
    0x080050bc   0x080050bc   0x00000004   Code   RO         2694    i.UsageFault_Handler  stm32f1xx_it.o
    0x080050c0   0x080050c0   0x000000a8   Code   RO         2429    i.UsartReceive_IDLE  main.o
    0x08005168   0x08005168   0x00000020   Code   RO         4350    i.__0printf$8       mc_w.l(printf8.o)
    0x08005188   0x08005188   0x00000028   Code   RO         4352    i.__0sprintf$8      mc_w.l(printf8.o)
    0x080051b0   0x080051b0   0x00000008   Code   RO         4425    i.__aeabi_errno_addr  mc_w.l(errno.o)
    0x080051b8   0x080051b8   0x0000000e   Code   RO         4487    i.__scatterload_copy  mc_w.l(handlers.o)
    0x080051c6   0x080051c6   0x00000002   Code   RO         4488    i.__scatterload_null  mc_w.l(handlers.o)
    0x080051c8   0x080051c8   0x0000000e   Code   RO         4489    i.__scatterload_zeroinit  mc_w.l(handlers.o)
    0x080051d6   0x080051d6   0x00000002   PAD
    0x080051d8   0x080051d8   0x00000410   Code   RO         4357    i._printf_core      mc_w.l(printf8.o)
    0x080055e8   0x080055e8   0x00000024   Code   RO         4358    i._printf_post_padding  mc_w.l(printf8.o)
    0x0800560c   0x0800560c   0x0000002e   Code   RO         4359    i._printf_pre_padding  mc_w.l(printf8.o)
    0x0800563a   0x0800563a   0x0000000a   Code   RO         4361    i._sputc            mc_w.l(printf8.o)
    0x08005644   0x08005644   0x00000054   Code   RO         2430    i.appInit           main.o
    0x08005698   0x08005698   0x000002fc   Code   RO         3840    i.auto_mount        ff.o
    0x08005994   0x08005994   0x00000070   Code   RO         3841    i.check_fs          ff.o
    0x08005a04   0x08005a04   0x00000014   Code   RO         3842    i.chk_chr           ff.o
    0x08005a18   0x08005a18   0x0000001a   Code   RO         3843    i.clust2sect        ff.o
    0x08005a32   0x08005a32   0x000000b6   Code   RO         3844    i.create_chain      ff.o
    0x08005ae8   0x08005ae8   0x00000150   Code   RO         3845    i.create_name       ff.o
    0x08005c38   0x08005c38   0x00000004   Code   RO         2801    i.delay_us          softi2c.o
    0x08005c3c   0x08005c3c   0x0000001e   Code   RO         2802    i.delayus           softi2c.o
    0x08005c5a   0x08005c5a   0x00000076   Code   RO         3846    i.dir_find          ff.o
    0x08005cd0   0x08005cd0   0x0000012e   Code   RO         3847    i.dir_next          ff.o
    0x08005dfe   0x08005dfe   0x00000078   Code   RO         3849    i.dir_register      ff.o
    0x08005e76   0x08005e76   0x000000a6   Code   RO         3851    i.dir_seek          ff.o
    0x08005f1c   0x08005f1c   0x0000001c   Code   RO         4077    i.disk_initialize   diskio.o
    0x08005f38   0x08005f38   0x00000064   Code   RO         4078    i.disk_ioctl        diskio.o
    0x08005f9c   0x08005f9c   0x00000044   Code   RO         4079    i.disk_read         diskio.o
    0x08005fe0   0x08005fe0   0x0000000c   Code   RO         4080    i.disk_status       diskio.o
    0x08005fec   0x08005fec   0x0000003c   Code   RO         4081    i.disk_write        diskio.o
    0x08006028   0x08006028   0x00000018   Code   RO         3570    i.drv_fan_speed     drv_fan.o
    0x08006040   0x08006040   0x00000104   Code   RO         3637    i.drv_motor_move_execute  drv_motor.o
    0x08006144   0x08006144   0x00000048   Code   RO         3638    i.drv_motor_move_forward  drv_motor.o
    0x0800618c   0x0800618c   0x00000048   Code   RO         3639    i.drv_motor_move_reverse  drv_motor.o
    0x080061d4   0x080061d4   0x00000016   Code   RO         3853    i.f_close           ff.o
    0x080061ea   0x080061ea   0x00000002   PAD
    0x080061ec   0x080061ec   0x0000002c   Code   RO         3857    i.f_mount           ff.o
    0x08006218   0x08006218   0x0000018c   Code   RO         3858    i.f_open            ff.o
    0x080063a4   0x080063a4   0x000001b2   Code   RO         3860    i.f_read            ff.o
    0x08006556   0x08006556   0x000000b8   Code   RO         3864    i.f_sync            ff.o
    0x0800660e   0x0800660e   0x000000a4   Code   RO         3869    i.follow_path       ff.o
    0x080066b2   0x080066b2   0x00000002   PAD
    0x080066b4   0x080066b4   0x0000001c   Code   RO         2431    i.fputc             main.o
    0x080066d0   0x080066d0   0x00000002   Code   RO         2924    i.gclk              delay.o
    0x080066d2   0x080066d2   0x00000128   Code   RO         3870    i.get_cluster       ff.o
    0x080067fa   0x080067fa   0x00000002   PAD
    0x080067fc   0x080067fc   0x00000008   Code   RO         4082    i.get_fattime       diskio.o
    0x08006804   0x08006804   0x00000190   Code   RO         3360    i.handle_func_MIkeys  drv_serial.o
    0x08006994   0x08006994   0x00000036   Code   RO         2804    i.i2c_write         softi2c.o
    0x080069ca   0x080069ca   0x0000003a   Code   RO         3083    i.i2cmsginfo        eplos.o
    0x08006a04   0x08006a04   0x00000118   Code   RO         2433    i.main              main.o
    0x08006b1c   0x08006b1c   0x00000026   Code   RO         3872    i.mem_cmp           ff.o
    0x08006b42   0x08006b42   0x0000001a   Code   RO         3873    i.mem_cpy           ff.o
    0x08006b5c   0x08006b5c   0x00000014   Code   RO         3874    i.mem_set           ff.o
    0x08006b70   0x08006b70   0x00000072   Code   RO         3875    i.move_window       ff.o
    0x08006be2   0x08006be2   0x00000002   PAD
    0x08006be4   0x08006be4   0x0000018c   Code   RO         2434    i.oppRFMsgRecvCallBack  main.o
    0x08006d70   0x08006d70   0x00000030   Code   RO         2435    i.oppRFTaskInit     main.o
    0x08006da0   0x08006da0   0x00000170   Code   RO         3876    i.put_cluster       ff.o
    0x08006f10   0x08006f10   0x00000068   Code   RO         3877    i.remove_chain      ff.o
    0x08006f78   0x08006f78   0x000000ca   Code   RO         3878    i.sync              ff.o
    0x08007042   0x08007042   0x0000002a   Code   RO         3879    i.validate          ff.o
    0x0800706c   0x0800706c   0x00000018   Data   RO         2375    .constdata          system_stm32f1xx.o
    0x08007084   0x08007084   0x00000081   Data   RO         4452    .constdata          mc_w.l(ctype_o.o)
    0x08007105   0x08007105   0x00000003   PAD
    0x08007108   0x08007108   0x00000004   Data   RO         4453    .constdata          mc_w.l(ctype_o.o)
    0x0800710c   0x0800710c   0x00000020   Data   RO         4485    Region$$Table       anon$$obj.o


    Execution Region RW_IRAM1 (Exec base: 0x20000000, Load base: 0x0800712c, Size: 0x00004250, Max: 0x00005000, ABSOLUTE, COMPRESSED[0x00000054])

    Exec Addr    Load Addr    Size         Type   Attr      Idx    E Section Name        Object

    0x20000000   COMPRESSED   0x00000004   Data   RW         2013    .data               stm32f1xx_hal.o
    0x20000004   COMPRESSED   0x00000004   Data   RW         2376    .data               system_stm32f1xx.o
    0x20000008   COMPRESSED   0x00000016   Data   RW         2437    .data               main.o
    0x2000001e   COMPRESSED   0x00000004   Data   RW         2806    .data               softi2c.o
    0x20000022   COMPRESSED   0x00000002   PAD
    0x20000024   COMPRESSED   0x00000008   Data   RW         2925    .data               delay.o
    0x2000002c   COMPRESSED   0x00000004   PAD
    0x20000030   COMPRESSED   0x00000414   Data   RW         3084    .data               eplos.o
    0x20000444   COMPRESSED   0x00000028   Data   RW         3214    .data               drv_ir.o
    0x2000046c   COMPRESSED   0x00000004   Data   RW         3301    .data               programs.o
    0x20000470   COMPRESSED   0x0000000c   Data   RW         3362    .data               drv_serial.o
    0x2000047c   COMPRESSED   0x00000009   Data   RW         3571    .data               drv_fan.o
    0x20000485   COMPRESSED   0x00000005   Data   RW         3641    .data               drv_motor.o
    0x2000048a   COMPRESSED   0x00000001   Data   RW         3709    .data               spi_sd_driver.o
    0x2000048b   COMPRESSED   0x00000001   PAD
    0x2000048c   COMPRESSED   0x00000006   Data   RW         3880    .data               ff.o
    0x20000492   COMPRESSED   0x00000002   PAD
    0x20000494   COMPRESSED   0x00000004   Data   RW         4420    .data               mc_w.l(stdout.o)
    0x20000498   COMPRESSED   0x00000004   Data   RW         4428    .data               mc_w.l(errno.o)
    0x2000049c        -       0x00000580   Zero   RW         2436    .bss                main.o
    0x20000a1c        -       0x00000010   Zero   RW         2805    .bss                softi2c.o
    0x20000a2c        -       0x000033b8   Zero   RW         3300    .bss                programs.o
    0x20003de4        -       0x00000066   Zero   RW         3361    .bss                drv_serial.o
    0x20003e4a   COMPRESSED   0x00000006   PAD
    0x20003e50        -       0x00000400   Zero   RW            1    STACK               startup_stm32f103xb.o


==============================================================================

Image component sizes


      Code (inc. data)   RO Data    RW Data    ZI Data      Debug   Object Name

        46         10          0          8          0       1691   delay.o
       276          8          0          0          0       4008   diskio.o
       112         30          0          9          0       1458   drv_fan.o
      1092        166          0         40          0       2997   drv_ir.o
       468         40          0          5          0       4019   drv_motor.o
       754         96          0         12        102       5220   drv_serial.o
      1482        180          0       1044          0       6938   eplos.o
      4600         54          0          6          0      19155   ff.o
       416         34          0          0          0       1535   gpio.o
      2628        400          0         22       1408      19085   main.o
       636        192          0          4      13240       2787   programs.o
       544         68          0          4         16       6962   softi2c.o
      2024        146          0          1          0      10639   spi_sd_driver.o
        36          8        236          0       1024        772   startup_stm32f103xb.o
       130         16          0          4          0       3402   stm32f1xx_hal.o
       338         22          0          0          0      26561   stm32f1xx_hal_cortex.o
       332          0          0          0          0     461938   stm32f1xx_hal_dma.o
       824         32          0          0          0       3359   stm32f1xx_hal_gpio.o
      1044         80          0          0          0       3350   stm32f1xx_hal_msp.o
      3112        100          0          0          0       5548   stm32f1xx_hal_rcc.o
      1372         16          0          0          0       4023   stm32f1xx_hal_spi.o
      1904         38          0          0          0      14699   stm32f1xx_hal_tim.o
       182          0          0          0          0       2810   stm32f1xx_hal_tim_ex.o
      1946         20          0          0          0      11486   stm32f1xx_hal_uart.o
       118         18          0          0          0       5665   stm32f1xx_it.o
        88         18         24          4          0       1059   system_stm32f1xx.o

    ----------------------------------------------------------------------
     26540       1792        292       1172      15796     631166   Object Totals
         0          0         32          0          0          0   (incl. Generated)
        36          0          0          9          6          0   (incl. Padding)

    ----------------------------------------------------------------------

      Code (inc. data)   RO Data    RW Data    ZI Data      Debug   Library Member Name

        86          0          0          0          0          0   __dczerorl2.o
        28          0          0          0          0         68   _chval.o
       158          0          0          0          0         92   _strtoul.o
        26          0          0          0          0         80   atoi.o
         8          4        133          0          0         68   ctype_o.o
         0          0          0          0          0          0   entry.o
         0          0          0          0          0          0   entry10a.o
         0          0          0          0          0          0   entry11a.o
         8          4          0          0          0          0   entry2.o
         4          0          0          0          0          0   entry5.o
         0          0          0          0          0          0   entry7b.o
         0          0          0          0          0          0   entry8b.o
         8          4          0          0          0          0   entry9a.o
         8          4          0          4          0         68   errno.o
        30          0          0          0          0          0   handlers.o
        36          8          0          0          0         68   init.o
        30          0          0          0          0         68   llshl.o
        32          0          0          0          0         68   llushr.o
        36          0          0          0          0         68   memcpya.o
        36          0          0          0          0        108   memseta.o
      1204         60          0          0          0        504   printf8.o
         0          0          0          4          0          0   stdout.o
        28          0          0          0          0         76   strcmp.o
        24          0          0          0          0         76   strncpy.o
       112          0          0          0          0         88   strtol.o
        98          0          0          0          0         92   uldiv.o

    ----------------------------------------------------------------------
      2004         84        136          8          0       1592   Library Totals
         4          0          3          0          0          0   (incl. Padding)

    ----------------------------------------------------------------------

      Code (inc. data)   RO Data    RW Data    ZI Data      Debug   Library Name

      2000         84        133          8          0       1592   mc_w.l

    ----------------------------------------------------------------------
      2004         84        136          8          0       1592   Library Totals

    ----------------------------------------------------------------------

==============================================================================


      Code (inc. data)   RO Data    RW Data    ZI Data      Debug   

     28544       1876        428       1180      15796     621862   Grand Totals
     28544       1876        428         84      15796     621862   ELF Image Totals (compressed)
     28544       1876        428         84          0          0   ROM Totals

==============================================================================

    Total RO  Size (Code + RO Data)                28972 (  28.29kB)
    Total RW  Size (RW Data + ZI Data)             16976 (  16.58kB)
    Total ROM Size (Code + RO Data + RW Data)      29056 (  28.38kB)

==============================================================================

