Component: ARM Compiler 5.06 update 5 (build 528) Tool: armlink [4d35e2]

==============================================================================

Section Cross References

    startup_stm32f103xb.o(RESET) refers to startup_stm32f103xb.o(STACK) for __initial_sp
    startup_stm32f103xb.o(RESET) refers to startup_stm32f103xb.o(.text) for Reset_Handler
    startup_stm32f103xb.o(RESET) refers to stm32f1xx_it.o(i.NMI_Handler) for NMI_Handler
    startup_stm32f103xb.o(RESET) refers to stm32f1xx_it.o(i.HardFault_Handler) for HardFault_Handler
    startup_stm32f103xb.o(RESET) refers to stm32f1xx_it.o(i.MemManage_Handler) for MemManage_Handler
    startup_stm32f103xb.o(RESET) refers to stm32f1xx_it.o(i.BusFault_Handler) for BusFault_Handler
    startup_stm32f103xb.o(RESET) refers to stm32f1xx_it.o(i.UsageFault_Handler) for UsageFault_Handler
    startup_stm32f103xb.o(RESET) refers to stm32f1xx_it.o(i.SVC_Handler) for SVC_Handler
    startup_stm32f103xb.o(RESET) refers to stm32f1xx_it.o(i.DebugMon_Handler) for DebugMon_Handler
    startup_stm32f103xb.o(RESET) refers to stm32f1xx_it.o(i.PendSV_Handler) for PendSV_Handler
    startup_stm32f103xb.o(RESET) refers to stm32f1xx_it.o(i.SysTick_Handler) for SysTick_Handler
    startup_stm32f103xb.o(RESET) refers to stm32f1xx_it.o(i.EXTI9_5_IRQHandler) for EXTI9_5_IRQHandler
    startup_stm32f103xb.o(RESET) refers to stm32f1xx_it.o(i.TIM3_IRQHandler) for TIM3_IRQHandler
    startup_stm32f103xb.o(RESET) refers to stm32f1xx_it.o(i.USART1_IRQHandler) for USART1_IRQHandler
    startup_stm32f103xb.o(RESET) refers to stm32f1xx_it.o(i.USART2_IRQHandler) for USART2_IRQHandler
    startup_stm32f103xb.o(RESET) refers to stm32f1xx_it.o(i.USART3_IRQHandler) for USART3_IRQHandler
    startup_stm32f103xb.o(.text) refers to system_stm32f1xx.o(i.SystemInit) for SystemInit
    startup_stm32f103xb.o(.text) refers to entry.o(.ARM.Collect$$$$00000000) for __main
    stm32f1xx_hal_dma.o(i.HAL_DMA_Abort) refers to stm32f1xx_hal.o(i.HAL_GetTick) for HAL_GetTick
    stm32f1xx_hal_dma.o(i.HAL_DMA_PollForTransfer) refers to stm32f1xx_hal.o(i.HAL_GetTick) for HAL_GetTick
    stm32f1xx_hal_dma.o(i.HAL_DMA_Start) refers to stm32f1xx_hal_dma.o(i.DMA_SetConfig) for DMA_SetConfig
    stm32f1xx_hal_dma.o(i.HAL_DMA_Start_IT) refers to stm32f1xx_hal_dma.o(i.DMA_SetConfig) for DMA_SetConfig
    stm32f1xx_hal_cortex.o(i.HAL_NVIC_GetPriorityGrouping) refers to stm32f1xx_hal_cortex.o(i.NVIC_GetPriorityGrouping) for NVIC_GetPriorityGrouping
    stm32f1xx_hal_cortex.o(i.HAL_NVIC_SetPriority) refers to stm32f1xx_hal_cortex.o(i.NVIC_GetPriorityGrouping) for NVIC_GetPriorityGrouping
    stm32f1xx_hal_cortex.o(i.HAL_NVIC_SetPriority) refers to stm32f1xx_hal_cortex.o(i.NVIC_SetPriority) for NVIC_SetPriority
    stm32f1xx_hal_cortex.o(i.HAL_SYSTICK_Config) refers to stm32f1xx_hal_cortex.o(i.NVIC_SetPriority) for NVIC_SetPriority
    stm32f1xx_hal_cortex.o(i.HAL_SYSTICK_IRQHandler) refers to stm32f1xx_hal_cortex.o(i.HAL_SYSTICK_Callback) for HAL_SYSTICK_Callback
    stm32f1xx_hal_rcc.o(i.HAL_RCC_ClockConfig) refers to stm32f1xx_hal.o(i.HAL_GetTick) for HAL_GetTick
    stm32f1xx_hal_rcc.o(i.HAL_RCC_ClockConfig) refers to stm32f1xx_hal_rcc.o(i.HAL_RCC_GetSysClockFreq) for HAL_RCC_GetSysClockFreq
    stm32f1xx_hal_rcc.o(i.HAL_RCC_ClockConfig) refers to stm32f1xx_hal.o(i.HAL_InitTick) for HAL_InitTick
    stm32f1xx_hal_rcc.o(i.HAL_RCC_ClockConfig) refers to system_stm32f1xx.o(.constdata) for AHBPrescTable
    stm32f1xx_hal_rcc.o(i.HAL_RCC_ClockConfig) refers to system_stm32f1xx.o(.data) for SystemCoreClock
    stm32f1xx_hal_rcc.o(i.HAL_RCC_DeInit) refers to system_stm32f1xx.o(.data) for SystemCoreClock
    stm32f1xx_hal_rcc.o(i.HAL_RCC_GetHCLKFreq) refers to system_stm32f1xx.o(.data) for SystemCoreClock
    stm32f1xx_hal_rcc.o(i.HAL_RCC_GetPCLK1Freq) refers to stm32f1xx_hal_rcc.o(i.HAL_RCC_GetHCLKFreq) for HAL_RCC_GetHCLKFreq
    stm32f1xx_hal_rcc.o(i.HAL_RCC_GetPCLK1Freq) refers to system_stm32f1xx.o(.constdata) for APBPrescTable
    stm32f1xx_hal_rcc.o(i.HAL_RCC_GetPCLK2Freq) refers to stm32f1xx_hal_rcc.o(i.HAL_RCC_GetHCLKFreq) for HAL_RCC_GetHCLKFreq
    stm32f1xx_hal_rcc.o(i.HAL_RCC_GetPCLK2Freq) refers to system_stm32f1xx.o(.constdata) for APBPrescTable
    stm32f1xx_hal_rcc.o(i.HAL_RCC_MCOConfig) refers to stm32f1xx_hal_gpio.o(i.HAL_GPIO_Init) for HAL_GPIO_Init
    stm32f1xx_hal_rcc.o(i.HAL_RCC_NMI_IRQHandler) refers to stm32f1xx_hal_rcc.o(i.HAL_RCC_CSSCallback) for HAL_RCC_CSSCallback
    stm32f1xx_hal_rcc.o(i.HAL_RCC_OscConfig) refers to stm32f1xx_hal.o(i.HAL_GetTick) for HAL_GetTick
    stm32f1xx_hal_rcc.o(i.HAL_RCC_OscConfig) refers to stm32f1xx_hal.o(i.HAL_Delay) for HAL_Delay
    stm32f1xx_hal_rcc_ex.o(i.HAL_RCCEx_GetPeriphCLKFreq) refers to stm32f1xx_hal_rcc.o(i.HAL_RCC_GetPCLK2Freq) for HAL_RCC_GetPCLK2Freq
    stm32f1xx_hal_rcc_ex.o(i.HAL_RCCEx_PeriphCLKConfig) refers to stm32f1xx_hal.o(i.HAL_GetTick) for HAL_GetTick
[...]
    i.delayns_900                            0x08006c10   Section        0  delay.o(i.delayns_900)
    i.dir_find                               0x08006c6e   Section        0  ff.o(i.dir_find)
    dir_find                                 0x08006c6f   Thumb Code   118  ff.o(i.dir_find)
    i.dir_next                               0x08006ce4   Section        0  ff.o(i.dir_next)
    dir_next                                 0x08006ce5   Thumb Code   302  ff.o(i.dir_next)
    i.dir_read                               0x08006e12   Section        0  ff.o(i.dir_read)
    dir_read                                 0x08006e13   Thumb Code    96  ff.o(i.dir_read)
    i.dir_register                           0x08006e72   Section        0  ff.o(i.dir_register)
    dir_register                             0x08006e73   Thumb Code   120  ff.o(i.dir_register)
    i.dir_seek                               0x08006eea   Section        0  ff.o(i.dir_seek)
    dir_seek                                 0x08006eeb   Thumb Code   166  ff.o(i.dir_seek)
    i.disk_initialize                        0x08006f90   Section        0  diskio.o(i.disk_initialize)
    i.disk_ioctl                             0x08006fac   Section        0  diskio.o(i.disk_ioctl)
    i.disk_read                              0x08007010   Section        0  diskio.o(i.disk_read)
    i.disk_status                            0x08007054   Section        0  diskio.o(i.disk_status)
    i.disk_write                             0x08007060   Section        0  diskio.o(i.disk_write)
    i.drv_pwm_off                            0x0800709c   Section        0  drv_fan.o(i.drv_pwm_off)
    i.drv_pwm_on                             0x080070d4   Section        0  drv_fan.o(i.drv_pwm_on)
    i.drv_pwm_speed                          0x08007120   Section        0  drv_fan.o(i.drv_pwm_speed)
    i.drv_pwm_speed_stepdown                 0x08007158   Section        0  drv_fan.o(i.drv_pwm_speed_stepdown)
    i.drv_pwm_speed_stepup                   0x080071ac   Section        0  drv_fan.o(i.drv_pwm_speed_stepup)
    i.f_close                                0x080071f8   Section        0  ff.o(i.f_close)
    i.f_lseek                                0x0800720e   Section        0  ff.o(i.f_lseek)
    i.f_mount                                0x080073d4   Section        0  ff.o(i.f_mount)
    i.f_open                                 0x08007400   Section        0  ff.o(i.f_open)
    i.f_opendir                              0x0800758c   Section        0  ff.o(i.f_opendir)
    i.f_read                                 0x0800760c   Section        0  ff.o(i.f_read)
    i.f_readdir                              0x080077be   Section        0  ff.o(i.f_readdir)
    i.f_sync                                 0x08007816   Section        0  ff.o(i.f_sync)
    i.follow_path                            0x080078ce   Section        0  ff.o(i.follow_path)
    follow_path                              0x080078cf   Thumb Code   164  ff.o(i.follow_path)
    i.fputc                                  0x08007974   Section        0  main.o(i.fputc)
    i.gclk                                   0x08007990   Section        0  delay.o(i.gclk)
    i.get_cluster                            0x08007992   Section        0  ff.o(i.get_cluster)
    get_cluster                              0x08007993   Thumb Code   296  ff.o(i.get_cluster)
    i.get_fattime                            0x08007abc   Section        0  diskio.o(i.get_fattime)
    i.get_fileinfo                           0x08007ac4   Section        0  ff.o(i.get_fileinfo)
    get_fileinfo                             0x08007ac5   Thumb Code   188  ff.o(i.get_fileinfo)
    i.handle_func_MIkeys                     0x08007b80   Section        0  drv_serial.o(i.handle_func_MIkeys)
    handle_func_MIkeys                       0x08007b81   Thumb Code   520  drv_serial.o(i.handle_func_MIkeys)
    i.main                                   0x08007dd8   Section        0  main.o(i.main)
    i.mem_cmp                                0x08007f0c   Section        0  ff.o(i.mem_cmp)
    mem_cmp                                  0x08007f0d   Thumb Code    38  ff.o(i.mem_cmp)
    i.mem_cpy                                0x08007f32   Section        0  ff.o(i.mem_cpy)
    mem_cpy                                  0x08007f33   Thumb Code    26  ff.o(i.mem_cpy)
    i.mem_set                                0x08007f4c   Section        0  ff.o(i.mem_set)
    mem_set                                  0x08007f4d   Thumb Code    20  ff.o(i.mem_set)
    i.move_window                            0x08007f60   Section        0  ff.o(i.move_window)
    move_window                              0x08007f61   Thumb Code   114  ff.o(i.move_window)
    i.oppColorRGBtoRGBPWM                    0x08007fd4   Section        0  ws2801.o(i.oppColorRGBtoRGBPWM)
    i.oppRFMsgRecvCallBack                   0x08008598   Section        0  main.o(i.oppRFMsgRecvCallBack)
    i.oppRFMsgSendProc                       0x080087d8   Section        0  main.o(i.oppRFMsgSendProc)
    i.oppRFTaskInit                          0x080089c8   Section        0  main.o(i.oppRFTaskInit)
    i.pow                                    0x080089f8   Section        0  pow.o(i.pow)
    i.put_cluster                            0x080093d0   Section        0  ff.o(i.put_cluster)
    put_cluster                              0x080093d1   Thumb Code   368  ff.o(i.put_cluster)
    i.remove_chain                           0x08009540   Section        0  ff.o(i.remove_chain)
    remove_chain                             0x08009541   Thumb Code   104  ff.o(i.remove_chain)
    i.sqrt                                   0x080095a8   Section        0  sqrt.o(i.sqrt)
    i.stringcopy                             0x080095f4   Section        0  spi_sd_driver.o(i.stringcopy)
    i.sync                                   0x0800960e   Section        0  ff.o(i.sync)
    sync                                     0x0800960f   Thumb Code   202  ff.o(i.sync)
    i.validate                               0x080096d8   Section        0  ff.o(i.validate)
    validate                                 0x080096d9   Thumb Code    42  ff.o(i.validate)
    .constdata                               0x08009702   Section       24  system_stm32f1xx.o(.constdata)
    .constdata                               0x0800971c   Section      156  ws2801.o(.constdata)
    .constdata                               0x080097b8   Section      136  pow.o(.constdata)
    bp                                       0x080097b8   Data          16  pow.o(.constdata)
    dp_h                                     0x080097c8   Data          16  pow.o(.constdata)
    dp_l                                     0x080097d8   Data          16  pow.o(.constdata)
    L                                        0x080097e8   Data          48  pow.o(.constdata)
    P                                        0x08009818   Data          40  pow.o(.constdata)
    .constdata                               0x08009840   Section        8  qnan.o(.constdata)
    .constdata                               0x08009848   Section      129  ctype_o.o(.constdata)
    .constdata                               0x080098cc   Section        4  ctype_o.o(.constdata)
    table                                    0x080098cc   Data           4  ctype_o.o(.constdata)
    .data                                    0x20000000   Section        4  stm32f1xx_hal.o(.data)
    uwTick                                   0x20000000   Data           4  stm32f1xx_hal.o(.data)
    .data                                    0x20000004   Section        4  system_stm32f1xx.o(.data)
    .data                                    0x20000008   Section       40  main.o(.data)
    totalLen                                 0x20000026   Data           2  main.o(.data)
    msgLen                                   0x20000028   Data           1  main.o(.data)
    sdIndex                                  0x20000029   Data           1  main.o(.data)
    lastSendTick                             0x2000002c   Data           4  main.o(.data)
    .data                                    0x20000030   Section        8  delay.o(.data)
    TimingDelay                              0x20000030   Data           4  delay.o(.data)
    .data                                    0x20000038   Section       40  drv_ir.o(.data)
    IR_data16L                               0x20000038   Data           2  drv_ir.o(.data)
    IR_data16H                               0x2000003a   Data           2  drv_ir.o(.data)
    IR_index                                 0x2000003c   Data           1  drv_ir.o(.data)
    IR_repeat                                0x2000003d   Data           1  drv_ir.o(.data)
    IR_code                                  0x2000003e   Data           2  drv_ir.o(.data)
    IR_captured                              0x20000040   Data           4  drv_ir.o(.data)
    IR_data                                  0x20000044   Data           4  drv_ir.o(.data)
    IR_data_repeat                           0x20000048   Data           4  drv_ir.o(.data)
    IR_index                                 0x2000004c   Data           1  drv_ir.o(.data)
    IR_repeat                                0x2000004d   Data           1  drv_ir.o(.data)
    IR_valid                                 0x2000004e   Data           1  drv_ir.o(.data)
    IR_code                                  0x20000050   Data           2  drv_ir.o(.data)
    IR_captured                              0x20000054   Data           4  drv_ir.o(.data)
    IR_data                                  0x20000058   Data           4  drv_ir.o(.data)
    IR_start                                 0x2000005c   Data           4  drv_ir.o(.data)
    .data                                    0x20000060   Section        9  programs.o(.data)
    fileOffset                               0x20000060   Data           4  programs.o(.data)
    .data                                    0x2000006c   Section       12  drv_serial.o(.data)
    tickstart                                0x2000006c   Data           4  drv_serial.o(.data)
    cmd_tbl                                  0x20000070   Data           8  drv_serial.o(.data)
    .data                                    0x20000078   Section      143  ws2801.o(.data)
    systime                                  0x20000080   Data           8  ws2801.o(.data)
    GRB                                      0x20000088   Data         120  ws2801.o(.data)
    rcolor                                   0x20000100   Data           1  ws2801.o(.data)
    gcolor                                   0x20000101   Data           1  ws2801.o(.data)
    bcolor                                   0x20000102   Data           1  ws2801.o(.data)
    rgbsw                                    0x20000103   Data           1  ws2801.o(.data)
    calc                                     0x20000104   Data           1  ws2801.o(.data)
    calc                                     0x20000105   Data           1  ws2801.o(.data)
    RGB_white_firsttime_flag                 0x20000106   Data           1  ws2801.o(.data)
    .data                                    0x20000108   Section        9  drv_fan.o(.data)
    tickstart                                0x20000108   Data           4  drv_fan.o(.data)
    tickexpire                               0x2000010c   Data           4  drv_fan.o(.data)
    turn_off                                 0x20000110   Data           1  drv_fan.o(.data)
    .data                                    0x20000111   Section        1  spi_sd_driver.o(.data)
    SD_Type                                  0x20000111   Data           1  spi_sd_driver.o(.data)
    .data                                    0x20000114   Section        6  ff.o(.data)
    FatFs                                    0x20000114   Data           4  ff.o(.data)
    Fsid                                     0x20000118   Data           2  ff.o(.data)
    .data                                    0x2000011c   Section        4  stdout.o(.data)
    .data                                    0x20000120   Section        4  errno.o(.data)
    _errno                                   0x20000120   Data           4  errno.o(.data)
    .bss                                     0x20000124   Section     1540  main.o(.bss)
    .bss                                     0x20000728   Section     8248  programs.o(.bss)
    fs                                       0x20000728   Data         560  programs.o(.bss)
    fsrc                                     0x20000958   Data         548  programs.o(.bss)
    fdst                                     0x20000b7c   Data         548  programs.o(.bss)
    .bss                                     0x20002760   Section      102  drv_serial.o(.bss)
    .bss                                     0x200027c6   Section      186  ws2801.o(.bss)
    buff_G                                   0x200027c6   Data          32  ws2801.o(.bss)
    buff_R                                   0x200027e6   Data          32  ws2801.o(.bss)
    buff_B                                   0x20002806   Data          32  ws2801.o(.bss)
    buff_G                                   0x20002826   Data          30  ws2801.o(.bss)
    buff_R                                   0x20002844   Data          30  ws2801.o(.bss)
    buff_B                                   0x20002862   Data          30  ws2801.o(.bss)
    STACK                                    0x20002880   Section     1024  startup_stm32f103xb.o(STACK)

    Global Symbols

    Symbol Name                              Value     Ov Type        Size  Object(Section)

    BuildAttributes$$THM_ISAv4$P$D$K$B$S$PE$A:L22UL41UL21$X:L11$S22US41US21$IEEE1$IW$USESV6$~STKCKD$USESV7$~SHL$OTIME$ROPI$IEEEX$EBA8$MICROLIB$REQ8$PRES8$EABIv2 0x00000000   Number         0  anon$$obj.o ABSOLUTE
    __ARM_use_no_argv                        0x00000000   Number         0  main.o ABSOLUTE
    _printf_a                                0x00000000   Number         0  stubs.o ABSOLUTE
    _printf_c                                0x00000000   Number         0  stubs.o ABSOLUTE
    _printf_charcount                        0x00000000   Number         0  stubs.o ABSOLUTE
    _printf_d                                0x00000000   Number         0  stubs.o ABSOLUTE
    _printf_e                                0x00000000   Number         0  stubs.o ABSOLUTE
    _printf_f                                0x00000000   Number         0  stubs.o ABSOLUTE
    _printf_flags                            0x00000000   Number         0  stubs.o ABSOLUTE
    _printf_fp_dec                           0x00000000   Number         0  stubs.o ABSOLUTE
    _printf_fp_hex                           0x00000000   Number         0  stubs.o ABSOLUTE
    _printf_g                                0x00000000   Number         0  stubs.o ABSOLUTE
    _printf_i                                0x00000000   Number         0  stubs.o ABSOLUTE
    _printf_int_dec                          0x00000000   Number         0  stubs.o ABSOLUTE
    _printf_l                                0x00000000   Number         0  stubs.o ABSOLUTE
    _printf_lc                               0x00000000   Number         0  stubs.o ABSOLUTE
    _printf_ll                               0x00000000   Number         0  stubs.o ABSOLUTE
    _printf_lld                              0x00000000   Number         0  stubs.o ABSOLUTE
    _printf_lli                              0x00000000   Number         0  stubs.o ABSOLUTE
    _printf_llo                              0x00000000   Number         0  stubs.o ABSOLUTE
    _printf_llu                              0x00000000   Number         0  stubs.o ABSOLUTE
    _printf_llx                              0x00000000   Number         0  stubs.o ABSOLUTE
    _printf_longlong_dec                     0x00000000   Number         0  stubs.o ABSOLUTE
    _printf_longlong_hex                     0x00000000   Number         0  stubs.o ABSOLUTE
    _printf_longlong_oct                     0x00000000   Number         0  stubs.o ABSOLUTE
    _printf_ls                               0x00000000   Number         0  stubs.o ABSOLUTE
    _printf_mbtowc                           0x00000000   Number         0  stubs.o ABSOLUTE
    _printf_n                                0x00000000   Number         0  stubs.o ABSOLUTE
    _printf_o                                0x00000000   Number         0  stubs.o ABSOLUTE
    _printf_p                                0x00000000   Number         0  stubs.o ABSOLUTE
    _printf_percent                          0x00000000   Number         0  stubs.o ABSOLUTE
    _printf_pre_padding                      0x00000000   Number         0  stubs.o ABSOLUTE
    _printf_return_value                     0x00000000   Number         0  stubs.o ABSOLUTE
    _printf_s                                0x00000000   Number         0  stubs.o ABSOLUTE
    _printf_sizespec                         0x00000000   Number         0  stubs.o ABSOLUTE
    _printf_str                              0x00000000   Number         0  stubs.o ABSOLUTE
    _printf_truncate_signed                  0x00000000   Number         0  stubs.o ABSOLUTE
    _printf_truncate_unsigned                0x00000000   Number         0  stubs.o ABSOLUTE
    _printf_u                                0x00000000   Number         0  stubs.o ABSOLUTE
    _printf_wc                               0x00000000   Number         0  stubs.o ABSOLUTE
    _printf_wctomb                           0x00000000   Number         0  stubs.o ABSOLUTE
    _printf_widthprec                        0x00000000   Number         0  stubs.o ABSOLUTE
    _printf_x                                0x00000000   Number         0  stubs.o ABSOLUTE
    __cpp_initialize__aeabi_                  - Undefined Weak Reference
    __cxa_finalize                            - Undefined Weak Reference
    __decompress                              - Undefined Weak Reference
    _clock_init                               - Undefined Weak Reference
    _microlib_exit                            - Undefined Weak Reference
    __Vectors_Size                           0x000000ec   Number         0  startup_stm32f103xb.o ABSOLUTE
    __Vectors                                0x08000000   Data           4  startup_stm32f103xb.o(RESET)
    __Vectors_End                            0x080000ec   Data           0  startup_stm32f103xb.o(RESET)
    __main                                   0x080000ed   Thumb Code     0  entry.o(.ARM.Collect$$$$00000000)
    _main_stk                                0x080000ed   Thumb Code     0  entry2.o(.ARM.Collect$$$$00000001)
    _main_scatterload                        0x080000f1   Thumb Code     0  entry5.o(.ARM.Collect$$$$00000004)
    __main_after_scatterload                 0x080000f5   Thumb Code     0  entry5.o(.ARM.Collect$$$$00000004)
    _main_clock                              0x080000f5   Thumb Code     0  entry7b.o(.ARM.Collect$$$$00000008)
    _main_cpp_init                           0x080000f5   Thumb Code     0  entry8b.o(.ARM.Collect$$$$0000000A)
    _main_init                               0x080000f5   Thumb Code     0  entry9a.o(.ARM.Collect$$$$0000000B)
    __rt_final_cpp                           0x080000fd   Thumb Code     0  entry10a.o(.ARM.Collect$$$$0000000D)
    __rt_final_exit                          0x080000fd   Thumb Code     0  entry11a.o(.ARM.Collect$$$$0000000F)
    Reset_Handler                            0x08000101   Thumb Code     8  startup_stm32f103xb.o(.text)
    ADC1_2_IRQHandler                        0x0800011b   Thumb Code     0  startup_stm32f103xb.o(.text)
    CAN1_RX1_IRQHandler                      0x0800011b   Thumb Code     0  startup_stm32f103xb.o(.text)
    CAN1_SCE_IRQHandler                      0x0800011b   Thumb Code     0  startup_stm32f103xb.o(.text)
    DMA1_Channel1_IRQHandler                 0x0800011b   Thumb Code     0  startup_stm32f103xb.o(.text)
    DMA1_Channel2_IRQHandler                 0x0800011b   Thumb Code     0  startup_stm32f103xb.o(.text)
    DMA1_Channel3_IRQHandler                 0x0800011b   Thumb Code     0  startup_stm32f103xb.o(.text)
    DMA1_Channel4_IRQHandler                 0x0800011b   Thumb Code     0  startup_stm32f103xb.o(.text)
    DMA1_Channel5_IRQHandler                 0x0800011b   Thumb Code     0  startup_stm32f103xb.o(.text)
    DMA1_Channel6_IRQHandler                 0x0800011b   Thumb Code     0  startup_stm32f103xb.o(.text)
    DMA1_Channel7_IRQHandler                 0x0800011b   Thumb Code     0  startup_stm32f103xb.o(.text)
    EXTI0_IRQHandler                         0x0800011b   Thumb Code     0  startup_stm32f103xb.o(.text)
    EXTI15_10_IRQHandler                     0x0800011b   Thumb Code     0  startup_stm32f103xb.o(.text)
    EXTI1_IRQHandler                         0x0800011b   Thumb Code     0  startup_stm32f103xb.o(.text)
    EXTI2_IRQHandler                         0x0800011b   Thumb Code     0  startup_stm32f103xb.o(.text)
    EXTI3_IRQHandler                         0x0800011b   Thumb Code     0  startup_stm32f103xb.o(.text)
    EXTI4_IRQHandler                         0x0800011b   Thumb Code     0  startup_stm32f103xb.o(.text)
    FLASH_IRQHandler                         0x0800011b   Thumb Code     0  startup_stm32f103xb.o(.text)
    I2C1_ER_IRQHandler                       0x0800011b   Thumb Code     0  startup_stm32f103xb.o(.text)
    I2C1_EV_IRQHandler                       0x0800011b   Thumb Code     0  startup_stm32f103xb.o(.text)
    I2C2_ER_IRQHandler                       0x0800011b   Thumb Code     0  startup_stm32f103xb.o(.text)
    I2C2_EV_IRQHandler                       0x0800011b   Thumb Code     0  startup_stm32f103xb.o(.text)
    PVD_IRQHandler                           0x0800011b   Thumb Code     0  startup_stm32f103xb.o(.text)
    RCC_IRQHandler                           0x0800011b   Thumb Code     0  startup_stm32f103xb.o(.text)
    RTC_Alarm_IRQHandler                     0x0800011b   Thumb Code     0  startup_stm32f103xb.o(.text)
    RTC_IRQHandler                           0x0800011b   Thumb Code     0  startup_stm32f103xb.o(.text)
    SPI1_IRQHandler                          0x0800011b   Thumb Code     0  startup_stm32f103xb.o(.text)
    SPI2_IRQHandler                          0x0800011b   Thumb Code     0  startup_stm32f103xb.o(.text)
    TAMPER_IRQHandler                        0x0800011b   Thumb Code     0  startup_stm32f103xb.o(.text)
    TIM1_BRK_IRQHandler                      0x0800011b   Thumb Code     0  startup_stm32f103xb.o(.text)
    TIM1_CC_IRQHandler                       0x0800011b   Thumb Code     0  startup_stm32f103xb.o(.text)
    TIM1_TRG_COM_IRQHandler                  0x0800011b   Thumb Code     0  startup_stm32f103xb.o(.text)
    TIM1_UP_IRQHandler                       0x0800011b   Thumb Code     0  startup_stm32f103xb.o(.text)
    TIM2_IRQHandler                          0x0800011b   Thumb Code     0  startup_stm32f103xb.o(.text)
    TIM4_IRQHandler                          0x0800011b   Thumb Code     0  startup_stm32f103xb.o(.text)
    USBWakeUp_IRQHandler                     0x0800011b   Thumb Code     0  startup_stm32f103xb.o(.text)
    USB_HP_CAN1_TX_IRQHandler                0x0800011b   Thumb Code     0  startup_stm32f103xb.o(.text)
    USB_LP_CAN1_RX0_IRQHandler               0x0800011b   Thumb Code     0  startup_stm32f103xb.o(.text)
    WWDG_IRQHandler                          0x0800011b   Thumb Code     0  startup_stm32f103xb.o(.text)
    __aeabi_uldivmod                         0x08000125   Thumb Code    98  uldiv.o(.text)
    __aeabi_llsr                             0x08000187   Thumb Code    32  llushr.o(.text)
    _ll_ushift_r                             0x08000187   Thumb Code     0  llushr.o(.text)
    __aeabi_memcpy                           0x080001a7   Thumb Code    36  memcpya.o(.text)
    __aeabi_memcpy4                          0x080001a7   Thumb Code     0  memcpya.o(.text)
    __aeabi_memcpy8                          0x080001a7   Thumb Code     0  memcpya.o(.text)
    __aeabi_memset                           0x080001cb   Thumb Code    14  memseta.o(.text)
    __aeabi_memset4                          0x080001cb   Thumb Code     0  memseta.o(.text)
    __aeabi_memset8                          0x080001cb   Thumb Code     0  memseta.o(.text)
    __aeabi_memclr                           0x080001d9   Thumb Code     4  memseta.o(.text)
    __aeabi_memclr4                          0x080001d9   Thumb Code     0  memseta.o(.text)
    __aeabi_memclr8                          0x080001d9   Thumb Code     0  memseta.o(.text)
    _memset$wrapper                          0x080001dd   Thumb Code    18  memseta.o(.text)
    strncpy                                  0x080001ef   Thumb Code    24  strncpy.o(.text)
    strcmp                                   0x08000207   Thumb Code    28  strcmp.o(.text)
    atoi                                     0x08000223   Thumb Code    26  atoi.o(.text)
    __aeabi_fadd                             0x0800023d   Thumb Code   164  fadd.o(.text)
    __aeabi_fsub                             0x080002e1   Thumb Code     6  fadd.o(.text)
    __aeabi_frsub                            0x080002e7   Thumb Code     6  fadd.o(.text)
    __aeabi_fmul                             0x080002ed   Thumb Code   100  fmul.o(.text)
    __aeabi_fdiv                             0x08000351   Thumb Code   124  fdiv.o(.text)
    __aeabi_dadd                             0x080003cd   Thumb Code   322  dadd.o(.text)
    __aeabi_dsub                             0x0800050f   Thumb Code     6  dadd.o(.text)
    __aeabi_drsub                            0x08000515   Thumb Code     6  dadd.o(.text)
    __aeabi_dmul                             0x0800051b   Thumb Code   228  dmul.o(.text)
    __aeabi_ddiv                             0x080005ff   Thumb Code   222  ddiv.o(.text)
    __aeabi_ui2f                             0x080006dd   Thumb Code    10  ffltui.o(.text)
    __aeabi_ui2d                             0x080006e7   Thumb Code    26  dfltui.o(.text)
    __aeabi_d2uiz                            0x08000701   Thumb Code    50  dfixui.o(.text)
    __aeabi_f2d                              0x08000733   Thumb Code    38  f2d.o(.text)
    __aeabi_cdcmpeq                          0x08000759   Thumb Code     0  cdcmple.o(.text)
    __aeabi_cdcmple                          0x08000759   Thumb Code    48  cdcmple.o(.text)
    __aeabi_cdrcmple                         0x08000789   Thumb Code    48  cdrcmple.o(.text)
    __aeabi_d2f                              0x080007b9   Thumb Code    56  d2f.o(.text)
    __aeabi_cfrcmple                         0x080007f1   Thumb Code    20  cfrcmple.o(.text)
    __aeabi_llsl                             0x08000805   Thumb Code    30  llshl.o(.text)
    _ll_shift_l                              0x08000805   Thumb Code     0  llshl.o(.text)
    __aeabi_lasr                             0x08000823   Thumb Code    36  llsshr.o(.text)
    _ll_sshift_r                             0x08000823   Thumb Code     0  llsshr.o(.text)
    strtol                                   0x08000847   Thumb Code   112  strtol.o(.text)
    __I$use$fp                               0x080008b7   Thumb Code     0  iusefp.o(.text)
    _float_round                             0x080008b7   Thumb Code    18  fepilogue.o(.text)
    _float_epilogue                          0x080008c9   Thumb Code    92  fepilogue.o(.text)
    _double_round                            0x08000925   Thumb Code    30  depilogue.o(.text)
    _double_epilogue                         0x08000943   Thumb Code   156  depilogue.o(.text)
    __ARM_scalbn                             0x080009df   Thumb Code    46  dscalb.o(.text)
    scalbn                                   0x080009df   Thumb Code     0  dscalb.o(.text)
    __aeabi_i2d                              0x08000a0d   Thumb Code    34  dflti.o(.text)
    __scatterload                            0x08000a31   Thumb Code    28  init.o(.text)
    __scatterload_rt2                        0x08000a31   Thumb Code     0  init.o(.text)
    __rt_ctype_table                         0x08000a55   Thumb Code     4  ctype_o.o(.text)
    _strtoul                                 0x08000a5d   Thumb Code   158  _strtoul.o(.text)
    _dsqrt                                   0x08000afb   Thumb Code   162  dsqrt.o(.text)
    _chval                                   0x08000b9d   Thumb Code    28  _chval.o(.text)
    AppControlCubeHandle                     0x08000bb9   Thumb Code   320  main.o(i.AppControlCubeHandle)
    BusFault_Handler                         0x08000d01   Thumb Code     4  stm32f1xx_it.o(i.BusFault_Handler)
    DebugMon_Handler                         0x08000d25   Thumb Code     2  stm32f1xx_it.o(i.DebugMon_Handler)
    Delay_us                                 0x08000d29   Thumb Code    16  delay.o(i.Delay_us)
    Drv_CMD_Handler                          0x08000d3d   Thumb Code    88  drv_serial.o(i.Drv_CMD_Handler)
    Drv_PWM_Init                             0x080011fd   Thumb Code    28  drv_fan.o(i.Drv_PWM_Init)
    Drv_PWM_Proc                             0x08001221   Thumb Code    66  drv_fan.o(i.Drv_PWM_Proc)
    Drv_SERIAL_Act                           0x08001279   Thumb Code    42  drv_serial.o(i.Drv_SERIAL_Act)
    Drv_SERIAL_Init                          0x080012a5   Thumb Code    18  drv_serial.o(i.Drv_SERIAL_Init)
    Drv_SERIAL_Proc                          0x080012c1   Thumb Code   102  main.o(i.Drv_SERIAL_Proc)
    Drv_SERIAL_Read_Act                      0x08001339   Thumb Code    60  drv_serial.o(i.Drv_SERIAL_Read_Act)
    EXTI9_5_IRQHandler                       0x080013a9   Thumb Code     2  stm32f1xx_it.o(i.EXTI9_5_IRQHandler)
    Error_Handler                            0x080013ab   Thumb Code     4  main.o(i.Error_Handler)
    HAL_DMA_Abort                            0x080013af   Thumb Code    98  stm32f1xx_hal_dma.o(i.HAL_DMA_Abort)
    HAL_DMA_Init                             0x08001411   Thumb Code    84  stm32f1xx_hal_dma.o(i.HAL_DMA_Init)
    HAL_DMA_Start_IT                         0x08001465   Thumb Code   118  stm32f1xx_hal_dma.o(i.HAL_DMA_Start_IT)
    HAL_Delay                                0x080014db   Thumb Code    26  stm32f1xx_hal.o(i.HAL_Delay)
    HAL_GPIO_Init                            0x080014f5   Thumb Code   764  stm32f1xx_hal_gpio.o(i.HAL_GPIO_Init)
    HAL_GPIO_ReadPin                         0x08001811   Thumb Code    16  stm32f1xx_hal_gpio.o(i.HAL_GPIO_ReadPin)
    HAL_GPIO_WritePin                        0x08001821   Thumb Code    12  stm32f1xx_hal_gpio.o(i.HAL_GPIO_WritePin)
    HAL_GetTick                              0x0800182d   Thumb Code     6  stm32f1xx_hal.o(i.HAL_GetTick)
    HAL_IncTick                              0x08001839   Thumb Code    12  stm32f1xx_hal.o(i.HAL_IncTick)
    HAL_Init                                 0x08001849   Thumb Code    34  stm32f1xx_hal.o(i.HAL_Init)
    HAL_InitTick                             0x08001871   Thumb Code    36  stm32f1xx_hal.o(i.HAL_InitTick)
    HAL_MspInit                              0x08001895   Thumb Code   156  stm32f1xx_hal_msp.o(i.HAL_MspInit)
    HAL_NVIC_EnableIRQ                       0x08001939   Thumb Code    26  stm32f1xx_hal_cortex.o(i.HAL_NVIC_EnableIRQ)
    HAL_NVIC_SetPriority                     0x08001953   Thumb Code   124  stm32f1xx_hal_cortex.o(i.HAL_NVIC_SetPriority)
    HAL_NVIC_SetPriorityGrouping             0x080019d1   Thumb Code    32  stm32f1xx_hal_cortex.o(i.HAL_NVIC_SetPriorityGrouping)
    HAL_RCC_ClockConfig                      0x080019f9   Thumb Code   648  stm32f1xx_hal_rcc.o(i.HAL_RCC_ClockConfig)
    HAL_RCC_GetHCLKFreq                      0x08001c91   Thumb Code     6  stm32f1xx_hal_rcc.o(i.HAL_RCC_GetHCLKFreq)
    HAL_RCC_GetPCLK1Freq                     0x08001c9d   Thumb Code    36  stm32f1xx_hal_rcc.o(i.HAL_RCC_GetPCLK1Freq)
    HAL_RCC_GetPCLK2Freq                     0x08001cc9   Thumb Code    36  stm32f1xx_hal_rcc.o(i.HAL_RCC_GetPCLK2Freq)
    HAL_RCC_GetSysClockFreq                  0x08001cf5   Thumb Code   146  stm32f1xx_hal_rcc.o(i.HAL_RCC_GetSysClockFreq)
    HAL_RCC_OscConfig                        0x08001dad   Thumb Code  2164  stm32f1xx_hal_rcc.o(i.HAL_RCC_OscConfig)
    HAL_SPI_Init                             0x08002625   Thumb Code   124  stm32f1xx_hal_spi.o(i.HAL_SPI_Init)
    HAL_SPI_MspInit                          0x080026a1   Thumb Code   120  stm32f1xx_hal_spi.o(i.HAL_SPI_MspInit)
    HAL_SPI_TransmitReceive                  0x08002729   Thumb Code   836  stm32f1xx_hal_spi.o(i.HAL_SPI_TransmitReceive)
    HAL_SYSTICK_CLKSourceConfig              0x08002a6d   Thumb Code    40  stm32f1xx_hal_cortex.o(i.HAL_SYSTICK_CLKSourceConfig)
    HAL_SYSTICK_Config                       0x08002a95   Thumb Code    52  stm32f1xx_hal_cortex.o(i.HAL_SYSTICK_Config)
    HAL_TIMEx_BreakCallback                  0x08002ac9   Thumb Code     2  stm32f1xx_hal_tim_ex.o(i.HAL_TIMEx_BreakCallback)
    HAL_TIMEx_CommutationCallback            0x08002acb   Thumb Code     2  stm32f1xx_hal_tim_ex.o(i.HAL_TIMEx_CommutationCallback)
    HAL_TIMEx_ConfigBreakDeadTime            0x08002acd   Thumb Code    80  stm32f1xx_hal_tim_ex.o(i.HAL_TIMEx_ConfigBreakDeadTime)
    HAL_TIMEx_MasterConfigSynchronization    0x08002b1d   Thumb Code    98  stm32f1xx_hal_tim_ex.o(i.HAL_TIMEx_MasterConfigSynchronization)
    HAL_TIM_Base_Init                        0x08002b7f   Thumb Code    52  stm32f1xx_hal_tim.o(i.HAL_TIM_Base_Init)
    HAL_TIM_Base_MspInit                     0x08002bb5   Thumb Code   112  stm32f1xx_hal_msp.o(i.HAL_TIM_Base_MspInit)
    HAL_TIM_ConfigClockSource                0x08002c31   Thumb Code   306  stm32f1xx_hal_tim.o(i.HAL_TIM_ConfigClockSource)
    HAL_TIM_IC_CaptureCallback               0x08002d63   Thumb Code    32  drv_ir.o(i.HAL_TIM_IC_CaptureCallback)
    HAL_TIM_IRQHandler                       0x08002d83   Thumb Code   406  stm32f1xx_hal_tim.o(i.HAL_TIM_IRQHandler)
    HAL_TIM_MspPostInit                      0x08002f19   Thumb Code   106  stm32f1xx_hal_msp.o(i.HAL_TIM_MspPostInit)
    HAL_TIM_OC_DelayElapsedCallback          0x08002f91   Thumb Code     2  stm32f1xx_hal_tim.o(i.HAL_TIM_OC_DelayElapsedCallback)
    HAL_TIM_PWM_ConfigChannel                0x08002f93   Thumb Code   264  stm32f1xx_hal_tim.o(i.HAL_TIM_PWM_ConfigChannel)
    HAL_TIM_PWM_Init                         0x0800309b   Thumb Code    52  stm32f1xx_hal_tim.o(i.HAL_TIM_PWM_Init)
    HAL_TIM_PWM_MspInit                      0x080030cf   Thumb Code     2  stm32f1xx_hal_tim.o(i.HAL_TIM_PWM_MspInit)
    HAL_TIM_PWM_PulseFinishedCallback        0x080030d1   Thumb Code     2  stm32f1xx_hal_tim.o(i.HAL_TIM_PWM_PulseFinishedCallback)
    HAL_TIM_PWM_Start                        0x080030d5   Thumb Code    60  stm32f1xx_hal_tim.o(i.HAL_TIM_PWM_Start)
    HAL_TIM_PeriodElapsedCallback            0x08003115   Thumb Code     2  stm32f1xx_hal_tim.o(i.HAL_TIM_PeriodElapsedCallback)
    HAL_TIM_ReadCapturedValue                0x08003117   Thumb Code    84  stm32f1xx_hal_tim.o(i.HAL_TIM_ReadCapturedValue)
    HAL_TIM_TriggerCallback                  0x0800316b   Thumb Code     2  stm32f1xx_hal_tim.o(i.HAL_TIM_TriggerCallback)
    HAL_UART_DMAStop                         0x0800316d   Thumb Code    46  stm32f1xx_hal_uart.o(i.HAL_UART_DMAStop)
    HAL_UART_ErrorCallback                   0x0800319b   Thumb Code     2  stm32f1xx_hal_uart.o(i.HAL_UART_ErrorCallback)
    HAL_UART_IRQHandler                      0x0800319d   Thumb Code   218  stm32f1xx_hal_uart.o(i.HAL_UART_IRQHandler)
    HAL_UART_Init                            0x08003277   Thumb Code   110  stm32f1xx_hal_uart.o(i.HAL_UART_Init)
    HAL_UART_MspInit                         0x080032e5   Thumb Code   686  stm32f1xx_hal_msp.o(i.HAL_UART_MspInit)
    HAL_UART_Receive_DMA                     0x080035c9   Thumb Code   146  stm32f1xx_hal_uart.o(i.HAL_UART_Receive_DMA)
    HAL_UART_RxCpltCallback                  0x08003669   Thumb Code     2  stm32f1xx_hal_uart.o(i.HAL_UART_RxCpltCallback)
    HAL_UART_RxHalfCpltCallback              0x0800366b   Thumb Code     2  stm32f1xx_hal_uart.o(i.HAL_UART_RxHalfCpltCallback)
    HAL_UART_Transmit                        0x0800366d   Thumb Code   240  stm32f1xx_hal_uart.o(i.HAL_UART_Transmit)
    HAL_UART_TxCpltCallback                  0x0800375d   Thumb Code     2  stm32f1xx_hal_uart.o(i.HAL_UART_TxCpltCallback)
    HardFault_Handler                        0x0800375f   Thumb Code     4  stm32f1xx_it.o(i.HardFault_Handler)
    LED_GPIO_Init                            0x08003765   Thumb Code    42  gpio.o(i.LED_GPIO_Init)
    MX_SPI2_Init                             0x080038a5   Thumb Code    62  main.o(i.MX_SPI2_Init)
    MemManage_Handler                        0x08003a25   Thumb Code     4  stm32f1xx_it.o(i.MemManage_Handler)
    NMI_Handler                              0x08003a29   Thumb Code     2  stm32f1xx_it.o(i.NMI_Handler)
    PendSV_Handler                           0x08003a65   Thumb Code     2  stm32f1xx_it.o(i.PendSV_Handler)
    SD_GetCSD                                0x08003a67   Thumb Code    36  spi_sd_driver.o(i.SD_GetCSD)
    SD_GetCapacity                           0x08003a8b   Thumb Code   166  spi_sd_driver.o(i.SD_GetCapacity)
    SD_Init                                  0x08003b31   Thumb Code   512  spi_sd_driver.o(i.SD_Init)
    SD_OpenFilmData                          0x08003d79   Thumb Code   140  programs.o(i.SD_OpenFilmData)
    SD_ReadFilmData                          0x08003e51   Thumb Code   234  programs.o(i.SD_ReadFilmData)
    SD_ReadFilmFileList                      0x08003fa1   Thumb Code   224  programs.o(i.SD_ReadFilmFileList)
    SD_ReadFilmFolderList                    0x080040e5   Thumb Code   134  programs.o(i.SD_ReadFilmFolderList)
    SD_ReadMultiBlock                        0x080041b5   Thumb Code   114  spi_sd_driver.o(i.SD_ReadMultiBlock)
    SD_ReadPhotoData                         0x08004231   Thumb Code   184  programs.o(i.SD_ReadPhotoData)
    SD_ReadPhotoFileList                     0x08004335   Thumb Code   128  programs.o(i.SD_ReadPhotoFileList)
    SD_ReadSingleBlock                       0x08004405   Thumb Code    62  spi_sd_driver.o(i.SD_ReadSingleBlock)
    SD_ReceiveData                           0x08004449   Thumb Code   126  spi_sd_driver.o(i.SD_ReceiveData)
    SD_SendCommand                           0x080044cd   Thumb Code   120  spi_sd_driver.o(i.SD_SendCommand)
    SD_SendCommand_NoDeassert                0x08004549   Thumb Code   104  spi_sd_driver.o(i.SD_SendCommand_NoDeassert)
    SD_WaitReady                             0x080045b5   Thumb Code    34  spi_sd_driver.o(i.SD_WaitReady)
    SD_WriteMultiBlock                       0x080045d9   Thumb Code   238  spi_sd_driver.o(i.SD_WriteMultiBlock)
    SD_WriteSingleBlock                      0x080046d1   Thumb Code   210  spi_sd_driver.o(i.SD_WriteSingleBlock)
    SPI_Configuration                        0x080047ad   Thumb Code    38  spi_sd_driver.o(i.SPI_Configuration)
    SPI_GPIO_Hard_Init                       0x080047dd   Thumb Code   110  gpio.o(i.SPI_GPIO_Hard_Init)
    SPI_ReadWriteByte                        0x08004855   Thumb Code    32  spi_sd_driver.o(i.SPI_ReadWriteByte)
    SPI_SetSpeed                             0x08004879   Thumb Code    86  spi_sd_driver.o(i.SPI_SetSpeed)
    SVC_Handler                              0x080049ed   Thumb Code     2  stm32f1xx_it.o(i.SVC_Handler)
    ScenceCycle                              0x080049f1   Thumb Code   160  ws2801.o(i.ScenceCycle)
    ScenceGradualChange                      0x08004ab1   Thumb Code   702  ws2801.o(i.ScenceGradualChange)
    ScenceLayering                           0x08004d91   Thumb Code   232  ws2801.o(i.ScenceLayering)
    ScenceRainbow                            0x08004e99   Thumb Code    86  ws2801.o(i.ScenceRainbow)
    ScenceSection                            0x08004f0d   Thumb Code   142  ws2801.o(i.ScenceSection)
    ScenceWaving                             0x08004fb5   Thumb Code   112  ws2801.o(i.ScenceWaving)
    Send_2811_totalPixels1                   0x08005039   Thumb Code    68  ws2801.o(i.Send_2811_totalPixels1)
    Send_2811_totalPixels2                   0x08005089   Thumb Code    80  ws2801.o(i.Send_2811_totalPixels2)
    Send_8bits1                              0x080050e5   Thumb Code    84  ws2801.o(i.Send_8bits1)
    Send_8bits2                              0x0800513d   Thumb Code    84  ws2801.o(i.Send_8bits2)
    SysTick_Handler                          0x08005195   Thumb Code    16  stm32f1xx_it.o(i.SysTick_Handler)
    SystemClock_Config                       0x080051a5   Thumb Code   132  main.o(i.SystemClock_Config)
    SystemInit                               0x0800522d   Thumb Code    70  system_stm32f1xx.o(i.SystemInit)
    TIM3_IRQHandler                          0x08005285   Thumb Code    10  stm32f1xx_it.o(i.TIM3_IRQHandler)
    TIM_Base_SetConfig                       0x08005295   Thumb Code    94  stm32f1xx_hal_tim.o(i.TIM_Base_SetConfig)
    TIM_CCxChannelCmd                        0x08005301   Thumb Code    28  stm32f1xx_hal_tim.o(i.TIM_CCxChannelCmd)
    TIM_OC2_SetConfig                        0x080053ad   Thumb Code   106  stm32f1xx_hal_tim.o(i.TIM_OC2_SetConfig)
    TimingDelay_Decrement                    0x08005531   Thumb Code    18  delay.o(i.TimingDelay_Decrement)
    USART1_IRQHandler                        0x080059d9   Thumb Code    16  stm32f1xx_it.o(i.USART1_IRQHandler)
    USART2_IRQHandler                        0x080059ed   Thumb Code    16  stm32f1xx_it.o(i.USART2_IRQHandler)
    USART3_IRQHandler                        0x08005a01   Thumb Code    16  stm32f1xx_it.o(i.USART3_IRQHandler)
    UartDebugControlHandle                   0x08005a15   Thumb Code   296  main.o(i.UartDebugControlHandle)
    UsageFault_Handler                       0x08005b9d   Thumb Code     4  stm32f1xx_it.o(i.UsageFault_Handler)
    UsartReceive_IDLE                        0x08005ba1   Thumb Code   142  main.o(i.UsartReceive_IDLE)
    WS2801_GPIO_Init                         0x08005c49   Thumb Code    38  gpio.o(i.WS2801_GPIO_Init)
    WS2801_framRefresh                       0x08005c75   Thumb Code    12  ws2801.o(i.WS2801_framRefresh)
    WS2801_play                              0x08005c81   Thumb Code   256  ws2801.o(i.WS2801_play)
    WS2801_softScen                          0x08005ded   Thumb Code   208  ws2801.o(i.WS2801_softScen)
    __0printf$8                              0x08005ecd   Thumb Code    22  printf8.o(i.__0printf$8)
    __1printf$8                              0x08005ecd   Thumb Code     0  printf8.o(i.__0printf$8)
    __2printf                                0x08005ecd   Thumb Code     0  printf8.o(i.__0printf$8)
    __0sprintf$8                             0x08005eed   Thumb Code    34  printf8.o(i.__0sprintf$8)
    __1sprintf$8                             0x08005eed   Thumb Code     0  printf8.o(i.__0sprintf$8)
    __2sprintf                               0x08005eed   Thumb Code     0  printf8.o(i.__0sprintf$8)
    __ARM_fpclassify                         0x08005f15   Thumb Code    40  fpclassify.o(i.__ARM_fpclassify)
    __aeabi_errno_addr                       0x08005f3d   Thumb Code     4  errno.o(i.__aeabi_errno_addr)
    __rt_errno_addr                          0x08005f3d   Thumb Code     0  errno.o(i.__aeabi_errno_addr)
    __kernel_poly                            0x08005f45   Thumb Code   170  poly.o(i.__kernel_poly)
    __mathlib_dbl_divzero                    0x08005ff1   Thumb Code    12  dunder.o(i.__mathlib_dbl_divzero)
    __mathlib_dbl_infnan2                    0x08006001   Thumb Code     4  dunder.o(i.__mathlib_dbl_infnan2)
    __mathlib_dbl_invalid                    0x08006005   Thumb Code    12  dunder.o(i.__mathlib_dbl_invalid)
    __mathlib_dbl_overflow                   0x08006011   Thumb Code    14  dunder.o(i.__mathlib_dbl_overflow)
    __mathlib_dbl_underflow                  0x08006021   Thumb Code    10  dunder.o(i.__mathlib_dbl_underflow)
    __scatterload_copy                       0x08006031   Thumb Code    14  handlers.o(i.__scatterload_copy)
    __scatterload_null                       0x0800603f   Thumb Code     2  handlers.o(i.__scatterload_null)
    __scatterload_zeroinit                   0x08006041   Thumb Code    14  handlers.o(i.__scatterload_zeroinit)
    __set_errno                              0x08006051   Thumb Code     6  errno.o(i.__set_errno)
    appInit                                  0x080064c9   Thumb Code    54  main.o(i.appInit)
    calc_RGB_COL                             0x08006819   Thumb Code   158  ws2801.o(i.calc_RGB_COL)
    calc_RGB_ROW                             0x080068bd   Thumb Code   106  ws2801.o(i.calc_RGB_ROW)
    delayns_100                              0x08006bd1   Thumb Code     4  delay.o(i.delayns_100)
    delayns_300                              0x08006bd5   Thumb Code    10  delay.o(i.delayns_300)
    delayns_600                              0x08006bdf   Thumb Code    50  delay.o(i.delayns_600)
    delayns_900                              0x08006c11   Thumb Code    94  delay.o(i.delayns_900)
    disk_initialize                          0x08006f91   Thumb Code    28  diskio.o(i.disk_initialize)
    disk_ioctl                               0x08006fad   Thumb Code    96  diskio.o(i.disk_ioctl)
    disk_read                                0x08007011   Thumb Code    68  diskio.o(i.disk_read)
    disk_status                              0x08007055   Thumb Code    12  diskio.o(i.disk_status)
    disk_write                               0x08007061   Thumb Code    60  diskio.o(i.disk_write)
    drv_pwm_off                              0x0800709d   Thumb Code    40  drv_fan.o(i.drv_pwm_off)
    drv_pwm_on                               0x080070d5   Thumb Code    60  drv_fan.o(i.drv_pwm_on)
    drv_pwm_speed                            0x08007121   Thumb Code    46  drv_fan.o(i.drv_pwm_speed)
    drv_pwm_speed_stepdown                   0x08007159   Thumb Code    74  drv_fan.o(i.drv_pwm_speed_stepdown)
    drv_pwm_speed_stepup                     0x080071ad   Thumb Code    68  drv_fan.o(i.drv_pwm_speed_stepup)
    f_close                                  0x080071f9   Thumb Code    22  ff.o(i.f_close)
    f_lseek                                  0x0800720f   Thumb Code   454  ff.o(i.f_lseek)
    f_mount                                  0x080073d5   Thumb Code    38  ff.o(i.f_mount)
    f_open                                   0x08007401   Thumb Code   396  ff.o(i.f_open)
    f_opendir                                0x0800758d   Thumb Code   128  ff.o(i.f_opendir)
    f_read                                   0x0800760d   Thumb Code   434  ff.o(i.f_read)
    f_readdir                                0x080077bf   Thumb Code    88  ff.o(i.f_readdir)
    f_sync                                   0x08007817   Thumb Code   184  ff.o(i.f_sync)
    fputc                                    0x08007975   Thumb Code    22  main.o(i.fputc)
    gclk                                     0x08007991   Thumb Code     2  delay.o(i.gclk)
    get_fattime                              0x08007abd   Thumb Code     4  diskio.o(i.get_fattime)
    main                                     0x08007dd9   Thumb Code   180  main.o(i.main)
    oppColorRGBtoRGBPWM                      0x08007fd5   Thumb Code  1462  ws2801.o(i.oppColorRGBtoRGBPWM)
    oppRFMsgRecvCallBack                     0x08008599   Thumb Code   496  main.o(i.oppRFMsgRecvCallBack)
    oppRFMsgSendProc                         0x080087d9   Thumb Code   472  main.o(i.oppRFMsgSendProc)
    oppRFTaskInit                            0x080089c9   Thumb Code    44  main.o(i.oppRFTaskInit)
    pow                                      0x080089f9   Thumb Code  2512  pow.o(i.pow)
    sqrt                                     0x080095a9   Thumb Code    76  sqrt.o(i.sqrt)
    stringcopy                               0x080095f5   Thumb Code    26  spi_sd_driver.o(i.stringcopy)
    AHBPrescTable                            0x08009702   Data          16  system_stm32f1xx.o(.constdata)
    APBPrescTable                            0x08009712   Data           8  system_stm32f1xx.o(.constdata)
    sRGB2RGBPWM                              0x0800971c   Data          36  ws2801.o(.constdata)
    __mathlib_zero                           0x08009840   Data           8  qnan.o(.constdata)
    __ctype_table                            0x08009848   Data         129  ctype_o.o(.constdata)
    Region$$Table$$Base                      0x080098d0   Number         0  anon$$obj.o(Region$$Table)
    Region$$Table$$Limit                     0x080098f0   Number         0  anon$$obj.o(Region$$Table)
    SystemCoreClock                          0x20000004   Data           4  system_stm32f1xx.o(.data)
    scenMode                                 0x20000008   Data           1  main.o(.data)
    runFlag                                  0x20000009   Data           1  main.o(.data)
    powerFlag                                0x2000000a   Data           1  main.o(.data)
    fileTotalPhoto                           0x2000000c   Data           2  main.o(.data)
    filmTotalProgram                         0x2000000e   Data           2  main.o(.data)
    single_cmd                               0x20000010   Data           5  main.o(.data)
    actType                                  0x20000016   Data           2  main.o(.data)
    actTime                                  0x20000018   Data           2  main.o(.data)
    usartTxFlag                              0x2000001a   Data           1  main.o(.data)
    usartTxData                              0x2000001b   Data           3  main.o(.data)
    brightness                               0x20000020   Data           4  main.o(.data)
    lightingStatus                           0x20000024   Data           1  main.o(.data)
    gOppRfFlag                               0x20000025   Data           1  main.o(.data)
    gclk_pluse                               0x20000034   Data           4  delay.o(.data)
    photoProgramIdx                          0x20000064   Data           1  programs.o(.data)
    filmProgramIdx                           0x20000065   Data           1  programs.o(.data)
    filmFrameIdx                             0x20000066   Data           2  programs.o(.data)
    programsType                             0x20000068   Data           1  programs.o(.data)
    cubeSoftFrameId                          0x20000078   Data           1  ws2801.o(.data)
    newReqFlag                               0x20000079   Data           1  ws2801.o(.data)
    cubeRGBStatus                            0x2000007a   Data           1  ws2801.o(.data)
    __stdout                                 0x2000011c   Data           4  stdout.o(.data)
    gOppBleMsg                               0x20000124   Data         130  main.o(.bss)
    msgBuf                                   0x200001a6   Data         128  main.o(.bss)
    huart1                                   0x20000228   Data          64  main.o(.bss)
    huart2                                   0x20000268   Data          64  main.o(.bss)
    huart3                                   0x200002a8   Data          64  main.o(.bss)
    hdma_usart1_rx                           0x200002e8   Data          56  main.o(.bss)
    hdma_usart2_rx                           0x20000320   Data          56  main.o(.bss)
    hdma_usart3_rx                           0x20000358   Data          56  main.o(.bss)
    hdma_usart1_tx                           0x20000390   Data          56  main.o(.bss)
    hdma_usart2_tx                           0x200003c8   Data          56  main.o(.bss)
    hdma_usart3_tx                           0x20000400   Data          56  main.o(.bss)
    UsartType1                               0x20000438   Data         132  main.o(.bss)
    UsartType2                               0x200004bc   Data         132  main.o(.bss)
    UsartType3                               0x20000540   Data         132  main.o(.bss)
    htim1                                    0x200005c4   Data          60  main.o(.bss)
    htim2                                    0x20000600   Data          60  main.o(.bss)
    htim3                                    0x2000063c   Data          60  main.o(.bss)
    hspi1                                    0x20000678   Data          88  main.o(.bss)
    hspi2                                    0x200006d0   Data          88  main.o(.bss)
    photo_filename                           0x20000da0   Data         512  programs.o(.bss)
    film_file                                0x20000fa0   Data         320  programs.o(.bss)
    fileBuffer                               0x200010e0   Data        2880  programs.o(.bss)
    cube_buff_G                              0x20001c20   Data         960  programs.o(.bss)
    cube_buff_R                              0x20001fe0   Data         960  programs.o(.bss)
    cube_buff_B                              0x200023a0   Data         960  programs.o(.bss)
    act_cmd                                  0x20002760   Data         102  drv_serial.o(.bss)
    __initial_sp                             0x20002c80   Data           0  startup_stm32f103xb.o(STACK)



==============================================================================

Memory Map of the image

  Image Entry point : 0x080000ed

  Load Region LR_IROM1 (Base: 0x08000000, Size: 0x00009a14, Max: 0x00010000, ABSOLUTE)

    Execution Region ER_IROM1 (Exec base: 0x08000000, Load base: 0x08000000, Size: 0x000098f0, Max: 0x00010000, ABSOLUTE)

    Exec Addr    Load Addr    Size         Type   Attr      Idx    E Section Name        Object

    0x08000000   0x08000000   0x000000ec   Data   RO            3    RESET               startup_stm32f103xb.o
    0x080000ec   0x080000ec   0x00000000   Code   RO         4214  * .ARM.Collect$$$$00000000  mc_w.l(entry.o)
    0x080000ec   0x080000ec   0x00000004   Code   RO         4549    .ARM.Collect$$$$00000001  mc_w.l(entry2.o)
    0x080000f0   0x080000f0   0x00000004   Code   RO         4552    .ARM.Collect$$$$00000004  mc_w.l(entry5.o)
    0x080000f4   0x080000f4   0x00000000   Code   RO         4554    .ARM.Collect$$$$00000008  mc_w.l(entry7b.o)
    0x080000f4   0x080000f4   0x00000000   Code   RO         4556    .ARM.Collect$$$$0000000A  mc_w.l(entry8b.o)
    0x080000f4   0x080000f4   0x00000008   Code   RO         4557    .ARM.Collect$$$$0000000B  mc_w.l(entry9a.o)
    0x080000fc   0x080000fc   0x00000000   Code   RO         4559    .ARM.Collect$$$$0000000D  mc_w.l(entry10a.o)
    0x080000fc   0x080000fc   0x00000000   Code   RO         4561    .ARM.Collect$$$$0000000F  mc_w.l(entry11a.o)
    0x080000fc   0x080000fc   0x00000004   Code   RO         4550    .ARM.Collect$$$$00002712  mc_w.l(entry2.o)
    0x08000100   0x08000100   0x00000024   Code   RO            4    .text               startup_stm32f103xb.o
    0x08000124   0x08000124   0x00000062   Code   RO         4217    .text               mc_w.l(uldiv.o)
    0x08000186   0x08000186   0x00000020   Code   RO         4219    .text               mc_w.l(llushr.o)
    0x080001a6   0x080001a6   0x00000024   Code   RO         4221    .text               mc_w.l(memcpya.o)
    0x080001ca   0x080001ca   0x00000024   Code   RO         4223    .text               mc_w.l(memseta.o)
    0x080001ee   0x080001ee   0x00000018   Code   RO         4225    .text               mc_w.l(strncpy.o)
    0x08000206   0x08000206   0x0000001c   Code   RO         4227    .text               mc_w.l(strcmp.o)
    0x08000222   0x08000222   0x0000001a   Code   RO         4492    .text               mc_w.l(atoi.o)
    0x0800023c   0x0800023c   0x000000b0   Code   RO         4494    .text               mf_w.l(fadd.o)
    0x080002ec   0x080002ec   0x00000064   Code   RO         4496    .text               mf_w.l(fmul.o)
    0x08000350   0x08000350   0x0000007c   Code   RO         4498    .text               mf_w.l(fdiv.o)
    0x080003cc   0x080003cc   0x0000014e   Code   RO         4500    .text               mf_w.l(dadd.o)
    0x0800051a   0x0800051a   0x000000e4   Code   RO         4502    .text               mf_w.l(dmul.o)
    0x080005fe   0x080005fe   0x000000de   Code   RO         4504    .text               mf_w.l(ddiv.o)
    0x080006dc   0x080006dc   0x0000000a   Code   RO         4506    .text               mf_w.l(ffltui.o)
    0x080006e6   0x080006e6   0x0000001a   Code   RO         4508    .text               mf_w.l(dfltui.o)
    0x08000700   0x08000700   0x00000032   Code   RO         4510    .text               mf_w.l(dfixui.o)
    0x08000732   0x08000732   0x00000026   Code   RO         4512    .text               mf_w.l(f2d.o)
    0x08000758   0x08000758   0x00000030   Code   RO         4514    .text               mf_w.l(cdcmple.o)
    0x08000788   0x08000788   0x00000030   Code   RO         4516    .text               mf_w.l(cdrcmple.o)
    0x080007b8   0x080007b8   0x00000038   Code   RO         4518    .text               mf_w.l(d2f.o)
    0x080007f0   0x080007f0   0x00000014   Code   RO         4520    .text               mf_w.l(cfrcmple.o)
    0x08000804   0x08000804   0x0000001e   Code   RO         4566    .text               mc_w.l(llshl.o)
    0x08000822   0x08000822   0x00000024   Code   RO         4568    .text               mc_w.l(llsshr.o)
    0x08000846   0x08000846   0x00000070   Code   RO         4577    .text               mc_w.l(strtol.o)
    0x080008b6   0x080008b6   0x00000000   Code   RO         4579    .text               mc_w.l(iusefp.o)
    0x080008b6   0x080008b6   0x0000006e   Code   RO         4580    .text               mf_w.l(fepilogue.o)
    0x08000924   0x08000924   0x000000ba   Code   RO         4582    .text               mf_w.l(depilogue.o)
    0x080009de   0x080009de   0x0000002e   Code   RO         4584    .text               mf_w.l(dscalb.o)
    0x08000a0c   0x08000a0c   0x00000022   Code   RO         4586    .text               mf_w.l(dflti.o)
    0x08000a2e   0x08000a2e   0x00000002   PAD
    0x08000a30   0x08000a30   0x00000024   Code   RO         4590    .text               mc_w.l(init.o)
    0x08000a54   0x08000a54   0x00000008   Code   RO         4592    .text               mc_w.l(ctype_o.o)
    0x08000a5c   0x08000a5c   0x0000009e   Code   RO         4620    .text               mc_w.l(_strtoul.o)
    0x08000afa   0x08000afa   0x000000a2   Code   RO         4622    .text               mf_w.l(dsqrt.o)
    0x08000b9c   0x08000b9c   0x0000001c   Code   RO         4624    .text               mc_w.l(_chval.o)
    0x08000bb8   0x08000bb8   0x00000148   Code   RO         2411    i.AppControlCubeHandle  main.o
    0x08000d00   0x08000d00   0x00000004   Code   RO         2696    i.BusFault_Handler  stm32f1xx_it.o
    0x08000d04   0x08000d04   0x00000020   Code   RO           13    i.DMA_SetConfig     stm32f1xx_hal_dma.o
    0x08000d24   0x08000d24   0x00000002   Code   RO         2697    i.DebugMon_Handler  stm32f1xx_it.o
    0x08000d26   0x08000d26   0x00000002   PAD
    0x08000d28   0x08000d28   0x00000014   Code   RO         2932    i.Delay_us          delay.o
    0x08000d3c   0x08000d3c   0x0000005c   Code   RO         3250    i.Drv_CMD_Handler   drv_serial.o
    0x08000d98   0x08000d98   0x00000040   Code   RO         3251    i.Drv_IR_CMD_Handler  drv_serial.o
    0x08000dd8   0x08000dd8   0x00000248   Code   RO         3101    i.Drv_IR_MI_Decode  drv_ir.o
    0x08001020   0x08001020   0x000001dc   Code   RO         3102    i.Drv_IR_NEC_Decode  drv_ir.o
    0x080011fc   0x080011fc   0x00000024   Code   RO         3630    i.Drv_PWM_Init      drv_fan.o
    0x08001220   0x08001220   0x00000058   Code   RO         3631    i.Drv_PWM_Proc      drv_fan.o
    0x08001278   0x08001278   0x0000002a   Code   RO         3253    i.Drv_SERIAL_Act    drv_serial.o
    0x080012a2   0x080012a2   0x00000002   PAD
    0x080012a4   0x080012a4   0x0000001c   Code   RO         3254    i.Drv_SERIAL_Init   drv_serial.o
    0x080012c0   0x080012c0   0x00000078   Code   RO         2412    i.Drv_SERIAL_Proc   main.o
    0x08001338   0x08001338   0x00000040   Code   RO         3255    i.Drv_SERIAL_Read_Act  drv_serial.o
    0x08001378   0x08001378   0x00000030   Code   RO         3256    i.Drv_SERIAL_Write_Act  drv_serial.o
    0x080013a8   0x080013a8   0x00000002   Code   RO         2698    i.EXTI9_5_IRQHandler  stm32f1xx_it.o
    0x080013aa   0x080013aa   0x00000004   Code   RO         2413    i.Error_Handler     main.o
    0x080013ae   0x080013ae   0x00000062   Code   RO           14    i.HAL_DMA_Abort     stm32f1xx_hal_dma.o
    0x08001410   0x08001410   0x00000054   Code   RO           19    i.HAL_DMA_Init      stm32f1xx_hal_dma.o
    0x08001464   0x08001464   0x00000076   Code   RO           22    i.HAL_DMA_Start_IT  stm32f1xx_hal_dma.o
    0x080014da   0x080014da   0x0000001a   Code   RO         2001    i.HAL_Delay         stm32f1xx_hal.o
    0x080014f4   0x080014f4   0x0000031c   Code   RO         1443    i.HAL_GPIO_Init     stm32f1xx_hal_gpio.o
    0x08001810   0x08001810   0x00000010   Code   RO         1445    i.HAL_GPIO_ReadPin  stm32f1xx_hal_gpio.o
    0x08001820   0x08001820   0x0000000c   Code   RO         1447    i.HAL_GPIO_WritePin  stm32f1xx_hal_gpio.o
    0x0800182c   0x0800182c   0x0000000c   Code   RO         2005    i.HAL_GetTick       stm32f1xx_hal.o
    0x08001838   0x08001838   0x00000010   Code   RO         2006    i.HAL_IncTick       stm32f1xx_hal.o
    0x08001848   0x08001848   0x00000028   Code   RO         2007    i.HAL_Init          stm32f1xx_hal.o
    0x08001870   0x08001870   0x00000024   Code   RO         2008    i.HAL_InitTick      stm32f1xx_hal.o
    0x08001894   0x08001894   0x000000a4   Code   RO         2635    i.HAL_MspInit       stm32f1xx_hal_msp.o
    0x08001938   0x08001938   0x0000001a   Code   RO          183    i.HAL_NVIC_EnableIRQ  stm32f1xx_hal_cortex.o
    0x08001952   0x08001952   0x0000007c   Code   RO          189    i.HAL_NVIC_SetPriority  stm32f1xx_hal_cortex.o
    0x080019ce   0x080019ce   0x00000002   PAD
    0x080019d0   0x080019d0   0x00000028   Code   RO          190    i.HAL_NVIC_SetPriorityGrouping  stm32f1xx_hal_cortex.o
    0x080019f8   0x080019f8   0x00000298   Code   RO          304    i.HAL_RCC_ClockConfig  stm32f1xx_hal_rcc.o
    0x08001c90   0x08001c90   0x0000000c   Code   RO          309    i.HAL_RCC_GetHCLKFreq  stm32f1xx_hal_rcc.o
    0x08001c9c   0x08001c9c   0x0000002c   Code   RO          311    i.HAL_RCC_GetPCLK1Freq  stm32f1xx_hal_rcc.o
    0x08001cc8   0x08001cc8   0x0000002c   Code   RO          312    i.HAL_RCC_GetPCLK2Freq  stm32f1xx_hal_rcc.o
    0x08001cf4   0x08001cf4   0x000000b8   Code   RO          313    i.HAL_RCC_GetSysClockFreq  stm32f1xx_hal_rcc.o
    0x08001dac   0x08001dac   0x00000878   Code   RO          316    i.HAL_RCC_OscConfig  stm32f1xx_hal_rcc.o
    0x08002624   0x08002624   0x0000007c   Code   RO         2136    i.HAL_SPI_Init      stm32f1xx_hal_spi.o
    0x080026a0   0x080026a0   0x00000088   Code   RO         2138    i.HAL_SPI_MspInit   stm32f1xx_hal_spi.o
    0x08002728   0x08002728   0x00000344   Code   RO         2145    i.HAL_SPI_TransmitReceive  stm32f1xx_hal_spi.o
    0x08002a6c   0x08002a6c   0x00000028   Code   RO          192    i.HAL_SYSTICK_CLKSourceConfig  stm32f1xx_hal_cortex.o
    0x08002a94   0x08002a94   0x00000034   Code   RO          194    i.HAL_SYSTICK_Config  stm32f1xx_hal_cortex.o
    0x08002ac8   0x08002ac8   0x00000002   Code   RO         1207    i.HAL_TIMEx_BreakCallback  stm32f1xx_hal_tim_ex.o
    0x08002aca   0x08002aca   0x00000002   Code   RO         1208    i.HAL_TIMEx_CommutationCallback  stm32f1xx_hal_tim_ex.o
    0x08002acc   0x08002acc   0x00000050   Code   RO         1209    i.HAL_TIMEx_ConfigBreakDeadTime  stm32f1xx_hal_tim_ex.o
    0x08002b1c   0x08002b1c   0x00000062   Code   RO         1224    i.HAL_TIMEx_MasterConfigSynchronization  stm32f1xx_hal_tim_ex.o
    0x08002b7e   0x08002b7e   0x00000034   Code   RO          568    i.HAL_TIM_Base_Init  stm32f1xx_hal_tim.o
    0x08002bb2   0x08002bb2   0x00000002   PAD
    0x08002bb4   0x08002bb4   0x0000007c   Code   RO         2636    i.HAL_TIM_Base_MspInit  stm32f1xx_hal_msp.o
    0x08002c30   0x08002c30   0x00000132   Code   RO          577    i.HAL_TIM_ConfigClockSource  stm32f1xx_hal_tim.o
    0x08002d62   0x08002d62   0x00000020   Code   RO         3104    i.HAL_TIM_IC_CaptureCallback  drv_ir.o
    0x08002d82   0x08002d82   0x00000196   Code   RO          610    i.HAL_TIM_IRQHandler  stm32f1xx_hal_tim.o
    0x08002f18   0x08002f18   0x00000078   Code   RO         2639    i.HAL_TIM_MspPostInit  stm32f1xx_hal_msp.o
    0x08002f90   0x08002f90   0x00000002   Code   RO          613    i.HAL_TIM_OC_DelayElapsedCallback  stm32f1xx_hal_tim.o
    0x08002f92   0x08002f92   0x00000108   Code   RO          634    i.HAL_TIM_PWM_ConfigChannel  stm32f1xx_hal_tim.o
    0x0800309a   0x0800309a   0x00000034   Code   RO          637    i.HAL_TIM_PWM_Init  stm32f1xx_hal_tim.o
    0x080030ce   0x080030ce   0x00000002   Code   RO          639    i.HAL_TIM_PWM_MspInit  stm32f1xx_hal_tim.o
    0x080030d0   0x080030d0   0x00000002   Code   RO          640    i.HAL_TIM_PWM_PulseFinishedCallback  stm32f1xx_hal_tim.o
    0x080030d2   0x080030d2   0x00000002   PAD
    0x080030d4   0x080030d4   0x00000040   Code   RO          641    i.HAL_TIM_PWM_Start  stm32f1xx_hal_tim.o
    0x08003114   0x08003114   0x00000002   Code   RO          647    i.HAL_TIM_PeriodElapsedCallback  stm32f1xx_hal_tim.o
    0x08003116   0x08003116   0x00000054   Code   RO          648    i.HAL_TIM_ReadCapturedValue  stm32f1xx_hal_tim.o
    0x0800316a   0x0800316a   0x00000002   Code   RO          651    i.HAL_TIM_TriggerCallback  stm32f1xx_hal_tim.o
    0x0800316c   0x0800316c   0x0000002e   Code   RO         1622    i.HAL_UART_DMAStop  stm32f1xx_hal_uart.o
    0x0800319a   0x0800319a   0x00000002   Code   RO         1624    i.HAL_UART_ErrorCallback  stm32f1xx_hal_uart.o
    0x0800319c   0x0800319c   0x000000da   Code   RO         1627    i.HAL_UART_IRQHandler  stm32f1xx_hal_uart.o
    0x08003276   0x08003276   0x0000006e   Code   RO         1628    i.HAL_UART_Init     stm32f1xx_hal_uart.o
    0x080032e4   0x080032e4   0x000002e4   Code   RO         2641    i.HAL_UART_MspInit  stm32f1xx_hal_msp.o
    0x080035c8   0x080035c8   0x000000a0   Code   RO         1632    i.HAL_UART_Receive_DMA  stm32f1xx_hal_uart.o
    0x08003668   0x08003668   0x00000002   Code   RO         1634    i.HAL_UART_RxCpltCallback  stm32f1xx_hal_uart.o
    0x0800366a   0x0800366a   0x00000002   Code   RO         1635    i.HAL_UART_RxHalfCpltCallback  stm32f1xx_hal_uart.o
    0x0800366c   0x0800366c   0x000000f0   Code   RO         1636    i.HAL_UART_Transmit  stm32f1xx_hal_uart.o
    0x0800375c   0x0800375c   0x00000002   Code   RO         1639    i.HAL_UART_TxCpltCallback  stm32f1xx_hal_uart.o
    0x0800375e   0x0800375e   0x00000004   Code   RO         2699    i.HardFault_Handler  stm32f1xx_it.o
    0x08003762   0x08003762   0x00000002   PAD
    0x08003764   0x08003764   0x00000030   Code   RO         3007    i.LED_GPIO_Init     gpio.o
    0x08003794   0x08003794   0x00000084   Code   RO         2418    i.MX_DMA_Init       main.o
    0x08003818   0x08003818   0x0000008c   Code   RO         2419    i.MX_GPIO_Init      main.o
    0x080038a4   0x080038a4   0x00000048   Code   RO         2421    i.MX_SPI2_Init      main.o
    0x080038ec   0x080038ec   0x000000c8   Code   RO         2424    i.MX_TIM3_Init      main.o
    0x080039b4   0x080039b4   0x00000038   Code   RO         2425    i.MX_USART1_UART_Init  main.o
    0x080039ec   0x080039ec   0x00000038   Code   RO         2426    i.MX_USART2_UART_Init  main.o
    0x08003a24   0x08003a24   0x00000004   Code   RO         2700    i.MemManage_Handler  stm32f1xx_it.o
    0x08003a28   0x08003a28   0x00000002   Code   RO         2701    i.NMI_Handler       stm32f1xx_it.o
    0x08003a2a   0x08003a2a   0x00000002   PAD
    0x08003a2c   0x08003a2c   0x00000010   Code   RO          196    i.NVIC_GetPriorityGrouping  stm32f1xx_hal_cortex.o
    0x08003a3c   0x08003a3c   0x00000028   Code   RO          197    i.NVIC_SetPriority  stm32f1xx_hal_cortex.o
    0x08003a64   0x08003a64   0x00000002   Code   RO         2702    i.PendSV_Handler    stm32f1xx_it.o
    0x08003a66   0x08003a66   0x00000024   Code   RO         3770    i.SD_GetCSD         spi_sd_driver.o
    0x08003a8a   0x08003a8a   0x000000a6   Code   RO         3771    i.SD_GetCapacity    spi_sd_driver.o
    0x08003b30   0x08003b30   0x00000248   Code   RO         3772    i.SD_Init           spi_sd_driver.o
    0x08003d78   0x08003d78   0x000000d8   Code   RO         3185    i.SD_OpenFilmData   programs.o
    0x08003e50   0x08003e50   0x00000150   Code   RO         3186    i.SD_ReadFilmData   programs.o
    0x08003fa0   0x08003fa0   0x00000144   Code   RO         3187    i.SD_ReadFilmFileList  programs.o
    0x080040e4   0x080040e4   0x000000d0   Code   RO         3188    i.SD_ReadFilmFolderList  programs.o
    0x080041b4   0x080041b4   0x0000007c   Code   RO         3773    i.SD_ReadMultiBlock  spi_sd_driver.o
    0x08004230   0x08004230   0x00000104   Code   RO         3189    i.SD_ReadPhotoData  programs.o
    0x08004334   0x08004334   0x000000d0   Code   RO         3190    i.SD_ReadPhotoFileList  programs.o
    0x08004404   0x08004404   0x00000044   Code   RO         3774    i.SD_ReadSingleBlock  spi_sd_driver.o
    0x08004448   0x08004448   0x00000084   Code   RO         3775    i.SD_ReceiveData    spi_sd_driver.o
    0x080044cc   0x080044cc   0x0000007c   Code   RO         3776    i.SD_SendCommand    spi_sd_driver.o
    0x08004548   0x08004548   0x0000006c   Code   RO         3777    i.SD_SendCommand_NoDeassert  spi_sd_driver.o
    0x080045b4   0x080045b4   0x00000022   Code   RO         3778    i.SD_WaitReady      spi_sd_driver.o
    0x080045d6   0x080045d6   0x00000002   PAD
    0x080045d8   0x080045d8   0x000000f8   Code   RO         3779    i.SD_WriteMultiBlock  spi_sd_driver.o
    0x080046d0   0x080046d0   0x000000dc   Code   RO         3780    i.SD_WriteSingleBlock  spi_sd_driver.o
    0x080047ac   0x080047ac   0x00000030   Code   RO         3781    i.SPI_Configuration  spi_sd_driver.o
    0x080047dc   0x080047dc   0x00000078   Code   RO         3010    i.SPI_GPIO_Hard_Init  gpio.o
    0x08004854   0x08004854   0x00000024   Code   RO         3782    i.SPI_ReadWriteByte  spi_sd_driver.o
    0x08004878   0x08004878   0x00000060   Code   RO         3783    i.SPI_SetSpeed      spi_sd_driver.o
    0x080048d8   0x080048d8   0x00000114   Code   RO         2167    i.SPI_WaitOnFlagUntilTimeout  stm32f1xx_hal_spi.o
    0x080049ec   0x080049ec   0x00000002   Code   RO         2703    i.SVC_Handler       stm32f1xx_it.o
    0x080049ee   0x080049ee   0x00000002   PAD
    0x080049f0   0x080049f0   0x000000c0   Code   RO         3448    i.ScenceCycle       ws2801.o
    0x08004ab0   0x08004ab0   0x000002e0   Code   RO         3449    i.ScenceGradualChange  ws2801.o
    0x08004d90   0x08004d90   0x00000108   Code   RO         3450    i.ScenceLayering    ws2801.o
    0x08004e98   0x08004e98   0x00000074   Code   RO         3451    i.ScenceRainbow     ws2801.o
    0x08004f0c   0x08004f0c   0x000000a8   Code   RO         3452    i.ScenceSection     ws2801.o
    0x08004fb4   0x08004fb4   0x00000084   Code   RO         3453    i.ScenceWaving      ws2801.o
    0x08005038   0x08005038   0x00000050   Code   RO         3455    i.Send_2811_totalPixels1  ws2801.o
    0x08005088   0x08005088   0x0000005c   Code   RO         3456    i.Send_2811_totalPixels2  ws2801.o
    0x080050e4   0x080050e4   0x00000058   Code   RO         3459    i.Send_8bits1       ws2801.o
    0x0800513c   0x0800513c   0x00000058   Code   RO         3460    i.Send_8bits2       ws2801.o
    0x08005194   0x08005194   0x00000010   Code   RO         2704    i.SysTick_Handler   stm32f1xx_it.o
    0x080051a4   0x080051a4   0x00000088   Code   RO         2428    i.SystemClock_Config  main.o
    0x0800522c   0x0800522c   0x00000058   Code   RO         2374    i.SystemInit        system_stm32f1xx.o
    0x08005284   0x08005284   0x00000010   Code   RO         2705    i.TIM3_IRQHandler   stm32f1xx_it.o
    0x08005294   0x08005294   0x0000006c   Code   RO          652    i.TIM_Base_SetConfig  stm32f1xx_hal_tim.o
    0x08005300   0x08005300   0x0000001c   Code   RO          653    i.TIM_CCxChannelCmd  stm32f1xx_hal_tim.o
    0x0800531c   0x0800531c   0x00000018   Code   RO          659    i.TIM_ETR_SetConfig  stm32f1xx_hal_tim.o
    0x08005334   0x08005334   0x00000014   Code   RO          660    i.TIM_ITRx_SetConfig  stm32f1xx_hal_tim.o
    0x08005348   0x08005348   0x00000064   Code   RO          661    i.TIM_OC1_SetConfig  stm32f1xx_hal_tim.o
    0x080053ac   0x080053ac   0x00000070   Code   RO          662    i.TIM_OC2_SetConfig  stm32f1xx_hal_tim.o
    0x0800541c   0x0800541c   0x0000006c   Code   RO          663    i.TIM_OC3_SetConfig  stm32f1xx_hal_tim.o
    0x08005488   0x08005488   0x00000050   Code   RO          664    i.TIM_OC4_SetConfig  stm32f1xx_hal_tim.o
    0x080054d8   0x080054d8   0x0000002a   Code   RO          666    i.TIM_TI1_ConfigInputStage  stm32f1xx_hal_tim.o
    0x08005502   0x08005502   0x0000002c   Code   RO          668    i.TIM_TI2_ConfigInputStage  stm32f1xx_hal_tim.o
    0x0800552e   0x0800552e   0x00000002   PAD
    0x08005530   0x08005530   0x00000018   Code   RO         2933    i.TimingDelay_Decrement  delay.o
    0x08005548   0x08005548   0x00000022   Code   RO         1641    i.UART_DMAError     stm32f1xx_hal_uart.o
    0x0800556a   0x0800556a   0x0000003e   Code   RO         1642    i.UART_DMAReceiveCplt  stm32f1xx_hal_uart.o
    0x080055a8   0x080055a8   0x0000000e   Code   RO         1643    i.UART_DMARxHalfCplt  stm32f1xx_hal_uart.o
    0x080055b6   0x080055b6   0x00000030   Code   RO         1646    i.UART_EndTransmit_IT  stm32f1xx_hal_uart.o
    0x080055e6   0x080055e6   0x000000bc   Code   RO         1647    i.UART_Receive_IT   stm32f1xx_hal_uart.o
    0x080056a2   0x080056a2   0x00000002   PAD
    0x080056a4   0x080056a4   0x000001c8   Code   RO         1648    i.UART_SetConfig    stm32f1xx_hal_uart.o
    0x0800586c   0x0800586c   0x00000070   Code   RO         1649    i.UART_Transmit_IT  stm32f1xx_hal_uart.o
    0x080058dc   0x080058dc   0x000000fa   Code   RO         1650    i.UART_WaitOnFlagUntilTimeout  stm32f1xx_hal_uart.o
    0x080059d6   0x080059d6   0x00000002   PAD
    0x080059d8   0x080059d8   0x00000014   Code   RO         2706    i.USART1_IRQHandler  stm32f1xx_it.o
    0x080059ec   0x080059ec   0x00000014   Code   RO         2707    i.USART2_IRQHandler  stm32f1xx_it.o
    0x08005a00   0x08005a00   0x00000014   Code   RO         2708    i.USART3_IRQHandler  stm32f1xx_it.o
    0x08005a14   0x08005a14   0x00000188   Code   RO         2429    i.UartDebugControlHandle  main.o
    0x08005b9c   0x08005b9c   0x00000004   Code   RO         2709    i.UsageFault_Handler  stm32f1xx_it.o
    0x08005ba0   0x08005ba0   0x000000a8   Code   RO         2430    i.UsartReceive_IDLE  main.o
    0x08005c48   0x08005c48   0x0000002c   Code   RO         3012    i.WS2801_GPIO_Init  gpio.o
    0x08005c74   0x08005c74   0x0000000c   Code   RO         3463    i.WS2801_framRefresh  ws2801.o
    0x08005c80   0x08005c80   0x0000016c   Code   RO         3465    i.WS2801_play       ws2801.o
    0x08005dec   0x08005dec   0x000000e0   Code   RO         3466    i.WS2801_softScen   ws2801.o
    0x08005ecc   0x08005ecc   0x00000020   Code   RO         4438    i.__0printf$8       mc_w.l(printf8.o)
    0x08005eec   0x08005eec   0x00000028   Code   RO         4440    i.__0sprintf$8      mc_w.l(printf8.o)
    0x08005f14   0x08005f14   0x00000028   Code   RO         4536    i.__ARM_fpclassify  m_ws.l(fpclassify.o)
    0x08005f3c   0x08005f3c   0x00000008   Code   RO         4570    i.__aeabi_errno_addr  mc_w.l(errno.o)
    0x08005f44   0x08005f44   0x000000aa   Code   RO         4538    i.__kernel_poly     m_ws.l(poly.o)
    0x08005fee   0x08005fee   0x00000002   PAD
    0x08005ff0   0x08005ff0   0x00000010   Code   RO         4522    i.__mathlib_dbl_divzero  m_ws.l(dunder.o)
    0x08006000   0x08006000   0x00000004   Code   RO         4524    i.__mathlib_dbl_infnan2  m_ws.l(dunder.o)
    0x08006004   0x08006004   0x0000000c   Code   RO         4525    i.__mathlib_dbl_invalid  m_ws.l(dunder.o)
    0x08006010   0x08006010   0x0000000e   Code   RO         4526    i.__mathlib_dbl_overflow  m_ws.l(dunder.o)
    0x0800601e   0x0800601e   0x00000002   PAD
    0x08006020   0x08006020   0x00000010   Code   RO         4528    i.__mathlib_dbl_underflow  m_ws.l(dunder.o)
    0x08006030   0x08006030   0x0000000e   Code   RO         4628    i.__scatterload_copy  mc_w.l(handlers.o)
    0x0800603e   0x0800603e   0x00000002   Code   RO         4629    i.__scatterload_null  mc_w.l(handlers.o)
    0x08006040   0x08006040   0x0000000e   Code   RO         4630    i.__scatterload_zeroinit  mc_w.l(handlers.o)
    0x0800604e   0x0800604e   0x00000002   PAD
    0x08006050   0x08006050   0x0000000c   Code   RO         4572    i.__set_errno       mc_w.l(errno.o)
    0x0800605c   0x0800605c   0x00000410   Code   RO         4445    i._printf_core      mc_w.l(printf8.o)
    0x0800646c   0x0800646c   0x00000024   Code   RO         4446    i._printf_post_padding  mc_w.l(printf8.o)
    0x08006490   0x08006490   0x0000002e   Code   RO         4447    i._printf_pre_padding  mc_w.l(printf8.o)
    0x080064be   0x080064be   0x0000000a   Code   RO         4449    i._sputc            mc_w.l(printf8.o)
    0x080064c8   0x080064c8   0x00000054   Code   RO         2431    i.appInit           main.o
    0x0800651c   0x0800651c   0x000002fc   Code   RO         3916    i.auto_mount        ff.o
    0x08006818   0x08006818   0x000000a4   Code   RO         3467    i.calc_RGB_COL      ws2801.o
    0x080068bc   0x080068bc   0x00000070   Code   RO         3468    i.calc_RGB_ROW      ws2801.o
    0x0800692c   0x0800692c   0x00000070   Code   RO         3917    i.check_fs          ff.o
    0x0800699c   0x0800699c   0x00000014   Code   RO         3918    i.chk_chr           ff.o
    0x080069b0   0x080069b0   0x0000001a   Code   RO         3919    i.clust2sect        ff.o
    0x080069ca   0x080069ca   0x000000b6   Code   RO         3920    i.create_chain      ff.o
    0x08006a80   0x08006a80   0x00000150   Code   RO         3921    i.create_name       ff.o
    0x08006bd0   0x08006bd0   0x00000004   Code   RO         2935    i.delayns_100       delay.o
    0x08006bd4   0x08006bd4   0x0000000a   Code   RO         2936    i.delayns_300       delay.o
    0x08006bde   0x08006bde   0x00000032   Code   RO         2937    i.delayns_600       delay.o
    0x08006c10   0x08006c10   0x0000005e   Code   RO         2938    i.delayns_900       delay.o
    0x08006c6e   0x08006c6e   0x00000076   Code   RO         3922    i.dir_find          ff.o
    0x08006ce4   0x08006ce4   0x0000012e   Code   RO         3923    i.dir_next          ff.o
    0x08006e12   0x08006e12   0x00000060   Code   RO         3924    i.dir_read          ff.o
    0x08006e72   0x08006e72   0x00000078   Code   RO         3925    i.dir_register      ff.o
    0x08006eea   0x08006eea   0x000000a6   Code   RO         3927    i.dir_seek          ff.o
    0x08006f90   0x08006f90   0x0000001c   Code   RO         4153    i.disk_initialize   diskio.o
    0x08006fac   0x08006fac   0x00000064   Code   RO         4154    i.disk_ioctl        diskio.o
    0x08007010   0x08007010   0x00000044   Code   RO         4155    i.disk_read         diskio.o
    0x08007054   0x08007054   0x0000000c   Code   RO         4156    i.disk_status       diskio.o
    0x08007060   0x08007060   0x0000003c   Code   RO         4157    i.disk_write        diskio.o
    0x0800709c   0x0800709c   0x00000038   Code   RO         3632    i.drv_pwm_off       drv_fan.o
    0x080070d4   0x080070d4   0x0000004c   Code   RO         3633    i.drv_pwm_on        drv_fan.o
    0x08007120   0x08007120   0x00000038   Code   RO         3634    i.drv_pwm_speed     drv_fan.o
    0x08007158   0x08007158   0x00000054   Code   RO         3635    i.drv_pwm_speed_stepdown  drv_fan.o
    0x080071ac   0x080071ac   0x0000004c   Code   RO         3636    i.drv_pwm_speed_stepup  drv_fan.o
    0x080071f8   0x080071f8   0x00000016   Code   RO         3929    i.f_close           ff.o
    0x0800720e   0x0800720e   0x000001c6   Code   RO         3931    i.f_lseek           ff.o
    0x080073d4   0x080073d4   0x0000002c   Code   RO         3933    i.f_mount           ff.o
    0x08007400   0x08007400   0x0000018c   Code   RO         3934    i.f_open            ff.o
    0x0800758c   0x0800758c   0x00000080   Code   RO         3935    i.f_opendir         ff.o
    0x0800760c   0x0800760c   0x000001b2   Code   RO         3936    i.f_read            ff.o
    0x080077be   0x080077be   0x00000058   Code   RO         3937    i.f_readdir         ff.o
    0x08007816   0x08007816   0x000000b8   Code   RO         3940    i.f_sync            ff.o
    0x080078ce   0x080078ce   0x000000a4   Code   RO         3945    i.follow_path       ff.o
    0x08007972   0x08007972   0x00000002   PAD
    0x08007974   0x08007974   0x0000001c   Code   RO         2432    i.fputc             main.o
    0x08007990   0x08007990   0x00000002   Code   RO         2939    i.gclk              delay.o
    0x08007992   0x08007992   0x00000128   Code   RO         3946    i.get_cluster       ff.o
    0x08007aba   0x08007aba   0x00000002   PAD
    0x08007abc   0x08007abc   0x00000008   Code   RO         4158    i.get_fattime       diskio.o
    0x08007ac4   0x08007ac4   0x000000bc   Code   RO         3947    i.get_fileinfo      ff.o
    0x08007b80   0x08007b80   0x00000258   Code   RO         3257    i.handle_func_MIkeys  drv_serial.o
    0x08007dd8   0x08007dd8   0x00000134   Code   RO         2434    i.main              main.o
    0x08007f0c   0x08007f0c   0x00000026   Code   RO         3948    i.mem_cmp           ff.o
    0x08007f32   0x08007f32   0x0000001a   Code   RO         3949    i.mem_cpy           ff.o
    0x08007f4c   0x08007f4c   0x00000014   Code   RO         3950    i.mem_set           ff.o
    0x08007f60   0x08007f60   0x00000072   Code   RO         3951    i.move_window       ff.o
    0x08007fd2   0x08007fd2   0x00000002   PAD
    0x08007fd4   0x08007fd4   0x000005c4   Code   RO         3469    i.oppColorRGBtoRGBPWM  ws2801.o
    0x08008598   0x08008598   0x00000240   Code   RO         2435    i.oppRFMsgRecvCallBack  main.o
    0x080087d8   0x080087d8   0x000001f0   Code   RO         2436    i.oppRFMsgSendProc  main.o
    0x080089c8   0x080089c8   0x00000030   Code   RO         2437    i.oppRFTaskInit     main.o
    0x080089f8   0x080089f8   0x000009d8   Code   RO         4205    i.pow               m_ws.l(pow.o)
    0x080093d0   0x080093d0   0x00000170   Code   RO         3952    i.put_cluster       ff.o
    0x08009540   0x08009540   0x00000068   Code   RO         3953    i.remove_chain      ff.o
    0x080095a8   0x080095a8   0x0000004c   Code   RO         4542    i.sqrt              m_ws.l(sqrt.o)
    0x080095f4   0x080095f4   0x0000001a   Code   RO         3784    i.stringcopy        spi_sd_driver.o
    0x0800960e   0x0800960e   0x000000ca   Code   RO         3954    i.sync              ff.o
    0x080096d8   0x080096d8   0x0000002a   Code   RO         3955    i.validate          ff.o
    0x08009702   0x08009702   0x00000018   Data   RO         2375    .constdata          system_stm32f1xx.o
    0x0800971a   0x0800971a   0x00000002   PAD
    0x0800971c   0x0800971c   0x0000009c   Data   RO         3472    .constdata          ws2801.o
    0x080097b8   0x080097b8   0x00000088   Data   RO         4206    .constdata          m_ws.l(pow.o)
    0x08009840   0x08009840   0x00000008   Data   RO         4540    .constdata          m_ws.l(qnan.o)
    0x08009848   0x08009848   0x00000081   Data   RO         4593    .constdata          mc_w.l(ctype_o.o)
    0x080098c9   0x080098c9   0x00000003   PAD
    0x080098cc   0x080098cc   0x00000004   Data   RO         4594    .constdata          mc_w.l(ctype_o.o)
    0x080098d0   0x080098d0   0x00000020   Data   RO         4626    Region$$Table       anon$$obj.o


    Execution Region RW_IRAM1 (Exec base: 0x20000000, Load base: 0x080098f0, Size: 0x00002c80, Max: 0x00005000, ABSOLUTE)

    Exec Addr    Load Addr    Size         Type   Attr      Idx    E Section Name        Object

    0x20000000   0x080098f0   0x00000004   Data   RW         2013    .data               stm32f1xx_hal.o
    0x20000004   0x080098f4   0x00000004   Data   RW         2376    .data               system_stm32f1xx.o
    0x20000008   0x080098f8   0x00000028   Data   RW         2439    .data               main.o
    0x20000030   0x08009920   0x00000008   Data   RW         2940    .data               delay.o
    0x20000038   0x08009928   0x00000028   Data   RW         3105    .data               drv_ir.o
    0x20000060   0x08009950   0x00000009   Data   RW         3193    .data               programs.o
    0x20000069   0x08009959   0x00000003   PAD
    0x2000006c   0x0800995c   0x0000000c   Data   RW         3259    .data               drv_serial.o
    0x20000078   0x08009968   0x0000008f   Data   RW         3474    .data               ws2801.o
    0x20000107   0x080099f7   0x00000001   PAD
    0x20000108   0x080099f8   0x00000009   Data   RW         3637    .data               drv_fan.o
    0x20000111   0x08009a01   0x00000001   Data   RW         3785    .data               spi_sd_driver.o
    0x20000112   0x08009a02   0x00000002   PAD
    0x20000114   0x08009a04   0x00000006   Data   RW         3956    .data               ff.o
    0x2000011a   0x08009a0a   0x00000002   PAD
    0x2000011c   0x08009a0c   0x00000004   Data   RW         4563    .data               mc_w.l(stdout.o)
    0x20000120   0x08009a10   0x00000004   Data   RW         4573    .data               mc_w.l(errno.o)
    0x20000124        -       0x00000604   Zero   RW         2438    .bss                main.o
    0x20000728        -       0x00002038   Zero   RW         3192    .bss                programs.o
    0x20002760        -       0x00000066   Zero   RW         3258    .bss                drv_serial.o
    0x200027c6        -       0x000000ba   Zero   RW         3471    .bss                ws2801.o
    0x20002880        -       0x00000400   Zero   RW            1    STACK               startup_stm32f103xb.o


==============================================================================

Image component sizes


      Code (inc. data)   RO Data    RW Data    ZI Data      Debug   Object Name

       204         10          0          8          0       3383   delay.o
       276          8          0          0          0       4008   diskio.o
       472         90          0          9          0       3585   drv_fan.o
      1092        166          0         40          0       2997   drv_ir.o
       938        118          0         12        102       4893   drv_serial.o
      5554         54          0          6          0      22917   ff.o
       212         22          0          0          0       1400   gpio.o
      3344        478          0         40       1540      21289   main.o
      1552        508          0          9       8248       5547   programs.o
      2050        146          0          1          0      11216   spi_sd_driver.o
        36          8        236          0       1024        772   startup_stm32f103xb.o
       130         16          0          4          0       3402   stm32f1xx_hal.o
       338         22          0          0          0      26561   stm32f1xx_hal_cortex.o
       332          0          0          0          0     462518   stm32f1xx_hal_dma.o
       824         32          0          0          0       3359   stm32f1xx_hal_gpio.o
      1148         88          0          0          0       3466   stm32f1xx_hal_msp.o
      3116        104          0          0          0       5548   stm32f1xx_hal_rcc.o
      1372         16          0          0          0       4023   stm32f1xx_hal_spi.o
      1904         38          0          0          0      14699   stm32f1xx_hal_tim.o
       182          0          0          0          0       2810   stm32f1xx_hal_tim_ex.o
      1946         20          0          0          0      11486   stm32f1xx_hal_uart.o
       118         18          0          0          0       5665   stm32f1xx_it.o
        88         18         24          4          0       1059   system_stm32f1xx.o
      4308        424        156        143        186      12442   ws2801.o

    ----------------------------------------------------------------------
     31566       2404        450        284      11100     639045   Object Totals
         0          0         32          0          0          0   (incl. Generated)
        30          0          2          8          0          0   (incl. Padding)

    ----------------------------------------------------------------------

      Code (inc. data)   RO Data    RW Data    ZI Data      Debug   Library Member Name

        62         10          0          0          0        340   dunder.o
        40          0          0          0          0         68   fpclassify.o
       170          0          0          0          0         96   poly.o
      2520        190        136          0          0        324   pow.o
         0          0          8          0          0          0   qnan.o
        76          0          0          0          0         84   sqrt.o
        28          0          0          0          0         68   _chval.o
       158          0          0          0          0         92   _strtoul.o
        26          0          0          0          0         80   atoi.o
         8          4        133          0          0         68   ctype_o.o
         0          0          0          0          0          0   entry.o
         0          0          0          0          0          0   entry10a.o
         0          0          0          0          0          0   entry11a.o
         8          4          0          0          0          0   entry2.o
         4          0          0          0          0          0   entry5.o
         0          0          0          0          0          0   entry7b.o
         0          0          0          0          0          0   entry8b.o
         8          4          0          0          0          0   entry9a.o
        20         10          0          4          0        136   errno.o
        30          0          0          0          0          0   handlers.o
        36          8          0          0          0         68   init.o
         0          0          0          0          0          0   iusefp.o
        30          0          0          0          0         68   llshl.o
        36          0          0          0          0         68   llsshr.o
        32          0          0          0          0         68   llushr.o
        36          0          0          0          0         68   memcpya.o
        36          0          0          0          0        108   memseta.o
      1204         60          0          0          0        504   printf8.o
         0          0          0          4          0          0   stdout.o
        28          0          0          0          0         76   strcmp.o
        24          0          0          0          0         76   strncpy.o
       112          0          0          0          0         88   strtol.o
        98          0          0          0          0         92   uldiv.o
        48          0          0          0          0         68   cdcmple.o
        48          0          0          0          0         68   cdrcmple.o
        20          0          0          0          0         68   cfrcmple.o
        56          0          0          0          0         88   d2f.o
       334          0          0          0          0        148   dadd.o
       222          0          0          0          0        100   ddiv.o
       186          0          0          0          0        176   depilogue.o
        50          0          0          0          0         76   dfixui.o
        34          0          0          0          0         76   dflti.o
        26          0          0          0          0         76   dfltui.o
       228          0          0          0          0         96   dmul.o
        46          0          0          0          0         80   dscalb.o
       162          0          0          0          0        100   dsqrt.o
        38          0          0          0          0         68   f2d.o
       176          0          0          0          0        140   fadd.o
       124          0          0          0          0         88   fdiv.o
       110          0          0          0          0        168   fepilogue.o
        10          0          0          0          0         68   ffltui.o
       100          0          0          0          0         76   fmul.o

    ----------------------------------------------------------------------
      6856        290        280          8          0       4468   Library Totals
         8          0          3          0          0          0   (incl. Padding)

    ----------------------------------------------------------------------

      Code (inc. data)   RO Data    RW Data    ZI Data      Debug   Library Name

      2868        200        144          0          0        912   m_ws.l
      1962         90        133          8          0       1728   mc_w.l
      2018          0          0          0          0       1828   mf_w.l

    ----------------------------------------------------------------------
      6856        290        280          8          0       4468   Library Totals

    ----------------------------------------------------------------------

==============================================================================


      Code (inc. data)   RO Data    RW Data    ZI Data      Debug   

     38422       2694        730        292      11100     630613   Grand Totals
     38422       2694        730        292      11100     630613   ELF Image Totals
     38422       2694        730        292          0          0   ROM Totals

==============================================================================

    Total RO  Size (Code + RO Data)                39152 (  38.23kB)
    Total RW  Size (RW Data + ZI Data)             11392 (  11.13kB)
    Total ROM Size (Code + RO Data + RW Data)      39444 (  38.52kB)

==============================================================================

