<html>
<body>
<pre>
<h1>µVision Build Log</h1>
<h2>Tool Versions:</h2>
IDE-Version: ¦ÌVision V5.24.2.0
Copyright (C) 2017 ARM Ltd and ARM Germany GmbH. All rights reserved.
License Information: huang zhicheng, cig, LIC=UE774-FG7KD-A5HTA-10PN1-92MWT-17L3M
 
Tool Versions:
Toolchain:       MDK-ARM Basic (256K)  Version: 5.24.1
Toolchain Path:  C:\Keil_v5\ARM\ARMCC\Bin
C Compiler:      Armcc.exe V5.06 update 5 (build 528)
Assembler:       Armasm.exe V5.06 update 5 (build 528)
Linker/Locator:  ArmLink.exe V5.06 update 5 (build 528)
Library Manager: ArmAr.exe V5.06 update 5 (build 528)
Hex Converter:   FromElf.exe V5.06 update 5 (build 528)
CPU DLL:         SARMCM3.DLL V5.24.1
Dialog DLL:      DARMSTM.DLL V1.68.0.0
Target DLL:      STLink\ST-LINKIII-KEIL_SWO.dll V3.0.1.0
Dialog DLL:      TARMSTM.DLL V1.66.0.0
 
<h2>Project:</h2>
E:\github\stm32f1_cube\MDK-ARM\Cube_F103.uvprojx
Project File Date:  10/31/2019

<h2>Output:</h2>
*** Using Compiler 'V5.06 update 5 (build 528)', folder: 'C:\Keil_v5\ARM\ARMCC\Bin'
Build target 'GesControl_F103'
compiling main.c...
../Inc/softspi.h(57): warning:  #1295-D: Deprecated declaration CS_Enable - give arg types
  void CS_Enable();
../Inc/softspi.h(60): warning:  #1295-D: Deprecated declaration CS_Disable - give arg types
  void CS_Disable();
../Inc/softspi.h(66): warning:  #1295-D: Deprecated declaration SDReadByte - give arg types
  u8 SDReadByte();
../Inc/softspi.h(72): warning:  #1295-D: Deprecated declaration SDReset - give arg types
  u8 SDReset();
../Inc/softspi.h(75): warning:  #1295-D: Deprecated declaration SDInit - give arg types
  u8 SDInit();
../Src/main.c(62): warning:  #188-D: enumerated type mixed with another type
  BOOL                     usartTxFlag = 
alse;
../Src/main.c(125): warning:  #1295-D: Deprecated declaration AppControlEplosHandle - give arg types
  void AppControlEplosHandle();
../Src/main.c(126): warning:  #1295-D: Deprecated declaration oppRFMsgSendProc - give arg types
  void oppRFMsgSendProc();
../Src/main.c(187): warning:  #188-D: enumerated type mixed with another type
      runFlag = 
rue;
../Src/main.c(188): warning:  #188-D: enumerated type mixed with another type
      powerFlag = 
rue;
../Src/main.c(196): warning:  #223-D: function "Drv_SERIAL_Init" declared implicitly
      Drv_SERIAL_Init();
../Src/main.c(201): warning:  #188-D: enumerated type mixed with another type
      eplosCfgFlag = 
rue;
../Src/main.c(203): warning:  #223-D: function "Drv_MOTOR_Init" declared implicitly
      Drv_MOTOR_Init();
../Src/main.c(261): warning:  #223-D: function "memset" declared implicitly
          memset(data, 0, sizeof(data));
../Src/main.c(262): warning:  #223-D: function "strncpy" declared implicitly
          strncpy(data, ptr, UsartType3.RX_Size);
../Src/main.c(309): warning:  #223-D: function "Drv_SERIAL_Read_Act" declared implicitly
      if (HAL_OK == Drv_SERIAL_Read_Act(single_cmd))
../Src/main.c(313): warning:  #223-D: function "Drv_CMD_Handler" declared implicitly
          (void)Drv_CMD_Handler(single_cmd);
../Src/main.c(363): warning:  #188-D: enumerated type mixed with another type
                  powerFlag = 
rue;
../Src/main.c(372): warning:  #188-D: enumerated type mixed with another type
                  powerFlag = 
alse;
../Src/main.c(397): warning:  #223-D: function "Drv_SERIAL_Act" declared implicitly
              Drv_SERIAL_Act(SET_CODE(CMD_CODE_MASK_IR, CMD_OP_IR_CODE), IR_code);
../Src/main.c(414): warning:  #174-D: expression has no effect
              
PP_SWAP_S(totalLen);
../Src/main.c(422): warning:  #223-D: function "memcpy" declared implicitly
              memcpy(&msgBuf[0], &pFirstPackage->data[11], 6);
../Src/main.c(444): warning:  #223-D: function "memcpy" declared implicitly
                  memcpy(&msgBuf[6 + (index-1) * 19], &pMainPackage->data[0], len);
../Src/main.c(458): warning:  #223-D: function "memcpy" declared implicitly
                  memcpy(&msgBuf[6 + (index-1) * 19], &pMainPackage->data[0], 19);
../Src/main.c(467): warning:  #223-D: function "Drv_SERIAL_Act" declared implicitly
              Drv_SERIAL_Act(SET_CODE(CMD_CODE_MASK_IR, CMD_OP_IR_CODE), IR_code);
../Src/main.c(331): warning:  #177-D: variable "ucLen"  was declared but never referenced
      uint8_t ucLen = 0;
../Src/main.c(520): warning:  #174-D: expression has no effect
          
PP_SWAP_S(gOppBleMsg.msgHeader.pstApp.uwMsgType);
../Src/main.c(537): warning:  #174-D: expression has no effect
          
PP_SWAP_S(pFisrtPackage->totalLen);
../Src/main.c(538): warning:  #223-D: function "memcpy" declared implicitly
          memcpy(&pFisrtPackage->data[0], &gOppBleMsg.msgBuf[0], curSdLen);       
../Src/main.c(562): warning:  #223-D: function "memcpy" declared implicitly
          memcpy(&pMainPackage->data[0], &gOppBleMsg.msgBuf[17+ (sdIndex-1)*19], curSdLen);       
../Src/main.c(650): warning:  #223-D: function "SD_ReadPhotoFileList" declared implicitly
      SD_ReadPhotoFileList("/OSRAM/Photo");
../Src/main.c(651): warning:  #223-D: function "SD_ReadFilmFolderList" declared implicitly
      SD_ReadFilmFolderList("/OSRAM/Film");
../Src/main.c(706): warning:  #223-D: function "OSRAM_config" declared implicitly
          OSRAM_config();
../Src/main.c(707): warning:  #223-D: function "OSRAM_play" declared implicitly
          OSRAM_play();
../Src/main.c(881): warning:  #223-D: function "LED_GPIO_Init" declared implicitly
      LED_GPIO_Init();
../Src/main.c(852): warning:  #177-D: variable "GPIO_InitStruct"  was declared but never referenced
      GPIO_InitTypeDef GPIO_InitStruct;
../Src/main.c(998): warning:  #223-D: function "HAL_TIM_MspPostInit" declared implicitly
    HAL_TIM_MspPostInit(&htim1);
../Src/main.c(1061): warning:  #223-D: function "HAL_TIM_MspPostInit" declared implicitly
    HAL_TIM_MspPostInit(&htim2);
../Src/main.c(1265): warning:  #223-D: function "strcmp" declared implicitly
      if(!strcmp(key,"stop"))
../Src/main.c(1268): warning:  #188-D: enumerated type mixed with another type
          runFlag = 
alse;
../Src/main.c(1273): warning:  #188-D: enumerated type mixed with another type
          runFlag = 
rue;
../Src/main.c(1291): warning:  #188-D: enumerated type mixed with another type
          powerFlag = powerFlag==
rue?
alse:
rue;
../Src/main.c(1295): warning:  #223-D: function "atoi" declared implicitly
          ttt = atoi(key);
../Src/main.c(1318): warning:  #223-D: function "drv_pwm_speed" declared implicitly
          drv_pwm_speed(ttt);
../Src/main.c(1323): warning:  #223-D: function "Drv_SERIAL_Act" declared implicitly
          Drv_SERIAL_Act(SET_CODE(CMD_CODE_MASK_IR, CMD_OP_IR_CODE), IR_code);
../Src/main.c(1333): warning:  #223-D: function "memset" declared implicitly
      memset(data,0,sizeof(data));
../Src/main.c(1334): warning:  #223-D: function "memcpy" declared implicitly
      memcpy(data, &UsartType2.RX_pData[1], 20);
../Src/main.c(1349): warning:  #188-D: enumerated type mixed with another type
                  powerFlag = 
rue;
../Src/main.c(1358): warning:  #188-D: enumerated type mixed with another type
                  powerFlag = 
alse;
../Src/main.c(1383): warning:  #223-D: function "Drv_SERIAL_Act" declared implicitly
              Drv_SERIAL_Act(SET_CODE(CMD_CODE_MASK_IR, CMD_OP_IR_CODE), IR_code);
../Src/main.c(932): warning:  #177-D: function "MX_TIM1_Init"  was declared but never referenced
  static void MX_TIM1_Init(void)
../Src/main.c(1002): warning:  #177-D: function "MX_TIM2_Init"  was declared but never referenced
  static void MX_TIM2_Init(void)
../Src/main.c(1102): warning:  #177-D: function "MX_TIM3_Init"  was declared but never referenced
  static void MX_TIM3_Init(void)
../Src/main.c: 54 warnings, 0 errors
linking...
Program Size: Code=28446 RO-data=426 RW-data=1180 ZI-data=14220  
"GesControl_F103\cube_5153_F103.axf" - 0 Error(s), 53 Warning(s).

<h2>Software Packages used:</h2>

Package Vendor: ARM
                http://www.keil.com/pack/ARM.CMSIS.5.0.1.pack
                ARM.CMSIS.5.0.1
                CMSIS (Cortex Microcontroller Software Interface Standard)
   * Component: CORE Version: 5.0.1

Package Vendor: Keil
                http://www.keil.com/pack/Keil.STM32F1xx_DFP.2.3.0.pack
                Keil.STM32F1xx_DFP.2.3.0
                STMicroelectronics STM32F1 Series Device Support, Drivers and Examples

<h2>Collection of Component include folders:</h2>
  .\RTE\_GesControl_F103
  C:\Keil_v5\ARM\PACK\ARM\CMSIS\5.0.1\CMSIS\Include
  C:\Keil_v5\ARM\PACK\Keil\STM32F1xx_DFP\2.3.0\Device\Include

<h2>Collection of Component Files used:</h2>

   * Component: ARM::CMSIS:CORE:5.0.1
Build Time Elapsed:  00:00:03
</pre>
</body>
</html>
