Component: ARM Compiler 5.06 update 5 (build 528) Tool: armlink [4d35e2]

==============================================================================

Section Cross References

    startup_stm32f103xb.o(RESET) refers to startup_stm32f103xb.o(STACK) for __initial_sp
    startup_stm32f103xb.o(RESET) refers to startup_stm32f103xb.o(.text) for Reset_Handler
    startup_stm32f103xb.o(RESET) refers to stm32f1xx_it.o(i.NMI_Handler) for NMI_Handler
    startup_stm32f103xb.o(RESET) refers to stm32f1xx_it.o(i.HardFault_Handler) for HardFault_Handler
    startup_stm32f103xb.o(RESET) refers to stm32f1xx_it.o(i.MemManage_Handler) for MemManage_Handler
    startup_stm32f103xb.o(RESET) refers to stm32f1xx_it.o(i.BusFault_Handler) for BusFault_Handler
    startup_stm32f103xb.o(RESET) refers to stm32f1xx_it.o(i.UsageFault_Handler) for UsageFault_Handler
    startup_stm32f103xb.o(RESET) refers to stm32f1xx_it.o(i.SVC_Handler) for SVC_Handler
    startup_stm32f103xb.o(RESET) refers to stm32f1xx_it.o(i.DebugMon_Handler) for DebugMon_Handler
    startup_stm32f103xb.o(RESET) refers to stm32f1xx_it.o(i.PendSV_Handler) for PendSV_Handler
    startup_stm32f103xb.o(RESET) refers to stm32f1xx_it.o(i.SysTick_Handler) for SysTick_Handler
    startup_stm32f103xb.o(RESET) refers to stm32f1xx_it.o(i.EXTI9_5_IRQHandler) for EXTI9_5_IRQHandler
    startup_stm32f103xb.o(.text) refers to system_stm32f1xx.o(i.SystemInit) for SystemInit
    startup_stm32f103xb.o(.text) refers to entry.o(.ARM.Collect$$$$00000000) for __main
    stm32f1xx_hal_dma.o(i.HAL_DMA_Abort) refers to stm32f1xx_hal.o(i.HAL_GetTick) for HAL_GetTick
    stm32f1xx_hal_dma.o(i.HAL_DMA_PollForTransfer) refers to stm32f1xx_hal.o(i.HAL_GetTick) for HAL_GetTick
    stm32f1xx_hal_dma.o(i.HAL_DMA_Start) refers to stm32f1xx_hal_dma.o(i.DMA_SetConfig) for DMA_SetConfig
    stm32f1xx_hal_dma.o(i.HAL_DMA_Start_IT) refers to stm32f1xx_hal_dma.o(i.DMA_SetConfig) for DMA_SetConfig
    stm32f1xx_hal_cortex.o(i.HAL_NVIC_GetPriorityGrouping) refers to stm32f1xx_hal_cortex.o(i.NVIC_GetPriorityGrouping) for NVIC_GetPriorityGrouping
    stm32f1xx_hal_cortex.o(i.HAL_NVIC_SetPriority) refers to stm32f1xx_hal_cortex.o(i.NVIC_GetPriorityGrouping) for NVIC_GetPriorityGrouping
    stm32f1xx_hal_cortex.o(i.HAL_NVIC_SetPriority) refers to stm32f1xx_hal_cortex.o(i.NVIC_SetPriority) for NVIC_SetPriority
    stm32f1xx_hal_cortex.o(i.HAL_SYSTICK_Config) refers to stm32f1xx_hal_cortex.o(i.NVIC_SetPriority) for NVIC_SetPriority
    stm32f1xx_hal_cortex.o(i.HAL_SYSTICK_IRQHandler) refers to stm32f1xx_hal_cortex.o(i.HAL_SYSTICK_Callback) for HAL_SYSTICK_Callback
    stm32f1xx_hal_rcc.o(i.HAL_RCC_ClockConfig) refers to stm32f1xx_hal.o(i.HAL_GetTick) for HAL_GetTick
    stm32f1xx_hal_rcc.o(i.HAL_RCC_ClockConfig) refers to stm32f1xx_hal_rcc.o(i.HAL_RCC_GetSysClockFreq) for HAL_RCC_GetSysClockFreq
    stm32f1xx_hal_rcc.o(i.HAL_RCC_ClockConfig) refers to stm32f1xx_hal.o(i.HAL_InitTick) for HAL_InitTick
    stm32f1xx_hal_rcc.o(i.HAL_RCC_ClockConfig) refers to system_stm32f1xx.o(.constdata) for AHBPrescTable
    stm32f1xx_hal_rcc.o(i.HAL_RCC_ClockConfig) refers to system_stm32f1xx.o(.data) for SystemCoreClock
    stm32f1xx_hal_rcc.o(i.HAL_RCC_DeInit) refers to system_stm32f1xx.o(.data) for SystemCoreClock
    stm32f1xx_hal_rcc.o(i.HAL_RCC_GetHCLKFreq) refers to system_stm32f1xx.o(.data) for SystemCoreClock
    stm32f1xx_hal_rcc.o(i.HAL_RCC_GetPCLK1Freq) refers to stm32f1xx_hal_rcc.o(i.HAL_RCC_GetHCLKFreq) for HAL_RCC_GetHCLKFreq
    stm32f1xx_hal_rcc.o(i.HAL_RCC_GetPCLK1Freq) refers to system_stm32f1xx.o(.constdata) for APBPrescTable
    stm32f1xx_hal_rcc.o(i.HAL_RCC_GetPCLK2Freq) refers to stm32f1xx_hal_rcc.o(i.HAL_RCC_GetHCLKFreq) for HAL_RCC_GetHCLKFreq
    stm32f1xx_hal_rcc.o(i.HAL_RCC_GetPCLK2Freq) refers to system_stm32f1xx.o(.constdata) for APBPrescTable
    stm32f1xx_hal_rcc.o(i.HAL_RCC_MCOConfig) refers to stm32f1xx_hal_gpio.o(i.HAL_GPIO_Init) for HAL_GPIO_Init
    stm32f1xx_hal_rcc.o(i.HAL_RCC_NMI_IRQHandler) refers to stm32f1xx_hal_rcc.o(i.HAL_RCC_CSSCallback) for HAL_RCC_CSSCallback
    stm32f1xx_hal_rcc.o(i.HAL_RCC_OscConfig) refers to stm32f1xx_hal.o(i.HAL_GetTick) for HAL_GetTick
    stm32f1xx_hal_rcc.o(i.HAL_RCC_OscConfig) refers to stm32f1xx_hal.o(i.HAL_Delay) for HAL_Delay
    stm32f1xx_hal_rcc_ex.o(i.HAL_RCCEx_GetPeriphCLKFreq) refers to stm32f1xx_hal_rcc.o(i.HAL_RCC_GetPCLK2Freq) for HAL_RCC_GetPCLK2Freq
    stm32f1xx_hal_rcc_ex.o(i.HAL_RCCEx_PeriphCLKConfig) refers to stm32f1xx_hal.o(i.HAL_GetTick) for HAL_GetTick
    stm32f1xx_hal_pwr.o(i.HAL_PWR_EnterSTOPMode) refers to stm32f1xx_hal_pwr.o(i.PWR_OverloadWfe) for PWR_OverloadWfe
    stm32f1xx_hal_pwr.o(i.HAL_PWR_PVD_IRQHandler) refers to stm32f1xx_hal_pwr.o(i.HAL_PWR_PVDCallback) for HAL_PWR_PVDCallback
    stm32f1xx_hal_tim.o(i.HAL_TIM_Base_DeInit) refers to stm32f1xx_hal_tim.o(i.HAL_TIM_Base_MspDeInit) for HAL_TIM_Base_MspDeInit
[...]
    Removing stm32f1xx_hal_tim.o(i.HAL_TIM_IC_MspInit), (2 bytes).
    Removing stm32f1xx_hal_tim.o(i.HAL_TIM_IC_Start), (32 bytes).
    Removing stm32f1xx_hal_tim.o(i.HAL_TIM_IC_Start_DMA), (268 bytes).
    Removing stm32f1xx_hal_tim.o(i.HAL_TIM_IC_Start_IT), (108 bytes).
    Removing stm32f1xx_hal_tim.o(i.HAL_TIM_IC_Stop), (58 bytes).
    Removing stm32f1xx_hal_tim.o(i.HAL_TIM_IC_Stop_DMA), (140 bytes).
    Removing stm32f1xx_hal_tim.o(i.HAL_TIM_IC_Stop_IT), (134 bytes).
    Removing stm32f1xx_hal_tim.o(i.HAL_TIM_IRQHandler), (406 bytes).
    Removing stm32f1xx_hal_tim.o(i.HAL_TIM_OC_ConfigChannel), (116 bytes).
    Removing stm32f1xx_hal_tim.o(i.HAL_TIM_OC_DeInit), (70 bytes).
    Removing stm32f1xx_hal_tim.o(i.HAL_TIM_OC_DelayElapsedCallback), (2 bytes).
    Removing stm32f1xx_hal_tim.o(i.HAL_TIM_OC_GetState), (8 bytes).
    Removing stm32f1xx_hal_tim.o(i.HAL_TIM_OC_Init), (52 bytes).
    Removing stm32f1xx_hal_tim.o(i.HAL_TIM_OC_MspDeInit), (2 bytes).
    Removing stm32f1xx_hal_tim.o(i.HAL_TIM_OC_MspInit), (2 bytes).
    Removing stm32f1xx_hal_tim.o(i.HAL_TIM_OC_Start), (64 bytes).
    Removing stm32f1xx_hal_tim.o(i.HAL_TIM_OC_Start_DMA), (300 bytes).
    Removing stm32f1xx_hal_tim.o(i.HAL_TIM_OC_Start_IT), (140 bytes).
    Removing stm32f1xx_hal_tim.o(i.HAL_TIM_OC_Stop), (116 bytes).
    Removing stm32f1xx_hal_tim.o(i.HAL_TIM_OC_Stop_DMA), (200 bytes).
    Removing stm32f1xx_hal_tim.o(i.HAL_TIM_OC_Stop_IT), (192 bytes).
    Removing stm32f1xx_hal_tim.o(i.HAL_TIM_OnePulse_ConfigChannel), (286 bytes).
    Removing stm32f1xx_hal_tim.o(i.HAL_TIM_OnePulse_DeInit), (70 bytes).
    Removing stm32f1xx_hal_tim.o(i.HAL_TIM_OnePulse_GetState), (8 bytes).
    Removing stm32f1xx_hal_tim.o(i.HAL_TIM_OnePulse_Init), (76 bytes).
    Removing stm32f1xx_hal_tim.o(i.HAL_TIM_OnePulse_MspDeInit), (2 bytes).
    Removing stm32f1xx_hal_tim.o(i.HAL_TIM_OnePulse_MspInit), (2 bytes).
    Removing stm32f1xx_hal_tim.o(i.HAL_TIM_OnePulse_Start), (64 bytes).
    Removing stm32f1xx_hal_tim.o(i.HAL_TIM_OnePulse_Start_IT), (88 bytes).
    Removing stm32f1xx_hal_tim.o(i.HAL_TIM_OnePulse_Stop), (128 bytes).
    Removing stm32f1xx_hal_tim.o(i.HAL_TIM_OnePulse_Stop_IT), (152 bytes).
    Removing stm32f1xx_hal_tim.o(i.HAL_TIM_PWM_DeInit), (70 bytes).
    Removing stm32f1xx_hal_tim.o(i.HAL_TIM_PWM_GetState), (8 bytes).
    Removing stm32f1xx_hal_tim.o(i.HAL_TIM_PWM_MspDeInit), (2 bytes).
    Removing stm32f1xx_hal_tim.o(i.HAL_TIM_PWM_PulseFinishedCallback), (2 bytes).
    Removing stm32f1xx_hal_tim.o(i.HAL_TIM_PWM_Start_DMA), (300 bytes).
    Removing stm32f1xx_hal_tim.o(i.HAL_TIM_PWM_Start_IT), (140 bytes).
    Removing stm32f1xx_hal_tim.o(i.HAL_TIM_PWM_Stop), (124 bytes).
    Removing stm32f1xx_hal_tim.o(i.HAL_TIM_PWM_Stop_DMA), (200 bytes).
    Removing stm32f1xx_hal_tim.o(i.HAL_TIM_PWM_Stop_IT), (192 bytes).
    Removing stm32f1xx_hal_tim.o(i.HAL_TIM_PeriodElapsedCallback), (2 bytes).
    Removing stm32f1xx_hal_tim.o(i.HAL_TIM_ReadCapturedValue), (84 bytes).
    Removing stm32f1xx_hal_tim.o(i.HAL_TIM_SlaveConfigSynchronization), (86 bytes).
    Removing stm32f1xx_hal_tim.o(i.HAL_TIM_SlaveConfigSynchronization_IT), (86 bytes).
    Removing stm32f1xx_hal_tim.o(i.HAL_TIM_TriggerCallback), (2 bytes).
    Removing stm32f1xx_hal_tim.o(i.TIM_DMACaptureCplt), (70 bytes).
    Removing stm32f1xx_hal_tim.o(i.TIM_DMADelayPulseCplt), (70 bytes).
    Removing stm32f1xx_hal_tim.o(i.TIM_DMAError), (20 bytes).
    Removing stm32f1xx_hal_tim.o(i.TIM_DMAPeriodElapsedCplt), (20 bytes).
    Removing stm32f1xx_hal_tim.o(i.TIM_DMATriggerCplt), (20 bytes).
    Removing stm32f1xx_hal_tim.o(i.TIM_SlaveTimer_SetConfig), (164 bytes).
    Removing stm32f1xx_hal_tim.o(i.TIM_TI1_SetConfig), (108 bytes).
    Removing stm32f1xx_hal_tim.o(i.TIM_TI2_SetConfig), (62 bytes).
    Removing stm32f1xx_hal_tim.o(i.TIM_TI3_SetConfig), (60 bytes).
    Removing stm32f1xx_hal_tim.o(i.TIM_TI4_SetConfig), (64 bytes).
    Removing stm32f1xx_hal_tim_ex.o(.rev16_text), (4 bytes).
    Removing stm32f1xx_hal_tim_ex.o(.revsh_text), (4 bytes).
    Removing stm32f1xx_hal_tim_ex.o(.rrx_text), (6 bytes).
    Removing stm32f1xx_hal_tim_ex.o(i.HAL_TIMEx_BreakCallback), (2 bytes).
    Removing stm32f1xx_hal_tim_ex.o(i.HAL_TIMEx_CommutationCallback), (2 bytes).
    Removing stm32f1xx_hal_tim_ex.o(i.HAL_TIMEx_ConfigCommutationEvent), (110 bytes).
    Removing stm32f1xx_hal_tim_ex.o(i.HAL_TIMEx_ConfigCommutationEvent_DMA), (144 bytes).
    Removing stm32f1xx_hal_tim_ex.o(i.HAL_TIMEx_ConfigCommutationEvent_IT), (122 bytes).
    Removing stm32f1xx_hal_tim_ex.o(i.HAL_TIMEx_HallSensor_DeInit), (70 bytes).
    Removing stm32f1xx_hal_tim_ex.o(i.HAL_TIMEx_HallSensor_GetState), (8 bytes).
    Removing stm32f1xx_hal_tim_ex.o(i.HAL_TIMEx_HallSensor_Init), (208 bytes).
    Removing stm32f1xx_hal_tim_ex.o(i.HAL_TIMEx_HallSensor_MspDeInit), (2 bytes).
    Removing stm32f1xx_hal_tim_ex.o(i.HAL_TIMEx_HallSensor_MspInit), (2 bytes).
    Removing stm32f1xx_hal_tim_ex.o(i.HAL_TIMEx_HallSensor_Start), (30 bytes).
    Removing stm32f1xx_hal_tim_ex.o(i.HAL_TIMEx_HallSensor_Start_DMA), (116 bytes).
    Removing stm32f1xx_hal_tim_ex.o(i.HAL_TIMEx_HallSensor_Start_IT), (42 bytes).
    Removing stm32f1xx_hal_tim_ex.o(i.HAL_TIMEx_HallSensor_Stop), (56 bytes).
    Removing stm32f1xx_hal_tim_ex.o(i.HAL_TIMEx_HallSensor_Stop_DMA), (68 bytes).
    Removing stm32f1xx_hal_tim_ex.o(i.HAL_TIMEx_HallSensor_Stop_IT), (68 bytes).
    Removing stm32f1xx_hal_tim_ex.o(i.HAL_TIMEx_OCN_Start), (44 bytes).
    Removing stm32f1xx_hal_tim_ex.o(i.HAL_TIMEx_OCN_Start_DMA), (280 bytes).
    Removing stm32f1xx_hal_tim_ex.o(i.HAL_TIMEx_OCN_Start_IT), (132 bytes).
    Removing stm32f1xx_hal_tim_ex.o(i.HAL_TIMEx_OCN_Stop), (96 bytes).
    Removing stm32f1xx_hal_tim_ex.o(i.HAL_TIMEx_OCN_Stop_DMA), (178 bytes).
    Removing stm32f1xx_hal_tim_ex.o(i.HAL_TIMEx_OCN_Stop_IT), (198 bytes).
    Removing stm32f1xx_hal_tim_ex.o(i.HAL_TIMEx_OnePulseN_Start), (32 bytes).
    Removing stm32f1xx_hal_tim_ex.o(i.HAL_TIMEx_OnePulseN_Start_IT), (56 bytes).
    Removing stm32f1xx_hal_tim_ex.o(i.HAL_TIMEx_OnePulseN_Stop), (96 bytes).
    Removing stm32f1xx_hal_tim_ex.o(i.HAL_TIMEx_OnePulseN_Stop_IT), (120 bytes).
    Removing stm32f1xx_hal_tim_ex.o(i.HAL_TIMEx_PWMN_Start), (44 bytes).
    Removing stm32f1xx_hal_tim_ex.o(i.HAL_TIMEx_PWMN_Start_DMA), (280 bytes).
    Removing stm32f1xx_hal_tim_ex.o(i.HAL_TIMEx_PWMN_Start_IT), (132 bytes).
    Removing stm32f1xx_hal_tim_ex.o(i.HAL_TIMEx_PWMN_Stop), (96 bytes).
    Removing stm32f1xx_hal_tim_ex.o(i.HAL_TIMEx_PWMN_Stop_DMA), (178 bytes).
    Removing stm32f1xx_hal_tim_ex.o(i.HAL_TIMEx_PWMN_Stop_IT), (198 bytes).
    Removing stm32f1xx_hal_tim_ex.o(i.TIMEx_DMACommutationCplt), (20 bytes).
    Removing stm32f1xx_hal_tim_ex.o(i.TIM_CCxNChannelCmd), (28 bytes).
    Removing stm32f1xx_hal_gpio.o(.rev16_text), (4 bytes).
    Removing stm32f1xx_hal_gpio.o(.revsh_text), (4 bytes).
    Removing stm32f1xx_hal_gpio.o(.rrx_text), (6 bytes).
    Removing stm32f1xx_hal_gpio.o(i.HAL_GPIO_DeInit), (312 bytes).
    Removing stm32f1xx_hal_gpio.o(i.HAL_GPIO_LockPin), (46 bytes).
    Removing stm32f1xx_hal_gpio.o(i.HAL_GPIO_TogglePin), (8 bytes).
    Removing stm32f1xx_hal_flash_ex.o(.rev16_text), (4 bytes).
    Removing stm32f1xx_hal_flash_ex.o(.revsh_text), (4 bytes).
    Removing stm32f1xx_hal_flash_ex.o(.rrx_text), (6 bytes).
    Removing stm32f1xx_hal_flash_ex.o(i.FLASH_MassErase), (40 bytes).
    Removing stm32f1xx_hal_flash_ex.o(i.FLASH_OB_DisableWRP), (232 bytes).
    Removing stm32f1xx_hal_flash_ex.o(i.FLASH_OB_EnableWRP), (236 bytes).
    Removing stm32f1xx_hal_flash_ex.o(i.FLASH_OB_GetRDP), (28 bytes).
    Removing stm32f1xx_hal_flash_ex.o(i.FLASH_OB_GetUser), (28 bytes).
    Removing stm32f1xx_hal_flash_ex.o(i.FLASH_OB_GetWRP), (12 bytes).
    Removing stm32f1xx_hal_flash_ex.o(i.FLASH_OB_ProgramData), (76 bytes).
    Removing stm32f1xx_hal_flash_ex.o(i.FLASH_OB_RDP_LevelConfig), (124 bytes).
    Removing stm32f1xx_hal_flash_ex.o(i.FLASH_OB_UserConfig), (84 bytes).
    Removing stm32f1xx_hal_flash_ex.o(i.FLASH_PageErase), (40 bytes).
    Removing stm32f1xx_hal_flash_ex.o(i.HAL_FLASHEx_Erase), (176 bytes).
    Removing stm32f1xx_hal_flash_ex.o(i.HAL_FLASHEx_Erase_IT), (100 bytes).
    Removing stm32f1xx_hal_flash_ex.o(i.HAL_FLASHEx_OBErase), (96 bytes).
    Removing stm32f1xx_hal_flash_ex.o(i.HAL_FLASHEx_OBGetConfig), (28 bytes).
    Removing stm32f1xx_hal_flash_ex.o(i.HAL_FLASHEx_OBGetUserData), (72 bytes).
    Removing stm32f1xx_hal_flash_ex.o(i.HAL_FLASHEx_OBProgram), (200 bytes).
    Removing stm32f1xx_hal_uart.o(.rev16_text), (4 bytes).
    Removing stm32f1xx_hal_uart.o(.revsh_text), (4 bytes).
    Removing stm32f1xx_hal_uart.o(.rrx_text), (6 bytes).
    Removing stm32f1xx_hal_uart.o(i.HAL_HalfDuplex_EnableReceiver), (64 bytes).
    Removing stm32f1xx_hal_uart.o(i.HAL_HalfDuplex_EnableTransmitter), (66 bytes).
    Removing stm32f1xx_hal_uart.o(i.HAL_HalfDuplex_Init), (114 bytes).
    Removing stm32f1xx_hal_uart.o(i.HAL_LIN_Init), (130 bytes).
    Removing stm32f1xx_hal_uart.o(i.HAL_LIN_SendBreak), (62 bytes).
    Removing stm32f1xx_hal_uart.o(i.HAL_MultiProcessor_EnterMuteMode), (62 bytes).
    Removing stm32f1xx_hal_uart.o(i.HAL_MultiProcessor_ExitMuteMode), (62 bytes).
    Removing stm32f1xx_hal_uart.o(i.HAL_MultiProcessor_Init), (134 bytes).
    Removing stm32f1xx_hal_uart.o(i.HAL_UART_DMAPause), (118 bytes).
    Removing stm32f1xx_hal_uart.o(i.HAL_UART_DMAResume), (156 bytes).
    Removing stm32f1xx_hal_uart.o(i.HAL_UART_DMAStop), (46 bytes).
    Removing stm32f1xx_hal_uart.o(i.HAL_UART_DeInit), (68 bytes).
    Removing stm32f1xx_hal_uart.o(i.HAL_UART_ErrorCallback), (2 bytes).
    Removing stm32f1xx_hal_uart.o(i.HAL_UART_GetError), (6 bytes).
    Removing stm32f1xx_hal_uart.o(i.HAL_UART_GetState), (8 bytes).
    Removing stm32f1xx_hal_uart.o(i.HAL_UART_IRQHandler), (218 bytes).
    Removing stm32f1xx_hal_uart.o(i.HAL_UART_MspDeInit), (2 bytes).
    Removing stm32f1xx_hal_uart.o(i.HAL_UART_MspInit), (2 bytes).
    Removing stm32f1xx_hal_uart.o(i.HAL_UART_Receive), (248 bytes).
    Removing stm32f1xx_hal_uart.o(i.HAL_UART_Receive_DMA), (160 bytes).
    Removing stm32f1xx_hal_uart.o(i.HAL_UART_Receive_IT), (134 bytes).
    Removing stm32f1xx_hal_uart.o(i.HAL_UART_RxCpltCallback), (2 bytes).
    Removing stm32f1xx_hal_uart.o(i.HAL_UART_RxHalfCpltCallback), (2 bytes).
    Removing stm32f1xx_hal_uart.o(i.HAL_UART_Transmit_DMA), (168 bytes).
    Removing stm32f1xx_hal_uart.o(i.HAL_UART_Transmit_IT), (110 bytes).
    Removing stm32f1xx_hal_uart.o(i.HAL_UART_TxCpltCallback), (2 bytes).
    Removing stm32f1xx_hal_uart.o(i.HAL_UART_TxHalfCpltCallback), (2 bytes).
    Removing stm32f1xx_hal_uart.o(i.UART_DMAError), (34 bytes).
    Removing stm32f1xx_hal_uart.o(i.UART_DMAReceiveCplt), (62 bytes).
    Removing stm32f1xx_hal_uart.o(i.UART_DMARxHalfCplt), (14 bytes).
    Removing stm32f1xx_hal_uart.o(i.UART_DMATransmitCplt), (54 bytes).
    Removing stm32f1xx_hal_uart.o(i.UART_DMATxHalfCplt), (14 bytes).
    Removing stm32f1xx_hal_uart.o(i.UART_EndTransmit_IT), (48 bytes).
    Removing stm32f1xx_hal_uart.o(i.UART_Receive_IT), (188 bytes).
    Removing stm32f1xx_hal_uart.o(i.UART_Transmit_IT), (112 bytes).
    Removing stm32f1xx_hal_flash.o(.rev16_text), (4 bytes).
    Removing stm32f1xx_hal_flash.o(.revsh_text), (4 bytes).
    Removing stm32f1xx_hal_flash.o(.rrx_text), (6 bytes).
    Removing stm32f1xx_hal_flash.o(i.FLASH_Program_HalfWord), (32 bytes).
    Removing stm32f1xx_hal_flash.o(i.FLASH_SetErrorCode), (104 bytes).
    Removing stm32f1xx_hal_flash.o(i.FLASH_WaitForLastOperation), (112 bytes).
    Removing stm32f1xx_hal_flash.o(i.HAL_FLASH_EndOfOperationCallback), (2 bytes).
    Removing stm32f1xx_hal_flash.o(i.HAL_FLASH_GetError), (12 bytes).
    Removing stm32f1xx_hal_flash.o(i.HAL_FLASH_IRQHandler), (384 bytes).
    Removing stm32f1xx_hal_flash.o(i.HAL_FLASH_Lock), (20 bytes).
    Removing stm32f1xx_hal_flash.o(i.HAL_FLASH_OB_Launch), (10 bytes).
    Removing stm32f1xx_hal_flash.o(i.HAL_FLASH_OB_Lock), (20 bytes).
    Removing stm32f1xx_hal_flash.o(i.HAL_FLASH_OB_Unlock), (44 bytes).
    Removing stm32f1xx_hal_flash.o(i.HAL_FLASH_OperationErrorCallback), (2 bytes).
    Removing stm32f1xx_hal_flash.o(i.HAL_FLASH_Program), (176 bytes).
    Removing stm32f1xx_hal_flash.o(i.HAL_FLASH_Program_IT), (124 bytes).
    Removing stm32f1xx_hal_flash.o(i.HAL_FLASH_Unlock), (44 bytes).
    Removing stm32f1xx_hal_flash.o(.bss), (32 bytes).
    Removing stm32f1xx_hal_gpio_ex.o(.rev16_text), (4 bytes).
    Removing stm32f1xx_hal_gpio_ex.o(.revsh_text), (4 bytes).
    Removing stm32f1xx_hal_gpio_ex.o(.rrx_text), (6 bytes).
    Removing stm32f1xx_hal_gpio_ex.o(i.HAL_GPIOEx_ConfigEventout), (24 bytes).
    Removing stm32f1xx_hal_gpio_ex.o(i.HAL_GPIOEx_DisableEventout), (20 bytes).
    Removing stm32f1xx_hal_gpio_ex.o(i.HAL_GPIOEx_EnableEventout), (20 bytes).
    Removing stm32f1xx_hal.o(.rev16_text), (4 bytes).
    Removing stm32f1xx_hal.o(.revsh_text), (4 bytes).
    Removing stm32f1xx_hal.o(.rrx_text), (6 bytes).
    Removing stm32f1xx_hal.o(i.HAL_DBGMCU_DisableDBGSleepMode), (20 bytes).
    Removing stm32f1xx_hal.o(i.HAL_DBGMCU_DisableDBGStandbyMode), (20 bytes).
    Removing stm32f1xx_hal.o(i.HAL_DBGMCU_DisableDBGStopMode), (20 bytes).
    Removing stm32f1xx_hal.o(i.HAL_DBGMCU_EnableDBGSleepMode), (20 bytes).
    Removing stm32f1xx_hal.o(i.HAL_DBGMCU_EnableDBGStandbyMode), (20 bytes).
    Removing stm32f1xx_hal.o(i.HAL_DBGMCU_EnableDBGStopMode), (20 bytes).
    Removing stm32f1xx_hal.o(i.HAL_DeInit), (36 bytes).
    Removing stm32f1xx_hal.o(i.HAL_GetDEVID), (16 bytes).
    Removing stm32f1xx_hal.o(i.HAL_GetHalVersion), (8 bytes).
    Removing stm32f1xx_hal.o(i.HAL_GetREVID), (28 bytes).
    Removing stm32f1xx_hal.o(i.HAL_MspDeInit), (2 bytes).
    Removing stm32f1xx_hal.o(i.HAL_MspInit), (2 bytes).
    Removing stm32f1xx_hal.o(i.HAL_ResumeTick), (18 bytes).
    Removing stm32f1xx_hal.o(i.HAL_SuspendTick), (18 bytes).
    Removing system_stm32f1xx.o(.rev16_text), (4 bytes).
    Removing system_stm32f1xx.o(.revsh_text), (4 bytes).
    Removing system_stm32f1xx.o(.rrx_text), (6 bytes).
    Removing system_stm32f1xx.o(i.SystemCoreClockUpdate), (164 bytes).
    Removing main.o(.rev16_text), (4 bytes).
    Removing main.o(.revsh_text), (4 bytes).
    Removing main.o(.rrx_text), (6 bytes).
    Removing main.o(i.I2C_get_sda_state), (32 bytes).
    Removing stm32f1xx_hal_msp.o(.rev16_text), (4 bytes).
    Removing stm32f1xx_hal_msp.o(.revsh_text), (4 bytes).
    Removing stm32f1xx_hal_msp.o(.rrx_text), (6 bytes).
    Removing stm32f1xx_hal_msp.o(i.HAL_UART_MspDeInit), (48 bytes).
    Removing stm32f1xx_it.o(.rev16_text), (4 bytes).
    Removing stm32f1xx_it.o(.revsh_text), (4 bytes).
    Removing stm32f1xx_it.o(.rrx_text), (6 bytes).
    Removing app.o(.rev16_text), (4 bytes).
    Removing app.o(.revsh_text), (4 bytes).
    Removing app.o(.rrx_text), (6 bytes).
    Removing app.o(i.Ges_Analysis), (572 bytes).
    Removing app.o(i.Ges_Edge_Find), (236 bytes).
    Removing app.o(i.Ges_Hold_Height_Judge), (628 bytes).
    Removing app.o(i.Ges_Hold_Judge), (272 bytes).
    Removing app.o(i.Ges_Normalize), (168 bytes).
    Removing app.o(i.Ges_Trend_Find), (212 bytes).
    Removing app.o(i.Ges_Wave_Search), (568 bytes).
    Removing app.o(i.LED_Tick_Check), (88 bytes).
    Removing gesture.o(.rev16_text), (4 bytes).
    Removing gesture.o(.revsh_text), (4 bytes).
    Removing gesture.o(.rrx_text), (6 bytes).
    Removing gesture.o(.data), (4 bytes).
    Removing siliconsi115x.o(.rev16_text), (4 bytes).
    Removing siliconsi115x.o(.revsh_text), (4 bytes).
    Removing siliconsi115x.o(.rrx_text), (6 bytes).
    Removing siliconsi115x.o(i.SILAB_ReadID), (24 bytes).
    Removing softi2c.o(.rev16_text), (4 bytes).
    Removing softi2c.o(.revsh_text), (4 bytes).
    Removing softi2c.o(.rrx_text), (6 bytes).
    Removing dadd.o(.text), (334 bytes).
    Removing dmul.o(.text), (228 bytes).
    Removing ddiv.o(.text), (222 bytes).
    Removing dfixul.o(.text), (48 bytes).
    Removing cdrcmple.o(.text), (48 bytes).
    Removing depilogue.o(.text), (186 bytes).

341 unused section(s) (total 27478 bytes) removed from the image.

==============================================================================

Image Symbol Table

    Local Symbols

    Symbol Name                              Value     Ov Type        Size  Object(Section)

    ../Drivers/STM32F1xx_HAL_Driver/Src/stm32f1xx_hal.c 0x00000000   Number         0  stm32f1xx_hal.o ABSOLUTE
    ../Drivers/STM32F1xx_HAL_Driver/Src/stm32f1xx_hal_cortex.c 0x00000000   Number         0  stm32f1xx_hal_cortex.o ABSOLUTE
    ../Drivers/STM32F1xx_HAL_Driver/Src/stm32f1xx_hal_dma.c 0x00000000   Number         0  stm32f1xx_hal_dma.o ABSOLUTE
    ../Drivers/STM32F1xx_HAL_Driver/Src/stm32f1xx_hal_flash.c 0x00000000   Number         0  stm32f1xx_hal_flash.o ABSOLUTE
    ../Drivers/STM32F1xx_HAL_Driver/Src/stm32f1xx_hal_flash_ex.c 0x00000000   Number         0  stm32f1xx_hal_flash_ex.o ABSOLUTE
    ../Drivers/STM32F1xx_HAL_Driver/Src/stm32f1xx_hal_gpio.c 0x00000000   Number         0  stm32f1xx_hal_gpio.o ABSOLUTE
    ../Drivers/STM32F1xx_HAL_Driver/Src/stm32f1xx_hal_gpio_ex.c 0x00000000   Number         0  stm32f1xx_hal_gpio_ex.o ABSOLUTE
    ../Drivers/STM32F1xx_HAL_Driver/Src/stm32f1xx_hal_pwr.c 0x00000000   Number         0  stm32f1xx_hal_pwr.o ABSOLUTE
    ../Drivers/STM32F1xx_HAL_Driver/Src/stm32f1xx_hal_rcc.c 0x00000000   Number         0  stm32f1xx_hal_rcc.o ABSOLUTE
    ../Drivers/STM32F1xx_HAL_Driver/Src/stm32f1xx_hal_rcc_ex.c 0x00000000   Number         0  stm32f1xx_hal_rcc_ex.o ABSOLUTE
    ../Drivers/STM32F1xx_HAL_Driver/Src/stm32f1xx_hal_tim.c 0x00000000   Number         0  stm32f1xx_hal_tim.o ABSOLUTE
    ../Drivers/STM32F1xx_HAL_Driver/Src/stm32f1xx_hal_tim_ex.c 0x00000000   Number         0  stm32f1xx_hal_tim_ex.o ABSOLUTE
    ../Drivers/STM32F1xx_HAL_Driver/Src/stm32f1xx_hal_uart.c 0x00000000   Number         0  stm32f1xx_hal_uart.o ABSOLUTE
    ../Src/main.c                            0x00000000   Number         0  main.o ABSOLUTE
    ../Src/stm32f1xx_hal_msp.c               0x00000000   Number         0  stm32f1xx_hal_msp.o ABSOLUTE
    ../Src/stm32f1xx_it.c                    0x00000000   Number         0  stm32f1xx_it.o ABSOLUTE
    ../Src/system_stm32f1xx.c                0x00000000   Number         0  system_stm32f1xx.o ABSOLUTE
    ../clib/microlib/division.c              0x00000000   Number         0  uidiv.o ABSOLUTE
    ../clib/microlib/division.c              0x00000000   Number         0  uldiv.o ABSOLUTE
    ../clib/microlib/init/entry.s            0x00000000   Number         0  entry5.o ABSOLUTE
    ../clib/microlib/init/entry.s            0x00000000   Number         0  entry2.o ABSOLUTE
    ../clib/microlib/init/entry.s            0x00000000   Number         0  entry9b.o ABSOLUTE
    ../clib/microlib/init/entry.s            0x00000000   Number         0  entry10b.o ABSOLUTE
    ../clib/microlib/init/entry.s            0x00000000   Number         0  entry10a.o ABSOLUTE
    ../clib/microlib/init/entry.s            0x00000000   Number         0  entry7a.o ABSOLUTE
    ../clib/microlib/init/entry.s            0x00000000   Number         0  entry9a.o ABSOLUTE
    ../clib/microlib/init/entry.s            0x00000000   Number         0  entry8b.o ABSOLUTE
    ../clib/microlib/init/entry.s            0x00000000   Number         0  entry8a.o ABSOLUTE
    ../clib/microlib/init/entry.s            0x00000000   Number         0  entry7b.o ABSOLUTE
    ../clib/microlib/init/entry.s            0x00000000   Number         0  entry11a.o ABSOLUTE
    ../clib/microlib/init/entry.s            0x00000000   Number         0  entry11b.o ABSOLUTE
    ../clib/microlib/init/entry.s            0x00000000   Number         0  entry.o ABSOLUTE
    ../clib/microlib/longlong.c              0x00000000   Number         0  llshl.o ABSOLUTE
    ../clib/microlib/longlong.c              0x00000000   Number         0  llushr.o ABSOLUTE
    ../clib/microlib/longlong.c              0x00000000   Number         0  llsshr.o ABSOLUTE
    ../clib/microlib/printf/printf.c         0x00000000   Number         0  printfa.o ABSOLUTE
    ../clib/microlib/printf/printf.c         0x00000000   Number         0  printf8.o ABSOLUTE
    ../clib/microlib/printf/printf.c         0x00000000   Number         0  printf7.o ABSOLUTE
    ../clib/microlib/printf/printf.c         0x00000000   Number         0  printf6.o ABSOLUTE
    ../clib/microlib/printf/printf.c         0x00000000   Number         0  printf5.o ABSOLUTE
    ../clib/microlib/printf/printf.c         0x00000000   Number         0  printf4.o ABSOLUTE
    ../clib/microlib/printf/printf.c         0x00000000   Number         0  printf3.o ABSOLUTE
    ../clib/microlib/printf/printf.c         0x00000000   Number         0  printfb.o ABSOLUTE
    ../clib/microlib/printf/printf.c         0x00000000   Number         0  printf0.o ABSOLUTE
    ../clib/microlib/printf/printf.c         0x00000000   Number         0  printf1.o ABSOLUTE
    ../clib/microlib/printf/printf.c         0x00000000   Number         0  printf2.o ABSOLUTE
    ../clib/microlib/printf/stubs.s          0x00000000   Number         0  stubs.o ABSOLUTE
    ../clib/microlib/stdio/streams.c         0x00000000   Number         0  stdout.o ABSOLUTE
    ../clib/microlib/string/memset.c         0x00000000   Number         0  memseta.o ABSOLUTE
    ../clib/microlib/stubs.s                 0x00000000   Number         0  iusefp.o ABSOLUTE
    ../fplib/microlib/fpadd.c                0x00000000   Number         0  dadd.o ABSOLUTE
    ../fplib/microlib/fpdiv.c                0x00000000   Number         0  ddiv.o ABSOLUTE
    ../fplib/microlib/fpepilogue.c           0x00000000   Number         0  depilogue.o ABSOLUTE
    ../fplib/microlib/fpfix.c                0x00000000   Number         0  dfixul.o ABSOLUTE
    ../fplib/microlib/fpmul.c                0x00000000   Number         0  dmul.o ABSOLUTE
    ..\Drivers\STM32F1xx_HAL_Driver\Src\stm32f1xx_hal.c 0x00000000   Number         0  stm32f1xx_hal.o ABSOLUTE
    ..\Drivers\STM32F1xx_HAL_Driver\Src\stm32f1xx_hal_cortex.c 0x00000000   Number         0  stm32f1xx_hal_cortex.o ABSOLUTE
    ..\Drivers\STM32F1xx_HAL_Driver\Src\stm32f1xx_hal_dma.c 0x00000000   Number         0  stm32f1xx_hal_dma.o ABSOLUTE
    ..\Drivers\STM32F1xx_HAL_Driver\Src\stm32f1xx_hal_flash.c 0x00000000   Number         0  stm32f1xx_hal_flash.o ABSOLUTE
    ..\Drivers\STM32F1xx_HAL_Driver\Src\stm32f1xx_hal_flash_ex.c 0x00000000   Number         0  stm32f1xx_hal_flash_ex.o ABSOLUTE
    ..\Drivers\STM32F1xx_HAL_Driver\Src\stm32f1xx_hal_gpio.c 0x00000000   Number         0  stm32f1xx_hal_gpio.o ABSOLUTE
    ..\Drivers\STM32F1xx_HAL_Driver\Src\stm32f1xx_hal_gpio_ex.c 0x00000000   Number         0  stm32f1xx_hal_gpio_ex.o ABSOLUTE
    ..\Drivers\STM32F1xx_HAL_Driver\Src\stm32f1xx_hal_pwr.c 0x00000000   Number         0  stm32f1xx_hal_pwr.o ABSOLUTE
    ..\Drivers\STM32F1xx_HAL_Driver\Src\stm32f1xx_hal_rcc.c 0x00000000   Number         0  stm32f1xx_hal_rcc.o ABSOLUTE
    ..\Drivers\STM32F1xx_HAL_Driver\Src\stm32f1xx_hal_rcc_ex.c 0x00000000   Number         0  stm32f1xx_hal_rcc_ex.o ABSOLUTE
    ..\Drivers\STM32F1xx_HAL_Driver\Src\stm32f1xx_hal_tim.c 0x00000000   Number         0  stm32f1xx_hal_tim.o ABSOLUTE
    ..\Drivers\STM32F1xx_HAL_Driver\Src\stm32f1xx_hal_tim_ex.c 0x00000000   Number         0  stm32f1xx_hal_tim_ex.o ABSOLUTE
    ..\Drivers\STM32F1xx_HAL_Driver\Src\stm32f1xx_hal_uart.c 0x00000000   Number         0  stm32f1xx_hal_uart.o ABSOLUTE
    ..\Src\App.c                             0x00000000   Number         0  app.o ABSOLUTE
    ..\Src\gesture.c                         0x00000000   Number         0  gesture.o ABSOLUTE
    ..\Src\main.c                            0x00000000   Number         0  main.o ABSOLUTE
    ..\Src\siliconSi115x.c                   0x00000000   Number         0  siliconsi115x.o ABSOLUTE
    ..\Src\softi2c.c                         0x00000000   Number         0  softi2c.o ABSOLUTE
    ..\Src\stm32f1xx_hal_msp.c               0x00000000   Number         0  stm32f1xx_hal_msp.o ABSOLUTE
    ..\Src\stm32f1xx_it.c                    0x00000000   Number         0  stm32f1xx_it.o ABSOLUTE
    ..\Src\system_stm32f1xx.c                0x00000000   Number         0  system_stm32f1xx.o ABSOLUTE
    ..\\Src\\App.c                           0x00000000   Number         0  app.o ABSOLUTE
    ..\\Src\\gesture.c                       0x00000000   Number         0  gesture.o ABSOLUTE
    ..\\Src\\siliconSi115x.c                 0x00000000   Number         0  siliconsi115x.o ABSOLUTE
    ..\\Src\\softi2c.c                       0x00000000   Number         0  softi2c.o ABSOLUTE
    cdrcmple.s                               0x00000000   Number         0  cdrcmple.o ABSOLUTE
    dc.s                                     0x00000000   Number         0  dc.o ABSOLUTE
    handlers.s                               0x00000000   Number         0  handlers.o ABSOLUTE
    init.s                                   0x00000000   Number         0  init.o ABSOLUTE
    startup_stm32f103xb.s                    0x00000000   Number         0  startup_stm32f103xb.o ABSOLUTE
    RESET                                    0x08000000   Section      236  startup_stm32f103xb.o(RESET)
    .ARM.Collect$$$$00000000                 0x080000ec   Section        0  entry.o(.ARM.Collect$$$$00000000)
    .ARM.Collect$$$$00000001                 0x080000ec   Section        4  entry2.o(.ARM.Collect$$$$00000001)
    .ARM.Collect$$$$00000004                 0x080000f0   Section        4  entry5.o(.ARM.Collect$$$$00000004)
    .ARM.Collect$$$$00000008                 0x080000f4   Section        0  entry7b.o(.ARM.Collect$$$$00000008)
    .ARM.Collect$$$$0000000A                 0x080000f4   Section        0  entry8b.o(.ARM.Collect$$$$0000000A)
    .ARM.Collect$$$$0000000B                 0x080000f4   Section        8  entry9a.o(.ARM.Collect$$$$0000000B)
    .ARM.Collect$$$$0000000D                 0x080000fc   Section        0  entry10a.o(.ARM.Collect$$$$0000000D)
    .ARM.Collect$$$$0000000F                 0x080000fc   Section        0  entry11a.o(.ARM.Collect$$$$0000000F)
    .ARM.Collect$$$$00002712                 0x080000fc   Section        4  entry2.o(.ARM.Collect$$$$00002712)
    __lit__00000000                          0x080000fc   Data           4  entry2.o(.ARM.Collect$$$$00002712)
    .text                                    0x08000100   Section       36  startup_stm32f103xb.o(.text)
    .text                                    0x08000124   Section        0  uldiv.o(.text)
    .text                                    0x08000186   Section        0  llushr.o(.text)
    .text                                    0x080001a6   Section        0  memseta.o(.text)
    .text                                    0x080001ca   Section        0  llshl.o(.text)
    .text                                    0x080001e8   Section       36  init.o(.text)
    i.App_Init                               0x0800020c   Section        0  app.o(i.App_Init)
    i.App_Task                               0x08000298   Section        0  app.o(i.App_Task)
    i.App_Var_Init                           0x08000900   Section        0  app.o(i.App_Var_Init)
    i.BusFault_Handler                       0x08000940   Section        0  stm32f1xx_it.o(i.BusFault_Handler)
    i.DEMO_Init                              0x08000944   Section        0  gesture.o(i.DEMO_Init)
    i.DebugMon_Handler                       0x080009a0   Section        0  stm32f1xx_it.o(i.DebugMon_Handler)
    i.Drv_PWM_Init                           0x080009a4   Section        0  main.o(i.Drv_PWM_Init)
    i.Drv_PWM_Proc                           0x080009c0   Section        0  main.o(i.Drv_PWM_Proc)
    i.Drv_SILICON_Proc                       0x08000b44   Section        0  gesture.o(i.Drv_SILICON_Proc)
    i.EXTI9_5_IRQHandler                     0x08000b4c   Section        0  stm32f1xx_it.o(i.EXTI9_5_IRQHandler)
    i.Error_Handler                          0x08000b56   Section        0  main.o(i.Error_Handler)
    i.Ges_Add_Sample                         0x08000b5c   Section        0  app.o(i.Ges_Add_Sample)
    i.Ges_Calib                              0x08000c0c   Section        0  app.o(i.Ges_Calib)
    i.Ges_Comb                               0x08000cb0   Section        0  app.o(i.Ges_Comb)
    i.Ges_Detect_Sample                      0x08000eec   Section        0  app.o(i.Ges_Detect_Sample)
    i.Ges_DynamicAnalysis                    0x08001060   Section        0  app.o(i.Ges_DynamicAnalysis)
    i.Ges_DynamicCalib                       0x08001394   Section        0  app.o(i.Ges_DynamicCalib)
    i.Ges_DynamicNormalize                   0x08001414   Section        0  app.o(i.Ges_DynamicNormalize)
    i.Ges_Hold_Height_AorL_Judge             0x080014bc   Section        0  app.o(i.Ges_Hold_Height_AorL_Judge)
    i.Ges_Hold_Height_Valid_Judge            0x08001744   Section        0  app.o(i.Ges_Hold_Height_Valid_Judge)
    i.Ges_Log                                0x08001830   Section        0  app.o(i.Ges_Log)
    i.Ges_Start_Detect                       0x08001834   Section        0  app.o(i.Ges_Start_Detect)
    i.Ges_Stop_Detect                        0x080018e0   Section        0  app.o(i.Ges_Stop_Detect)
    i.Ges_Trend_DynamicFind                  0x0800194c   Section        0  app.o(i.Ges_Trend_DynamicFind)
    i.Ges_Wave_DynamicSearch                 0x08001a54   Section        0  app.o(i.Ges_Wave_DynamicSearch)
    i.Ges_Wave_Lead                          0x08001e60   Section        0  app.o(i.Ges_Wave_Lead)
    i.HAL_Delay                              0x08002014   Section        0  stm32f1xx_hal.o(i.HAL_Delay)
    i.HAL_GPIO_EXTI_Callback                 0x0800202e   Section        0  stm32f1xx_hal_gpio.o(i.HAL_GPIO_EXTI_Callback)
    i.HAL_GPIO_EXTI_IRQHandler               0x08002030   Section        0  stm32f1xx_hal_gpio.o(i.HAL_GPIO_EXTI_IRQHandler)
    i.HAL_GPIO_Init                          0x0800204c   Section        0  stm32f1xx_hal_gpio.o(i.HAL_GPIO_Init)
    i.HAL_GPIO_ReadPin                       0x08002368   Section        0  stm32f1xx_hal_gpio.o(i.HAL_GPIO_ReadPin)
    i.HAL_GPIO_WritePin                      0x08002378   Section        0  stm32f1xx_hal_gpio.o(i.HAL_GPIO_WritePin)
    i.HAL_GetTick                            0x08002384   Section        0  stm32f1xx_hal.o(i.HAL_GetTick)
    i.HAL_IncTick                            0x08002390   Section        0  stm32f1xx_hal.o(i.HAL_IncTick)
    i.HAL_Init                               0x080023a0   Section        0  stm32f1xx_hal.o(i.HAL_Init)
    i.HAL_InitTick                           0x080023c8   Section        0  stm32f1xx_hal.o(i.HAL_InitTick)
    i.HAL_MspInit                            0x080023ec   Section        0  stm32f1xx_hal_msp.o(i.HAL_MspInit)
    i.HAL_NVIC_EnableIRQ                     0x08002478   Section        0  stm32f1xx_hal_cortex.o(i.HAL_NVIC_EnableIRQ)
    i.HAL_NVIC_SetPriority                   0x08002492   Section        0  stm32f1xx_hal_cortex.o(i.HAL_NVIC_SetPriority)
    i.HAL_NVIC_SetPriorityGrouping           0x08002510   Section        0  stm32f1xx_hal_cortex.o(i.HAL_NVIC_SetPriorityGrouping)
    i.HAL_RCC_ClockConfig                    0x08002538   Section        0  stm32f1xx_hal_rcc.o(i.HAL_RCC_ClockConfig)
    i.HAL_RCC_GetHCLKFreq                    0x080027d0   Section        0  stm32f1xx_hal_rcc.o(i.HAL_RCC_GetHCLKFreq)
    i.HAL_RCC_GetPCLK1Freq                   0x080027dc   Section        0  stm32f1xx_hal_rcc.o(i.HAL_RCC_GetPCLK1Freq)
    i.HAL_RCC_GetPCLK2Freq                   0x08002808   Section        0  stm32f1xx_hal_rcc.o(i.HAL_RCC_GetPCLK2Freq)
    i.HAL_RCC_GetSysClockFreq                0x08002834   Section        0  stm32f1xx_hal_rcc.o(i.HAL_RCC_GetSysClockFreq)
    i.HAL_RCC_OscConfig                      0x080028e8   Section        0  stm32f1xx_hal_rcc.o(i.HAL_RCC_OscConfig)
    i.HAL_SYSTICK_CLKSourceConfig            0x08003160   Section        0  stm32f1xx_hal_cortex.o(i.HAL_SYSTICK_CLKSourceConfig)
    i.HAL_SYSTICK_Config                     0x08003188   Section        0  stm32f1xx_hal_cortex.o(i.HAL_SYSTICK_Config)
    i.HAL_TIMEx_ConfigBreakDeadTime          0x080031bc   Section        0  stm32f1xx_hal_tim_ex.o(i.HAL_TIMEx_ConfigBreakDeadTime)
    i.HAL_TIMEx_MasterConfigSynchronization  0x0800320c   Section        0  stm32f1xx_hal_tim_ex.o(i.HAL_TIMEx_MasterConfigSynchronization)
    i.HAL_TIM_Base_Init                      0x0800326e   Section        0  stm32f1xx_hal_tim.o(i.HAL_TIM_Base_Init)
    i.HAL_TIM_Base_MspInit                   0x080032a2   Section        0  stm32f1xx_hal_tim.o(i.HAL_TIM_Base_MspInit)
    i.HAL_TIM_ConfigClockSource              0x080032a4   Section        0  stm32f1xx_hal_tim.o(i.HAL_TIM_ConfigClockSource)
    i.HAL_TIM_PWM_ConfigChannel              0x080033d6   Section        0  stm32f1xx_hal_tim.o(i.HAL_TIM_PWM_ConfigChannel)
    i.HAL_TIM_PWM_Init                       0x080034de   Section        0  stm32f1xx_hal_tim.o(i.HAL_TIM_PWM_Init)
    i.HAL_TIM_PWM_MspInit                    0x08003512   Section        0  stm32f1xx_hal_tim.o(i.HAL_TIM_PWM_MspInit)
    i.HAL_TIM_PWM_Start                      0x08003514   Section        0  stm32f1xx_hal_tim.o(i.HAL_TIM_PWM_Start)
    i.HAL_UART_Init                          0x08003554   Section        0  stm32f1xx_hal_uart.o(i.HAL_UART_Init)
    i.HAL_UART_MspInit                       0x080035c4   Section        0  stm32f1xx_hal_msp.o(i.HAL_UART_MspInit)
    i.HAL_UART_Transmit                      0x08003628   Section        0  stm32f1xx_hal_uart.o(i.HAL_UART_Transmit)
    i.HardFault_Handler                      0x08003718   Section        0  stm32f1xx_it.o(i.HardFault_Handler)
    i.I2C_init                               0x0800371c   Section        0  main.o(i.I2C_init)
    i.I2C_set_scl_state                      0x08003760   Section        0  main.o(i.I2C_set_scl_state)
    i.I2C_set_sda_state                      0x0800378c   Section        0  main.o(i.I2C_set_sda_state)
    i.IIC_Ack                                0x080037b8   Section        0  softi2c.o(i.IIC_Ack)
    i.IIC_NAck                               0x080037dc   Section        0  softi2c.o(i.IIC_NAck)
    i.IIC_Read_Byte                          0x08003800   Section        0  softi2c.o(i.IIC_Read_Byte)
    i.IIC_SCL_0                              0x08003848   Section        0  softi2c.o(i.IIC_SCL_0)
    i.IIC_SCL_1                              0x08003860   Section        0  softi2c.o(i.IIC_SCL_1)
    i.IIC_SDA_0                              0x08003878   Section        0  softi2c.o(i.IIC_SDA_0)
    i.IIC_SDA_1                              0x08003890   Section        0  softi2c.o(i.IIC_SDA_1)
    i.IIC_Send_Byte                          0x080038a8   Section        0  softi2c.o(i.IIC_Send_Byte)
    i.IIC_Start                              0x080038fa   Section        0  softi2c.o(i.IIC_Start)
    i.IIC_Stop                               0x0800391e   Section        0  softi2c.o(i.IIC_Stop)
    i.IIC_Wait_Ack                           0x08003942   Section        0  softi2c.o(i.IIC_Wait_Ack)
    i.MX_GPIO_Init                           0x08003980   Section        0  main.o(i.MX_GPIO_Init)
    MX_GPIO_Init                             0x08003981   Thumb Code   232  main.o(i.MX_GPIO_Init)
    i.MX_TIM3_Init                           0x08003a78   Section        0  main.o(i.MX_TIM3_Init)
    MX_TIM3_Init                             0x08003a79   Thumb Code   166  main.o(i.MX_TIM3_Init)
    i.MX_USART1_UART_Init                    0x08003b28   Section        0  main.o(i.MX_USART1_UART_Init)
    MX_USART1_UART_Init                      0x08003b29   Thumb Code    46  main.o(i.MX_USART1_UART_Init)
    i.MemManage_Handler                      0x08003b60   Section        0  stm32f1xx_it.o(i.MemManage_Handler)
    i.NMI_Handler                            0x08003b64   Section        0  stm32f1xx_it.o(i.NMI_Handler)
    i.NVIC_GetPriorityGrouping               0x08003b68   Section        0  stm32f1xx_hal_cortex.o(i.NVIC_GetPriorityGrouping)
    NVIC_GetPriorityGrouping                 0x08003b69   Thumb Code    10  stm32f1xx_hal_cortex.o(i.NVIC_GetPriorityGrouping)
    i.NVIC_SetPriority                       0x08003b78   Section        0  stm32f1xx_hal_cortex.o(i.NVIC_SetPriority)
    NVIC_SetPriority                         0x08003b79   Thumb Code    32  stm32f1xx_hal_cortex.o(i.NVIC_SetPriority)
    i.PendSV_Handler                         0x08003ba0   Section        0  stm32f1xx_it.o(i.PendSV_Handler)
    i.SDA_IN                                 0x08003ba4   Section        0  softi2c.o(i.SDA_IN)
    i.SDA_OUT                                0x08003bd8   Section        0  softi2c.o(i.SDA_OUT)
    i.SDA_READ                               0x08003c10   Section        0  softi2c.o(i.SDA_READ)
    i.SILAB_IO_Read                          0x08003c28   Section        0  siliconsi115x.o(i.SILAB_IO_Read)
    i.SILAB_IO_Write                         0x08003c74   Section        0  siliconsi115x.o(i.SILAB_IO_Write)
    i.SILAB_IO_Write_Block                   0x08003cc2   Section        0  siliconsi115x.o(i.SILAB_IO_Write_Block)
    i.SVC_Handler                            0x08003d0c   Section        0  stm32f1xx_it.o(i.SVC_Handler)
    i.Si115xBlockWrite                       0x08003d10   Section        0  gesture.o(i.Si115xBlockWrite)
    i.Si115xForce                            0x08003d54   Section        0  gesture.o(i.Si115xForce)
    i.Si115xInitLongRangeProx                0x08003d60   Section        0  gesture.o(i.Si115xInitLongRangeProx)
    i.Si115xInitProxAls                      0x08003e20   Section        0  gesture.o(i.Si115xInitProxAls)
    i.Si115xParamSet                         0x08003f4c   Section        0  gesture.o(i.Si115xParamSet)
    i.Si115xReadFromRegister                 0x08003fe4   Section        0  siliconsi115x.o(i.Si115xReadFromRegister)
    i.Si115xReset                            0x08003ffc   Section        0  gesture.o(i.Si115xReset)
    i.Si115xWriteToRegister                  0x0800405c   Section        0  siliconsi115x.o(i.Si115xWriteToRegister)
    i.SysTick_Handler                        0x08004078   Section        0  stm32f1xx_it.o(i.SysTick_Handler)
    i.SystemClock_Config                     0x08004080   Section        0  main.o(i.SystemClock_Config)
    i.SystemInit                             0x080040f0   Section        0  system_stm32f1xx.o(i.SystemInit)
    i.TIM_Base_SetConfig                     0x08004148   Section        0  stm32f1xx_hal_tim.o(i.TIM_Base_SetConfig)
    i.TIM_CCxChannelCmd                      0x080041b4   Section        0  stm32f1xx_hal_tim.o(i.TIM_CCxChannelCmd)
    i.TIM_ETR_SetConfig                      0x080041d0   Section        0  stm32f1xx_hal_tim.o(i.TIM_ETR_SetConfig)
    TIM_ETR_SetConfig                        0x080041d1   Thumb Code    24  stm32f1xx_hal_tim.o(i.TIM_ETR_SetConfig)
    i.TIM_ITRx_SetConfig                     0x080041e8   Section        0  stm32f1xx_hal_tim.o(i.TIM_ITRx_SetConfig)
    TIM_ITRx_SetConfig                       0x080041e9   Thumb Code    20  stm32f1xx_hal_tim.o(i.TIM_ITRx_SetConfig)
    i.TIM_OC1_SetConfig                      0x080041fc   Section        0  stm32f1xx_hal_tim.o(i.TIM_OC1_SetConfig)
    TIM_OC1_SetConfig                        0x080041fd   Thumb Code    96  stm32f1xx_hal_tim.o(i.TIM_OC1_SetConfig)
    i.TIM_OC2_SetConfig                      0x08004260   Section        0  stm32f1xx_hal_tim.o(i.TIM_OC2_SetConfig)
    i.TIM_OC3_SetConfig                      0x080042d0   Section        0  stm32f1xx_hal_tim.o(i.TIM_OC3_SetConfig)
    TIM_OC3_SetConfig                        0x080042d1   Thumb Code   104  stm32f1xx_hal_tim.o(i.TIM_OC3_SetConfig)
    i.TIM_OC4_SetConfig                      0x0800433c   Section        0  stm32f1xx_hal_tim.o(i.TIM_OC4_SetConfig)
    TIM_OC4_SetConfig                        0x0800433d   Thumb Code    74  stm32f1xx_hal_tim.o(i.TIM_OC4_SetConfig)
    i.TIM_TI1_ConfigInputStage               0x0800438c   Section        0  stm32f1xx_hal_tim.o(i.TIM_TI1_ConfigInputStage)
    TIM_TI1_ConfigInputStage                 0x0800438d   Thumb Code    42  stm32f1xx_hal_tim.o(i.TIM_TI1_ConfigInputStage)
    i.TIM_TI2_ConfigInputStage               0x080043b6   Section        0  stm32f1xx_hal_tim.o(i.TIM_TI2_ConfigInputStage)
    TIM_TI2_ConfigInputStage                 0x080043b7   Thumb Code    44  stm32f1xx_hal_tim.o(i.TIM_TI2_ConfigInputStage)
    i.UART_SetConfig                         0x080043e4   Section        0  stm32f1xx_hal_uart.o(i.UART_SetConfig)
    UART_SetConfig                           0x080043e5   Thumb Code   450  stm32f1xx_hal_uart.o(i.UART_SetConfig)
    i.UART_WaitOnFlagUntilTimeout            0x080045ac   Section        0  stm32f1xx_hal_uart.o(i.UART_WaitOnFlagUntilTimeout)
    UART_WaitOnFlagUntilTimeout              0x080045ad   Thumb Code   250  stm32f1xx_hal_uart.o(i.UART_WaitOnFlagUntilTimeout)
    i.UsageFault_Handler                     0x080046a6   Section        0  stm32f1xx_it.o(i.UsageFault_Handler)
    i.__0printf$8                            0x080046ac   Section        0  printf8.o(i.__0printf$8)
    i.__scatterload_copy                     0x080046cc   Section       14  handlers.o(i.__scatterload_copy)
    i.__scatterload_null                     0x080046da   Section        2  handlers.o(i.__scatterload_null)
    i.__scatterload_zeroinit                 0x080046dc   Section       14  handlers.o(i.__scatterload_zeroinit)
    i._printf_core                           0x080046ec   Section        0  printf8.o(i._printf_core)
    _printf_core                             0x080046ed   Thumb Code   996  printf8.o(i._printf_core)
    i._printf_post_padding                   0x08004afc   Section        0  printf8.o(i._printf_post_padding)
    _printf_post_padding                     0x08004afd   Thumb Code    36  printf8.o(i._printf_post_padding)
    i._printf_pre_padding                    0x08004b20   Section        0  printf8.o(i._printf_pre_padding)
    _printf_pre_padding                      0x08004b21   Thumb Code    46  printf8.o(i._printf_pre_padding)
    i._sendCmd                               0x08004b4e   Section        0  gesture.o(i._sendCmd)
    i._waitUntilSleep                        0x08004bf2   Section        0  gesture.o(i._waitUntilSleep)
    _waitUntilSleep                          0x08004bf3   Thumb Code    50  gesture.o(i._waitUntilSleep)
    i.delay_us                               0x08004c24   Section        0  softi2c.o(i.delay_us)
    i.delayus                                0x08004c28   Section        0  softi2c.o(i.delayus)
    i.fputc                                  0x08004c48   Section        0  main.o(i.fputc)
    i.getSensorDataByHostout                 0x08004c64   Section        0  gesture.o(i.getSensorDataByHostout)
    i.i2c_read                               0x08004d10   Section        0  softi2c.o(i.i2c_read)
    i.i2c_write                              0x08004d48   Section        0  softi2c.o(i.i2c_write)
    i.i2cmsginfo                             0x08004d7e   Section        0  gesture.o(i.i2cmsginfo)
    i.init_counter                           0x08004d80   Section        0  app.o(i.init_counter)
    i.init_pwmIO                             0x08004dbc   Section        0  main.o(i.init_pwmIO)
    i.main                                   0x08004dd8   Section        0  main.o(i.main)
    .constdata                               0x08004e00   Section       24  system_stm32f1xx.o(.constdata)
    .data                                    0x20000000   Section        4  stm32f1xx_hal.o(.data)
    uwTick                                   0x20000000   Data           4  stm32f1xx_hal.o(.data)
    .data                                    0x20000004   Section        4  system_stm32f1xx.o(.data)
    .data                                    0x20000008   Section        4  main.o(.data)
    tickstart                                0x20000008   Data           4  main.o(.data)
    .data                                    0x20000010   Section       29  app.o(.data)
    tickstart                                0x20000018   Data           4  app.o(.data)
    overflow_time                            0x2000002a   Data           1  app.o(.data)
    firstboot                                0x2000002b   Data           1  app.o(.data)
    .data                                    0x2000002d   Section        1  siliconsi115x.o(.data)
    .data                                    0x2000002e   Section        4  softi2c.o(.data)
    .data                                    0x20000034   Section        4  stdout.o(.data)
    .bss                                     0x20000038   Section      124  main.o(.bss)
    .bss                                     0x200000b8   Section      712  app.o(.bss)
    .bss                                     0x20000380   Section       16  softi2c.o(.bss)
    STACK                                    0x20000390   Section     1024  startup_stm32f103xb.o(STACK)

    Global Symbols

    Symbol Name                              Value     Ov Type        Size  Object(Section)

    BuildAttributes$$THM_ISAv4$P$D$K$B$S$PE$A:L22UL41UL21$X:L11$S22US41US21$IEEE1$IW$USESV6$~STKCKD$USESV7$~SHL$OSPACE$ROPI$EBA8$MICROLIB$REQ8$PRES8$EABIv2 0x00000000   Number         0  anon$$obj.o ABSOLUTE
    __ARM_use_no_argv                        0x00000000   Number         0  main.o ABSOLUTE
    _printf_a                                0x00000000   Number         0  stubs.o ABSOLUTE
    _printf_c                                0x00000000   Number         0  stubs.o ABSOLUTE
    _printf_charcount                        0x00000000   Number         0  stubs.o ABSOLUTE
    _printf_d                                0x00000000   Number         0  stubs.o ABSOLUTE
    _printf_e                                0x00000000   Number         0  stubs.o ABSOLUTE
    _printf_f                                0x00000000   Number         0  stubs.o ABSOLUTE
    _printf_flags                            0x00000000   Number         0  stubs.o ABSOLUTE
    _printf_fp_dec                           0x00000000   Number         0  stubs.o ABSOLUTE
    _printf_fp_hex                           0x00000000   Number         0  stubs.o ABSOLUTE
    _printf_g                                0x00000000   Number         0  stubs.o ABSOLUTE
    _printf_i                                0x00000000   Number         0  stubs.o ABSOLUTE
    _printf_int_dec                          0x00000000   Number         0  stubs.o ABSOLUTE
    _printf_l                                0x00000000   Number         0  stubs.o ABSOLUTE
    _printf_lc                               0x00000000   Number         0  stubs.o ABSOLUTE
    _printf_ll                               0x00000000   Number         0  stubs.o ABSOLUTE
    _printf_lld                              0x00000000   Number         0  stubs.o ABSOLUTE
    _printf_lli                              0x00000000   Number         0  stubs.o ABSOLUTE
    _printf_llo                              0x00000000   Number         0  stubs.o ABSOLUTE
    _printf_llu                              0x00000000   Number         0  stubs.o ABSOLUTE
    _printf_llx                              0x00000000   Number         0  stubs.o ABSOLUTE
    _printf_longlong_dec                     0x00000000   Number         0  stubs.o ABSOLUTE
    _printf_longlong_hex                     0x00000000   Number         0  stubs.o ABSOLUTE
    _printf_longlong_oct                     0x00000000   Number         0  stubs.o ABSOLUTE
    _printf_ls                               0x00000000   Number         0  stubs.o ABSOLUTE
    _printf_mbtowc                           0x00000000   Number         0  stubs.o ABSOLUTE
    _printf_n                                0x00000000   Number         0  stubs.o ABSOLUTE
    _printf_o                                0x00000000   Number         0  stubs.o ABSOLUTE
    _printf_p                                0x00000000   Number         0  stubs.o ABSOLUTE
    _printf_percent                          0x00000000   Number         0  stubs.o ABSOLUTE
    _printf_pre_padding                      0x00000000   Number         0  stubs.o ABSOLUTE
    _printf_return_value                     0x00000000   Number         0  stubs.o ABSOLUTE
    _printf_s                                0x00000000   Number         0  stubs.o ABSOLUTE
    _printf_sizespec                         0x00000000   Number         0  stubs.o ABSOLUTE
    _printf_str                              0x00000000   Number         0  stubs.o ABSOLUTE
    _printf_truncate_signed                  0x00000000   Number         0  stubs.o ABSOLUTE
    _printf_truncate_unsigned                0x00000000   Number         0  stubs.o ABSOLUTE
    _printf_u                                0x00000000   Number         0  stubs.o ABSOLUTE
    _printf_wc                               0x00000000   Number         0  stubs.o ABSOLUTE
    _printf_wctomb                           0x00000000   Number         0  stubs.o ABSOLUTE
    _printf_widthprec                        0x00000000   Number         0  stubs.o ABSOLUTE
    _printf_x                                0x00000000   Number         0  stubs.o ABSOLUTE
    __cpp_initialize__aeabi_                  - Undefined Weak Reference
    __cxa_finalize                            - Undefined Weak Reference
    __decompress                              - Undefined Weak Reference
    _clock_init                               - Undefined Weak Reference
    _microlib_exit                            - Undefined Weak Reference
    __Vectors_Size                           0x000000ec   Number         0  startup_stm32f103xb.o ABSOLUTE
    __Vectors                                0x08000000   Data           4  startup_stm32f103xb.o(RESET)
    __Vectors_End                            0x080000ec   Data           0  startup_stm32f103xb.o(RESET)
    __main                                   0x080000ed   Thumb Code     0  entry.o(.ARM.Collect$$$$00000000)
    _main_stk                                0x080000ed   Thumb Code     0  entry2.o(.ARM.Collect$$$$00000001)
    _main_scatterload                        0x080000f1   Thumb Code     0  entry5.o(.ARM.Collect$$$$00000004)
    __main_after_scatterload                 0x080000f5   Thumb Code     0  entry5.o(.ARM.Collect$$$$00000004)
    _main_clock                              0x080000f5   Thumb Code     0  entry7b.o(.ARM.Collect$$$$00000008)
    _main_cpp_init                           0x080000f5   Thumb Code     0  entry8b.o(.ARM.Collect$$$$0000000A)
    _main_init                               0x080000f5   Thumb Code     0  entry9a.o(.ARM.Collect$$$$0000000B)
    __rt_final_cpp                           0x080000fd   Thumb Code     0  entry10a.o(.ARM.Collect$$$$0000000D)
    __rt_final_exit                          0x080000fd   Thumb Code     0  entry11a.o(.ARM.Collect$$$$0000000F)
    Reset_Handler                            0x08000101   Thumb Code     8  startup_stm32f103xb.o(.text)
    ADC1_2_IRQHandler                        0x0800011b   Thumb Code     0  startup_stm32f103xb.o(.text)
    CAN1_RX1_IRQHandler                      0x0800011b   Thumb Code     0  startup_stm32f103xb.o(.text)
    CAN1_SCE_IRQHandler                      0x0800011b   Thumb Code     0  startup_stm32f103xb.o(.text)
    DMA1_Channel1_IRQHandler                 0x0800011b   Thumb Code     0  startup_stm32f103xb.o(.text)
    DMA1_Channel2_IRQHandler                 0x0800011b   Thumb Code     0  startup_stm32f103xb.o(.text)
    DMA1_Channel3_IRQHandler                 0x0800011b   Thumb Code     0  startup_stm32f103xb.o(.text)
    DMA1_Channel4_IRQHandler                 0x0800011b   Thumb Code     0  startup_stm32f103xb.o(.text)
    DMA1_Channel5_IRQHandler                 0x0800011b   Thumb Code     0  startup_stm32f103xb.o(.text)
    DMA1_Channel6_IRQHandler                 0x0800011b   Thumb Code     0  startup_stm32f103xb.o(.text)
    DMA1_Channel7_IRQHandler                 0x0800011b   Thumb Code     0  startup_stm32f103xb.o(.text)
    EXTI0_IRQHandler                         0x0800011b   Thumb Code     0  startup_stm32f103xb.o(.text)
    EXTI15_10_IRQHandler                     0x0800011b   Thumb Code     0  startup_stm32f103xb.o(.text)
    EXTI1_IRQHandler                         0x0800011b   Thumb Code     0  startup_stm32f103xb.o(.text)
    EXTI2_IRQHandler                         0x0800011b   Thumb Code     0  startup_stm32f103xb.o(.text)
    EXTI3_IRQHandler                         0x0800011b   Thumb Code     0  startup_stm32f103xb.o(.text)
    EXTI4_IRQHandler                         0x0800011b   Thumb Code     0  startup_stm32f103xb.o(.text)
    FLASH_IRQHandler                         0x0800011b   Thumb Code     0  startup_stm32f103xb.o(.text)
    I2C1_ER_IRQHandler                       0x0800011b   Thumb Code     0  startup_stm32f103xb.o(.text)
    I2C1_EV_IRQHandler                       0x0800011b   Thumb Code     0  startup_stm32f103xb.o(.text)
    I2C2_ER_IRQHandler                       0x0800011b   Thumb Code     0  startup_stm32f103xb.o(.text)
    I2C2_EV_IRQHandler                       0x0800011b   Thumb Code     0  startup_stm32f103xb.o(.text)
    PVD_IRQHandler                           0x0800011b   Thumb Code     0  startup_stm32f103xb.o(.text)
    RCC_IRQHandler                           0x0800011b   Thumb Code     0  startup_stm32f103xb.o(.text)
    RTC_Alarm_IRQHandler                     0x0800011b   Thumb Code     0  startup_stm32f103xb.o(.text)
    RTC_IRQHandler                           0x0800011b   Thumb Code     0  startup_stm32f103xb.o(.text)
    SPI1_IRQHandler                          0x0800011b   Thumb Code     0  startup_stm32f103xb.o(.text)
    SPI2_IRQHandler                          0x0800011b   Thumb Code     0  startup_stm32f103xb.o(.text)
    TAMPER_IRQHandler                        0x0800011b   Thumb Code     0  startup_stm32f103xb.o(.text)
    TIM1_BRK_IRQHandler                      0x0800011b   Thumb Code     0  startup_stm32f103xb.o(.text)
    TIM1_CC_IRQHandler                       0x0800011b   Thumb Code     0  startup_stm32f103xb.o(.text)
    TIM1_TRG_COM_IRQHandler                  0x0800011b   Thumb Code     0  startup_stm32f103xb.o(.text)
    TIM1_UP_IRQHandler                       0x0800011b   Thumb Code     0  startup_stm32f103xb.o(.text)
    TIM2_IRQHandler                          0x0800011b   Thumb Code     0  startup_stm32f103xb.o(.text)
    TIM3_IRQHandler                          0x0800011b   Thumb Code     0  startup_stm32f103xb.o(.text)
    TIM4_IRQHandler                          0x0800011b   Thumb Code     0  startup_stm32f103xb.o(.text)
    USART1_IRQHandler                        0x0800011b   Thumb Code     0  startup_stm32f103xb.o(.text)
    USART2_IRQHandler                        0x0800011b   Thumb Code     0  startup_stm32f103xb.o(.text)
    USART3_IRQHandler                        0x0800011b   Thumb Code     0  startup_stm32f103xb.o(.text)
    USBWakeUp_IRQHandler                     0x0800011b   Thumb Code     0  startup_stm32f103xb.o(.text)
    USB_HP_CAN1_TX_IRQHandler                0x0800011b   Thumb Code     0  startup_stm32f103xb.o(.text)
    USB_LP_CAN1_RX0_IRQHandler               0x0800011b   Thumb Code     0  startup_stm32f103xb.o(.text)
    WWDG_IRQHandler                          0x0800011b   Thumb Code     0  startup_stm32f103xb.o(.text)
    __aeabi_uldivmod                         0x08000125   Thumb Code    98  uldiv.o(.text)
    __aeabi_llsr                             0x08000187   Thumb Code    32  llushr.o(.text)
    _ll_ushift_r                             0x08000187   Thumb Code     0  llushr.o(.text)
    __aeabi_memset                           0x080001a7   Thumb Code    14  memseta.o(.text)
    __aeabi_memset4                          0x080001a7   Thumb Code     0  memseta.o(.text)
    __aeabi_memset8                          0x080001a7   Thumb Code     0  memseta.o(.text)
    __aeabi_memclr                           0x080001b5   Thumb Code     4  memseta.o(.text)
    __aeabi_memclr4                          0x080001b5   Thumb Code     0  memseta.o(.text)
    __aeabi_memclr8                          0x080001b5   Thumb Code     0  memseta.o(.text)
    _memset$wrapper                          0x080001b9   Thumb Code    18  memseta.o(.text)
    __aeabi_llsl                             0x080001cb   Thumb Code    30  llshl.o(.text)
    _ll_shift_l                              0x080001cb   Thumb Code     0  llshl.o(.text)
    __scatterload                            0x080001e9   Thumb Code    28  init.o(.text)
    __scatterload_rt2                        0x080001e9   Thumb Code     0  init.o(.text)
    App_Init                                 0x0800020d   Thumb Code    94  app.o(i.App_Init)
    App_Task                                 0x08000299   Thumb Code  1608  app.o(i.App_Task)
    App_Var_Init                             0x08000901   Thumb Code    56  app.o(i.App_Var_Init)
    BusFault_Handler                         0x08000941   Thumb Code     4  stm32f1xx_it.o(i.BusFault_Handler)
    DEMO_Init                                0x08000945   Thumb Code    52  gesture.o(i.DEMO_Init)
    DebugMon_Handler                         0x080009a1   Thumb Code     2  stm32f1xx_it.o(i.DebugMon_Handler)
    Drv_PWM_Init                             0x080009a5   Thumb Code    20  main.o(i.Drv_PWM_Init)
    Drv_PWM_Proc                             0x080009c1   Thumb Code   250  main.o(i.Drv_PWM_Proc)
    Drv_SILICON_Proc                         0x08000b45   Thumb Code     8  gesture.o(i.Drv_SILICON_Proc)
    EXTI9_5_IRQHandler                       0x08000b4d   Thumb Code    10  stm32f1xx_it.o(i.EXTI9_5_IRQHandler)
    Error_Handler                            0x08000b57   Thumb Code     4  main.o(i.Error_Handler)
    Ges_Add_Sample                           0x08000b5d   Thumb Code   170  app.o(i.Ges_Add_Sample)
    Ges_Calib                                0x08000c0d   Thumb Code   134  app.o(i.Ges_Calib)
    Ges_Comb                                 0x08000cb1   Thumb Code   380  app.o(i.Ges_Comb)
    Ges_Detect_Sample                        0x08000eed   Thumb Code   272  app.o(i.Ges_Detect_Sample)
    Ges_DynamicAnalysis                      0x08001061   Thumb Code   610  app.o(i.Ges_DynamicAnalysis)
    Ges_DynamicCalib                         0x08001395   Thumb Code    88  app.o(i.Ges_DynamicCalib)
    Ges_DynamicNormalize                     0x08001415   Thumb Code   136  app.o(i.Ges_DynamicNormalize)
    Ges_Hold_Height_AorL_Judge               0x080014bd   Thumb Code   508  app.o(i.Ges_Hold_Height_AorL_Judge)
    Ges_Hold_Height_Valid_Judge              0x08001745   Thumb Code   154  app.o(i.Ges_Hold_Height_Valid_Judge)
    Ges_Log                                  0x08001831   Thumb Code     2  app.o(i.Ges_Log)
    Ges_Start_Detect                         0x08001835   Thumb Code   168  app.o(i.Ges_Start_Detect)
    Ges_Stop_Detect                          0x080018e1   Thumb Code   102  app.o(i.Ges_Stop_Detect)
    Ges_Trend_DynamicFind                    0x0800194d   Thumb Code   180  app.o(i.Ges_Trend_DynamicFind)
    Ges_Wave_DynamicSearch                   0x08001a55   Thumb Code   918  app.o(i.Ges_Wave_DynamicSearch)
    Ges_Wave_Lead                            0x08001e61   Thumb Code   428  app.o(i.Ges_Wave_Lead)
    HAL_Delay                                0x08002015   Thumb Code    26  stm32f1xx_hal.o(i.HAL_Delay)
    HAL_GPIO_EXTI_Callback                   0x0800202f   Thumb Code     2  stm32f1xx_hal_gpio.o(i.HAL_GPIO_EXTI_Callback)
    HAL_GPIO_EXTI_IRQHandler                 0x08002031   Thumb Code    24  stm32f1xx_hal_gpio.o(i.HAL_GPIO_EXTI_IRQHandler)
    HAL_GPIO_Init                            0x0800204d   Thumb Code   764  stm32f1xx_hal_gpio.o(i.HAL_GPIO_Init)
    HAL_GPIO_ReadPin                         0x08002369   Thumb Code    16  stm32f1xx_hal_gpio.o(i.HAL_GPIO_ReadPin)
    HAL_GPIO_WritePin                        0x08002379   Thumb Code    12  stm32f1xx_hal_gpio.o(i.HAL_GPIO_WritePin)
    HAL_GetTick                              0x08002385   Thumb Code     6  stm32f1xx_hal.o(i.HAL_GetTick)
    HAL_IncTick                              0x08002391   Thumb Code    12  stm32f1xx_hal.o(i.HAL_IncTick)
    HAL_Init                                 0x080023a1   Thumb Code    34  stm32f1xx_hal.o(i.HAL_Init)
    HAL_InitTick                             0x080023c9   Thumb Code    36  stm32f1xx_hal.o(i.HAL_InitTick)
    HAL_MspInit                              0x080023ed   Thumb Code   130  stm32f1xx_hal_msp.o(i.HAL_MspInit)
    HAL_NVIC_EnableIRQ                       0x08002479   Thumb Code    26  stm32f1xx_hal_cortex.o(i.HAL_NVIC_EnableIRQ)
    HAL_NVIC_SetPriority                     0x08002493   Thumb Code   124  stm32f1xx_hal_cortex.o(i.HAL_NVIC_SetPriority)
    HAL_NVIC_SetPriorityGrouping             0x08002511   Thumb Code    32  stm32f1xx_hal_cortex.o(i.HAL_NVIC_SetPriorityGrouping)
    HAL_RCC_ClockConfig                      0x08002539   Thumb Code   648  stm32f1xx_hal_rcc.o(i.HAL_RCC_ClockConfig)
    HAL_RCC_GetHCLKFreq                      0x080027d1   Thumb Code     6  stm32f1xx_hal_rcc.o(i.HAL_RCC_GetHCLKFreq)
    HAL_RCC_GetPCLK1Freq                     0x080027dd   Thumb Code    36  stm32f1xx_hal_rcc.o(i.HAL_RCC_GetPCLK1Freq)
    HAL_RCC_GetPCLK2Freq                     0x08002809   Thumb Code    36  stm32f1xx_hal_rcc.o(i.HAL_RCC_GetPCLK2Freq)
    HAL_RCC_GetSysClockFreq                  0x08002835   Thumb Code   146  stm32f1xx_hal_rcc.o(i.HAL_RCC_GetSysClockFreq)
    HAL_RCC_OscConfig                        0x080028e9   Thumb Code  2164  stm32f1xx_hal_rcc.o(i.HAL_RCC_OscConfig)
    HAL_SYSTICK_CLKSourceConfig              0x08003161   Thumb Code    40  stm32f1xx_hal_cortex.o(i.HAL_SYSTICK_CLKSourceConfig)
    HAL_SYSTICK_Config                       0x08003189   Thumb Code    52  stm32f1xx_hal_cortex.o(i.HAL_SYSTICK_Config)
    HAL_TIMEx_ConfigBreakDeadTime            0x080031bd   Thumb Code    80  stm32f1xx_hal_tim_ex.o(i.HAL_TIMEx_ConfigBreakDeadTime)
    HAL_TIMEx_MasterConfigSynchronization    0x0800320d   Thumb Code    98  stm32f1xx_hal_tim_ex.o(i.HAL_TIMEx_MasterConfigSynchronization)
    HAL_TIM_Base_Init                        0x0800326f   Thumb Code    52  stm32f1xx_hal_tim.o(i.HAL_TIM_Base_Init)
    HAL_TIM_Base_MspInit                     0x080032a3   Thumb Code     2  stm32f1xx_hal_tim.o(i.HAL_TIM_Base_MspInit)
    HAL_TIM_ConfigClockSource                0x080032a5   Thumb Code   306  stm32f1xx_hal_tim.o(i.HAL_TIM_ConfigClockSource)
    HAL_TIM_PWM_ConfigChannel                0x080033d7   Thumb Code   264  stm32f1xx_hal_tim.o(i.HAL_TIM_PWM_ConfigChannel)
    HAL_TIM_PWM_Init                         0x080034df   Thumb Code    52  stm32f1xx_hal_tim.o(i.HAL_TIM_PWM_Init)
    HAL_TIM_PWM_MspInit                      0x08003513   Thumb Code     2  stm32f1xx_hal_tim.o(i.HAL_TIM_PWM_MspInit)
    HAL_TIM_PWM_Start                        0x08003515   Thumb Code    60  stm32f1xx_hal_tim.o(i.HAL_TIM_PWM_Start)
    HAL_UART_Init                            0x08003555   Thumb Code   110  stm32f1xx_hal_uart.o(i.HAL_UART_Init)
    HAL_UART_MspInit                         0x080035c5   Thumb Code    86  stm32f1xx_hal_msp.o(i.HAL_UART_MspInit)
    HAL_UART_Transmit                        0x08003629   Thumb Code   240  stm32f1xx_hal_uart.o(i.HAL_UART_Transmit)
    HardFault_Handler                        0x08003719   Thumb Code     4  stm32f1xx_it.o(i.HardFault_Handler)
    I2C_init                                 0x0800371d   Thumb Code    56  main.o(i.I2C_init)
    I2C_set_scl_state                        0x08003761   Thumb Code    34  main.o(i.I2C_set_scl_state)
    I2C_set_sda_state                        0x0800378d   Thumb Code    34  main.o(i.I2C_set_sda_state)
    IIC_Ack                                  0x080037b9   Thumb Code    36  softi2c.o(i.IIC_Ack)
    IIC_NAck                                 0x080037dd   Thumb Code    36  softi2c.o(i.IIC_NAck)
    IIC_Read_Byte                            0x08003801   Thumb Code    72  softi2c.o(i.IIC_Read_Byte)
    IIC_SCL_0                                0x08003849   Thumb Code    16  softi2c.o(i.IIC_SCL_0)
    IIC_SCL_1                                0x08003861   Thumb Code    16  softi2c.o(i.IIC_SCL_1)
    IIC_SDA_0                                0x08003879   Thumb Code    16  softi2c.o(i.IIC_SDA_0)
    IIC_SDA_1                                0x08003891   Thumb Code    16  softi2c.o(i.IIC_SDA_1)
    IIC_Send_Byte                            0x080038a9   Thumb Code    82  softi2c.o(i.IIC_Send_Byte)
    IIC_Start                                0x080038fb   Thumb Code    36  softi2c.o(i.IIC_Start)
    IIC_Stop                                 0x0800391f   Thumb Code    36  softi2c.o(i.IIC_Stop)
    IIC_Wait_Ack                             0x08003943   Thumb Code    62  softi2c.o(i.IIC_Wait_Ack)
    MemManage_Handler                        0x08003b61   Thumb Code     4  stm32f1xx_it.o(i.MemManage_Handler)
    NMI_Handler                              0x08003b65   Thumb Code     2  stm32f1xx_it.o(i.NMI_Handler)
    PendSV_Handler                           0x08003ba1   Thumb Code     2  stm32f1xx_it.o(i.PendSV_Handler)
    SDA_IN                                   0x08003ba5   Thumb Code    40  softi2c.o(i.SDA_IN)
    SDA_OUT                                  0x08003bd9   Thumb Code    42  softi2c.o(i.SDA_OUT)
    SDA_READ                                 0x08003c11   Thumb Code    14  softi2c.o(i.SDA_READ)
    SILAB_IO_Read                            0x08003c29   Thumb Code    76  siliconsi115x.o(i.SILAB_IO_Read)
    SILAB_IO_Write                           0x08003c75   Thumb Code    78  siliconsi115x.o(i.SILAB_IO_Write)
    SILAB_IO_Write_Block                     0x08003cc3   Thumb Code    74  siliconsi115x.o(i.SILAB_IO_Write_Block)
    SVC_Handler                              0x08003d0d   Thumb Code     2  stm32f1xx_it.o(i.SVC_Handler)
    Si115xBlockWrite                         0x08003d11   Thumb Code    36  gesture.o(i.Si115xBlockWrite)
    Si115xForce                              0x08003d55   Thumb Code    10  gesture.o(i.Si115xForce)
    Si115xInitLongRangeProx                  0x08003d61   Thumb Code   136  gesture.o(i.Si115xInitLongRangeProx)
    Si115xInitProxAls                        0x08003e21   Thumb Code   300  gesture.o(i.Si115xInitProxAls)
    Si115xParamSet                           0x08003f4d   Thumb Code   120  gesture.o(i.Si115xParamSet)
    Si115xReadFromRegister                   0x08003fe5   Thumb Code    20  siliconsi115x.o(i.Si115xReadFromRegister)
    Si115xReset                              0x08003ffd   Thumb Code    56  gesture.o(i.Si115xReset)
    Si115xWriteToRegister                    0x0800405d   Thumb Code    22  siliconsi115x.o(i.Si115xWriteToRegister)
    SysTick_Handler                          0x08004079   Thumb Code     8  stm32f1xx_it.o(i.SysTick_Handler)
    SystemClock_Config                       0x08004081   Thumb Code   110  main.o(i.SystemClock_Config)
    SystemInit                               0x080040f1   Thumb Code    70  system_stm32f1xx.o(i.SystemInit)
    TIM_Base_SetConfig                       0x08004149   Thumb Code    94  stm32f1xx_hal_tim.o(i.TIM_Base_SetConfig)
    TIM_CCxChannelCmd                        0x080041b5   Thumb Code    28  stm32f1xx_hal_tim.o(i.TIM_CCxChannelCmd)
    TIM_OC2_SetConfig                        0x08004261   Thumb Code   106  stm32f1xx_hal_tim.o(i.TIM_OC2_SetConfig)
    UsageFault_Handler                       0x080046a7   Thumb Code     4  stm32f1xx_it.o(i.UsageFault_Handler)
    __0printf$8                              0x080046ad   Thumb Code    22  printf8.o(i.__0printf$8)
    __1printf$8                              0x080046ad   Thumb Code     0  printf8.o(i.__0printf$8)
    __2printf                                0x080046ad   Thumb Code     0  printf8.o(i.__0printf$8)
    __scatterload_copy                       0x080046cd   Thumb Code    14  handlers.o(i.__scatterload_copy)
    __scatterload_null                       0x080046db   Thumb Code     2  handlers.o(i.__scatterload_null)
    __scatterload_zeroinit                   0x080046dd   Thumb Code    14  handlers.o(i.__scatterload_zeroinit)
    _sendCmd                                 0x08004b4f   Thumb Code   164  gesture.o(i._sendCmd)
    delay_us                                 0x08004c25   Thumb Code     4  softi2c.o(i.delay_us)
    delayus                                  0x08004c29   Thumb Code    30  softi2c.o(i.delayus)
    fputc                                    0x08004c49   Thumb Code    22  main.o(i.fputc)
    getSensorDataByHostout                   0x08004c65   Thumb Code   146  gesture.o(i.getSensorDataByHostout)
    i2c_read                                 0x08004d11   Thumb Code    56  softi2c.o(i.i2c_read)
    i2c_write                                0x08004d49   Thumb Code    54  softi2c.o(i.i2c_write)
    i2cmsginfo                               0x08004d7f   Thumb Code     2  gesture.o(i.i2cmsginfo)
    init_counter                             0x08004d81   Thumb Code    40  app.o(i.init_counter)
    init_pwmIO                               0x08004dbd   Thumb Code    24  main.o(i.init_pwmIO)
    main                                     0x08004dd9   Thumb Code    40  main.o(i.main)
    AHBPrescTable                            0x08004e00   Data          16  system_stm32f1xx.o(.constdata)
    APBPrescTable                            0x08004e10   Data           8  system_stm32f1xx.o(.constdata)
    Region$$Table$$Base                      0x08004e18   Number         0  anon$$obj.o(Region$$Table)
    Region$$Table$$Limit                     0x08004e38   Number         0  anon$$obj.o(Region$$Table)
    SystemCoreClock                          0x20000004   Data           4  system_stm32f1xx.o(.data)
    lighting_switch                          0x20000010   Data           1  app.o(.data)
    lighting_status_now                      0x20000011   Data           1  app.o(.data)
    brightness                               0x20000012   Data           2  app.o(.data)
    brightness_original                      0x20000014   Data           2  app.o(.data)
    sys_tick                                 0x20000020   Data           8  app.o(.data)
    led_counter                              0x20000028   Data           2  app.o(.data)
    adjust_type                              0x2000002c   Data           1  app.o(.data)
    SILAB_SlaveAddress                       0x2000002d   Data           1  siliconsi115x.o(.data)
    I2C_SDA_PIN                              0x2000002e   Data           2  softi2c.o(.data)
    I2C_SCL_PIN                              0x20000030   Data           2  softi2c.o(.data)
    __stdout                                 0x20000034   Data           4  stdout.o(.data)
    huart1                                   0x20000038   Data          64  main.o(.bss)
    htim3                                    0x20000078   Data          60  main.o(.bss)
    gs                                       0x200000b8   Data         688  app.o(.bss)
    comb_ges                                 0x20000368   Data          24  app.o(.bss)
    GPIO_InitStructure                       0x20000380   Data          16  softi2c.o(.bss)
    __initial_sp                             0x20000790   Data           0  startup_stm32f103xb.o(STACK)



==============================================================================

Memory Map of the image

  Image Entry point : 0x080000ed

  Load Region LR_IROM1 (Base: 0x08000000, Size: 0x00004e70, Max: 0x00010000, ABSOLUTE)

    Execution Region ER_IROM1 (Exec base: 0x08000000, Load base: 0x08000000, Size: 0x00004e38, Max: 0x00010000, ABSOLUTE)

    Exec Addr    Load Addr    Size         Type   Attr      Idx    E Section Name        Object

    0x08000000   0x08000000   0x000000ec   Data   RO            3    RESET               startup_stm32f103xb.o
    0x080000ec   0x080000ec   0x00000000   Code   RO         2873  * .ARM.Collect$$$$00000000  mc_w.l(entry.o)
    0x080000ec   0x080000ec   0x00000004   Code   RO         3143    .ARM.Collect$$$$00000001  mc_w.l(entry2.o)
    0x080000f0   0x080000f0   0x00000004   Code   RO         3146    .ARM.Collect$$$$00000004  mc_w.l(entry5.o)
    0x080000f4   0x080000f4   0x00000000   Code   RO         3148    .ARM.Collect$$$$00000008  mc_w.l(entry7b.o)
    0x080000f4   0x080000f4   0x00000000   Code   RO         3150    .ARM.Collect$$$$0000000A  mc_w.l(entry8b.o)
    0x080000f4   0x080000f4   0x00000008   Code   RO         3151    .ARM.Collect$$$$0000000B  mc_w.l(entry9a.o)
    0x080000fc   0x080000fc   0x00000000   Code   RO         3153    .ARM.Collect$$$$0000000D  mc_w.l(entry10a.o)
    0x080000fc   0x080000fc   0x00000000   Code   RO         3155    .ARM.Collect$$$$0000000F  mc_w.l(entry11a.o)
    0x080000fc   0x080000fc   0x00000004   Code   RO         3144    .ARM.Collect$$$$00002712  mc_w.l(entry2.o)
    0x08000100   0x08000100   0x00000024   Code   RO            4    .text               startup_stm32f103xb.o
    0x08000124   0x08000124   0x00000062   Code   RO         2876    .text               mc_w.l(uldiv.o)
    0x08000186   0x08000186   0x00000020   Code   RO         2878    .text               mc_w.l(llushr.o)
    0x080001a6   0x080001a6   0x00000024   Code   RO         2880    .text               mc_w.l(memseta.o)
    0x080001ca   0x080001ca   0x0000001e   Code   RO         3160    .text               mc_w.l(llshl.o)
    0x080001e8   0x080001e8   0x00000024   Code   RO         3173    .text               mc_w.l(init.o)
    0x0800020c   0x0800020c   0x0000008c   Code   RO         2382    i.App_Init          app.o
    0x08000298   0x08000298   0x00000668   Code   RO         2383    i.App_Task          app.o
    0x08000900   0x08000900   0x00000040   Code   RO         2384    i.App_Var_Init      app.o
    0x08000940   0x08000940   0x00000004   Code   RO         2301    i.BusFault_Handler  stm32f1xx_it.o
    0x08000944   0x08000944   0x0000005c   Code   RO         2594    i.DEMO_Init         gesture.o
    0x080009a0   0x080009a0   0x00000002   Code   RO         2302    i.DebugMon_Handler  stm32f1xx_it.o
    0x080009a2   0x080009a2   0x00000002   PAD
    0x080009a4   0x080009a4   0x0000001c   Code   RO         2158    i.Drv_PWM_Init      main.o
    0x080009c0   0x080009c0   0x00000184   Code   RO         2159    i.Drv_PWM_Proc      main.o
    0x08000b44   0x08000b44   0x00000008   Code   RO         2595    i.Drv_SILICON_Proc  gesture.o
    0x08000b4c   0x08000b4c   0x0000000a   Code   RO         2303    i.EXTI9_5_IRQHandler  stm32f1xx_it.o
    0x08000b56   0x08000b56   0x00000004   Code   RO         2160    i.Error_Handler     main.o
    0x08000b5a   0x08000b5a   0x00000002   PAD
    0x08000b5c   0x08000b5c   0x000000b0   Code   RO         2385    i.Ges_Add_Sample    app.o
    0x08000c0c   0x08000c0c   0x000000a4   Code   RO         2387    i.Ges_Calib         app.o
    0x08000cb0   0x08000cb0   0x0000023c   Code   RO         2388    i.Ges_Comb          app.o
    0x08000eec   0x08000eec   0x00000174   Code   RO         2389    i.Ges_Detect_Sample  app.o
    0x08001060   0x08001060   0x00000334   Code   RO         2390    i.Ges_DynamicAnalysis  app.o
    0x08001394   0x08001394   0x00000080   Code   RO         2391    i.Ges_DynamicCalib  app.o
    0x08001414   0x08001414   0x000000a8   Code   RO         2392    i.Ges_DynamicNormalize  app.o
    0x080014bc   0x080014bc   0x00000288   Code   RO         2394    i.Ges_Hold_Height_AorL_Judge  app.o
    0x08001744   0x08001744   0x000000ec   Code   RO         2396    i.Ges_Hold_Height_Valid_Judge  app.o
    0x08001830   0x08001830   0x00000002   Code   RO         2398    i.Ges_Log           app.o
    0x08001832   0x08001832   0x00000002   PAD
    0x08001834   0x08001834   0x000000ac   Code   RO         2400    i.Ges_Start_Detect  app.o
    0x080018e0   0x080018e0   0x0000006c   Code   RO         2401    i.Ges_Stop_Detect   app.o
    0x0800194c   0x0800194c   0x00000108   Code   RO         2402    i.Ges_Trend_DynamicFind  app.o
    0x08001a54   0x08001a54   0x0000040c   Code   RO         2404    i.Ges_Wave_DynamicSearch  app.o
    0x08001e60   0x08001e60   0x000001b4   Code   RO         2405    i.Ges_Wave_Lead     app.o
    0x08002014   0x08002014   0x0000001a   Code   RO         1994    i.HAL_Delay         stm32f1xx_hal.o
    0x0800202e   0x0800202e   0x00000002   Code   RO         1435    i.HAL_GPIO_EXTI_Callback  stm32f1xx_hal_gpio.o
    0x08002030   0x08002030   0x0000001c   Code   RO         1436    i.HAL_GPIO_EXTI_IRQHandler  stm32f1xx_hal_gpio.o
    0x0800204c   0x0800204c   0x0000031c   Code   RO         1437    i.HAL_GPIO_Init     stm32f1xx_hal_gpio.o
    0x08002368   0x08002368   0x00000010   Code   RO         1439    i.HAL_GPIO_ReadPin  stm32f1xx_hal_gpio.o
    0x08002378   0x08002378   0x0000000c   Code   RO         1441    i.HAL_GPIO_WritePin  stm32f1xx_hal_gpio.o
    0x08002384   0x08002384   0x0000000c   Code   RO         1998    i.HAL_GetTick       stm32f1xx_hal.o
    0x08002390   0x08002390   0x00000010   Code   RO         1999    i.HAL_IncTick       stm32f1xx_hal.o
    0x080023a0   0x080023a0   0x00000028   Code   RO         2000    i.HAL_Init          stm32f1xx_hal.o
    0x080023c8   0x080023c8   0x00000024   Code   RO         2001    i.HAL_InitTick      stm32f1xx_hal.o
    0x080023ec   0x080023ec   0x0000008c   Code   RO         2265    i.HAL_MspInit       stm32f1xx_hal_msp.o
    0x08002478   0x08002478   0x0000001a   Code   RO          177    i.HAL_NVIC_EnableIRQ  stm32f1xx_hal_cortex.o
    0x08002492   0x08002492   0x0000007c   Code   RO          183    i.HAL_NVIC_SetPriority  stm32f1xx_hal_cortex.o
    0x0800250e   0x0800250e   0x00000002   PAD
    0x08002510   0x08002510   0x00000028   Code   RO          184    i.HAL_NVIC_SetPriorityGrouping  stm32f1xx_hal_cortex.o
    0x08002538   0x08002538   0x00000298   Code   RO          298    i.HAL_RCC_ClockConfig  stm32f1xx_hal_rcc.o
    0x080027d0   0x080027d0   0x0000000c   Code   RO          303    i.HAL_RCC_GetHCLKFreq  stm32f1xx_hal_rcc.o
    0x080027dc   0x080027dc   0x0000002c   Code   RO          305    i.HAL_RCC_GetPCLK1Freq  stm32f1xx_hal_rcc.o
    0x08002808   0x08002808   0x0000002c   Code   RO          306    i.HAL_RCC_GetPCLK2Freq  stm32f1xx_hal_rcc.o
    0x08002834   0x08002834   0x000000b4   Code   RO          307    i.HAL_RCC_GetSysClockFreq  stm32f1xx_hal_rcc.o
    0x080028e8   0x080028e8   0x00000878   Code   RO          310    i.HAL_RCC_OscConfig  stm32f1xx_hal_rcc.o
    0x08003160   0x08003160   0x00000028   Code   RO          186    i.HAL_SYSTICK_CLKSourceConfig  stm32f1xx_hal_cortex.o
    0x08003188   0x08003188   0x00000034   Code   RO          188    i.HAL_SYSTICK_Config  stm32f1xx_hal_cortex.o
    0x080031bc   0x080031bc   0x00000050   Code   RO         1203    i.HAL_TIMEx_ConfigBreakDeadTime  stm32f1xx_hal_tim_ex.o
    0x0800320c   0x0800320c   0x00000062   Code   RO         1218    i.HAL_TIMEx_MasterConfigSynchronization  stm32f1xx_hal_tim_ex.o
    0x0800326e   0x0800326e   0x00000034   Code   RO          562    i.HAL_TIM_Base_Init  stm32f1xx_hal_tim.o
    0x080032a2   0x080032a2   0x00000002   Code   RO          564    i.HAL_TIM_Base_MspInit  stm32f1xx_hal_tim.o
    0x080032a4   0x080032a4   0x00000132   Code   RO          571    i.HAL_TIM_ConfigClockSource  stm32f1xx_hal_tim.o
    0x080033d6   0x080033d6   0x00000108   Code   RO          628    i.HAL_TIM_PWM_ConfigChannel  stm32f1xx_hal_tim.o
    0x080034de   0x080034de   0x00000034   Code   RO          631    i.HAL_TIM_PWM_Init  stm32f1xx_hal_tim.o
    0x08003512   0x08003512   0x00000002   Code   RO          633    i.HAL_TIM_PWM_MspInit  stm32f1xx_hal_tim.o
    0x08003514   0x08003514   0x00000040   Code   RO          635    i.HAL_TIM_PWM_Start  stm32f1xx_hal_tim.o
    0x08003554   0x08003554   0x0000006e   Code   RO         1622    i.HAL_UART_Init     stm32f1xx_hal_uart.o
    0x080035c2   0x080035c2   0x00000002   PAD
    0x080035c4   0x080035c4   0x00000064   Code   RO         2267    i.HAL_UART_MspInit  stm32f1xx_hal_msp.o
    0x08003628   0x08003628   0x000000f0   Code   RO         1630    i.HAL_UART_Transmit  stm32f1xx_hal_uart.o
    0x08003718   0x08003718   0x00000004   Code   RO         2304    i.HardFault_Handler  stm32f1xx_it.o
    0x0800371c   0x0800371c   0x00000044   Code   RO         2162    i.I2C_init          main.o
    0x08003760   0x08003760   0x0000002c   Code   RO         2163    i.I2C_set_scl_state  main.o
    0x0800378c   0x0800378c   0x0000002c   Code   RO         2164    i.I2C_set_sda_state  main.o
    0x080037b8   0x080037b8   0x00000024   Code   RO         2746    i.IIC_Ack           softi2c.o
    0x080037dc   0x080037dc   0x00000024   Code   RO         2747    i.IIC_NAck          softi2c.o
    0x08003800   0x08003800   0x00000048   Code   RO         2748    i.IIC_Read_Byte     softi2c.o
    0x08003848   0x08003848   0x00000018   Code   RO         2749    i.IIC_SCL_0         softi2c.o
    0x08003860   0x08003860   0x00000018   Code   RO         2750    i.IIC_SCL_1         softi2c.o
    0x08003878   0x08003878   0x00000018   Code   RO         2751    i.IIC_SDA_0         softi2c.o
    0x08003890   0x08003890   0x00000018   Code   RO         2752    i.IIC_SDA_1         softi2c.o
    0x080038a8   0x080038a8   0x00000052   Code   RO         2753    i.IIC_Send_Byte     softi2c.o
    0x080038fa   0x080038fa   0x00000024   Code   RO         2754    i.IIC_Start         softi2c.o
    0x0800391e   0x0800391e   0x00000024   Code   RO         2755    i.IIC_Stop          softi2c.o
    0x08003942   0x08003942   0x0000003e   Code   RO         2756    i.IIC_Wait_Ack      softi2c.o
    0x08003980   0x08003980   0x000000f8   Code   RO         2165    i.MX_GPIO_Init      main.o
    0x08003a78   0x08003a78   0x000000b0   Code   RO         2166    i.MX_TIM3_Init      main.o
    0x08003b28   0x08003b28   0x00000038   Code   RO         2167    i.MX_USART1_UART_Init  main.o
    0x08003b60   0x08003b60   0x00000004   Code   RO         2305    i.MemManage_Handler  stm32f1xx_it.o
    0x08003b64   0x08003b64   0x00000002   Code   RO         2306    i.NMI_Handler       stm32f1xx_it.o
    0x08003b66   0x08003b66   0x00000002   PAD
    0x08003b68   0x08003b68   0x00000010   Code   RO          190    i.NVIC_GetPriorityGrouping  stm32f1xx_hal_cortex.o
    0x08003b78   0x08003b78   0x00000028   Code   RO          191    i.NVIC_SetPriority  stm32f1xx_hal_cortex.o
    0x08003ba0   0x08003ba0   0x00000002   Code   RO         2307    i.PendSV_Handler    stm32f1xx_it.o
    0x08003ba2   0x08003ba2   0x00000002   PAD
    0x08003ba4   0x08003ba4   0x00000034   Code   RO         2757    i.SDA_IN            softi2c.o
    0x08003bd8   0x08003bd8   0x00000038   Code   RO         2758    i.SDA_OUT           softi2c.o
    0x08003c10   0x08003c10   0x00000018   Code   RO         2759    i.SDA_READ          softi2c.o
    0x08003c28   0x08003c28   0x0000004c   Code   RO         2689    i.SILAB_IO_Read     siliconsi115x.o
    0x08003c74   0x08003c74   0x0000004e   Code   RO         2690    i.SILAB_IO_Write    siliconsi115x.o
    0x08003cc2   0x08003cc2   0x0000004a   Code   RO         2691    i.SILAB_IO_Write_Block  siliconsi115x.o
    0x08003d0c   0x08003d0c   0x00000002   Code   RO         2308    i.SVC_Handler       stm32f1xx_it.o
    0x08003d0e   0x08003d0e   0x00000002   PAD
    0x08003d10   0x08003d10   0x00000044   Code   RO         2596    i.Si115xBlockWrite  gesture.o
    0x08003d54   0x08003d54   0x0000000a   Code   RO         2597    i.Si115xForce       gesture.o
    0x08003d5e   0x08003d5e   0x00000002   PAD
    0x08003d60   0x08003d60   0x000000c0   Code   RO         2598    i.Si115xInitLongRangeProx  gesture.o
    0x08003e20   0x08003e20   0x0000012c   Code   RO         2599    i.Si115xInitProxAls  gesture.o
    0x08003f4c   0x08003f4c   0x00000098   Code   RO         2600    i.Si115xParamSet    gesture.o
    0x08003fe4   0x08003fe4   0x00000018   Code   RO         2693    i.Si115xReadFromRegister  siliconsi115x.o
    0x08003ffc   0x08003ffc   0x00000060   Code   RO         2601    i.Si115xReset       gesture.o
    0x0800405c   0x0800405c   0x0000001c   Code   RO         2694    i.Si115xWriteToRegister  siliconsi115x.o
    0x08004078   0x08004078   0x00000008   Code   RO         2309    i.SysTick_Handler   stm32f1xx_it.o
    0x08004080   0x08004080   0x0000006e   Code   RO         2168    i.SystemClock_Config  main.o
    0x080040ee   0x080040ee   0x00000002   PAD
    0x080040f0   0x080040f0   0x00000058   Code   RO         2122    i.SystemInit        system_stm32f1xx.o
    0x08004148   0x08004148   0x0000006c   Code   RO          646    i.TIM_Base_SetConfig  stm32f1xx_hal_tim.o
    0x080041b4   0x080041b4   0x0000001c   Code   RO          647    i.TIM_CCxChannelCmd  stm32f1xx_hal_tim.o
    0x080041d0   0x080041d0   0x00000018   Code   RO          653    i.TIM_ETR_SetConfig  stm32f1xx_hal_tim.o
    0x080041e8   0x080041e8   0x00000014   Code   RO          654    i.TIM_ITRx_SetConfig  stm32f1xx_hal_tim.o
    0x080041fc   0x080041fc   0x00000064   Code   RO          655    i.TIM_OC1_SetConfig  stm32f1xx_hal_tim.o
    0x08004260   0x08004260   0x00000070   Code   RO          656    i.TIM_OC2_SetConfig  stm32f1xx_hal_tim.o
    0x080042d0   0x080042d0   0x0000006c   Code   RO          657    i.TIM_OC3_SetConfig  stm32f1xx_hal_tim.o
    0x0800433c   0x0800433c   0x00000050   Code   RO          658    i.TIM_OC4_SetConfig  stm32f1xx_hal_tim.o
    0x0800438c   0x0800438c   0x0000002a   Code   RO          660    i.TIM_TI1_ConfigInputStage  stm32f1xx_hal_tim.o
    0x080043b6   0x080043b6   0x0000002c   Code   RO          662    i.TIM_TI2_ConfigInputStage  stm32f1xx_hal_tim.o
    0x080043e2   0x080043e2   0x00000002   PAD
    0x080043e4   0x080043e4   0x000001c8   Code   RO         1642    i.UART_SetConfig    stm32f1xx_hal_uart.o
    0x080045ac   0x080045ac   0x000000fa   Code   RO         1644    i.UART_WaitOnFlagUntilTimeout  stm32f1xx_hal_uart.o
    0x080046a6   0x080046a6   0x00000004   Code   RO         2310    i.UsageFault_Handler  stm32f1xx_it.o
    0x080046aa   0x080046aa   0x00000002   PAD
    0x080046ac   0x080046ac   0x00000020   Code   RO         3089    i.__0printf$8       mc_w.l(printf8.o)
    0x080046cc   0x080046cc   0x0000000e   Code   RO         3181    i.__scatterload_copy  mc_w.l(handlers.o)
    0x080046da   0x080046da   0x00000002   Code   RO         3182    i.__scatterload_null  mc_w.l(handlers.o)
    0x080046dc   0x080046dc   0x0000000e   Code   RO         3183    i.__scatterload_zeroinit  mc_w.l(handlers.o)
    0x080046ea   0x080046ea   0x00000002   PAD
    0x080046ec   0x080046ec   0x00000410   Code   RO         3096    i._printf_core      mc_w.l(printf8.o)
    0x08004afc   0x08004afc   0x00000024   Code   RO         3097    i._printf_post_padding  mc_w.l(printf8.o)
    0x08004b20   0x08004b20   0x0000002e   Code   RO         3098    i._printf_pre_padding  mc_w.l(printf8.o)
    0x08004b4e   0x08004b4e   0x000000a4   Code   RO         2602    i._sendCmd          gesture.o
    0x08004bf2   0x08004bf2   0x00000032   Code   RO         2603    i._waitUntilSleep   gesture.o
    0x08004c24   0x08004c24   0x00000004   Code   RO         2760    i.delay_us          softi2c.o
    0x08004c28   0x08004c28   0x0000001e   Code   RO         2761    i.delayus           softi2c.o
    0x08004c46   0x08004c46   0x00000002   PAD
    0x08004c48   0x08004c48   0x0000001c   Code   RO         2169    i.fputc             main.o
    0x08004c64   0x08004c64   0x000000ac   Code   RO         2604    i.getSensorDataByHostout  gesture.o
    0x08004d10   0x08004d10   0x00000038   Code   RO         2762    i.i2c_read          softi2c.o
    0x08004d48   0x08004d48   0x00000036   Code   RO         2763    i.i2c_write         softi2c.o
    0x08004d7e   0x08004d7e   0x00000002   Code   RO         2605    i.i2cmsginfo        gesture.o
    0x08004d80   0x08004d80   0x0000003c   Code   RO         2408    i.init_counter      app.o
    0x08004dbc   0x08004dbc   0x0000001c   Code   RO         2170    i.init_pwmIO        main.o
    0x08004dd8   0x08004dd8   0x00000028   Code   RO         2171    i.main              main.o
    0x08004e00   0x08004e00   0x00000018   Data   RO         2123    .constdata          system_stm32f1xx.o
    0x08004e18   0x08004e18   0x00000020   Data   RO         3179    Region$$Table       anon$$obj.o


    Execution Region RW_IRAM1 (Exec base: 0x20000000, Load base: 0x08004e38, Size: 0x00000790, Max: 0x00005000, ABSOLUTE)

    Exec Addr    Load Addr    Size         Type   Attr      Idx    E Section Name        Object

    0x20000000   0x08004e38   0x00000004   Data   RW         2006    .data               stm32f1xx_hal.o
    0x20000004   0x08004e3c   0x00000004   Data   RW         2124    .data               system_stm32f1xx.o
    0x20000008   0x08004e40   0x00000004   Data   RW         2173    .data               main.o
    0x2000000c   0x08004e44   0x00000004   PAD
    0x20000010   0x08004e48   0x0000001d   Data   RW         2410    .data               app.o
    0x2000002d   0x08004e65   0x00000001   Data   RW         2695    .data               siliconsi115x.o
    0x2000002e   0x08004e66   0x00000004   Data   RW         2765    .data               softi2c.o
    0x20000032   0x08004e6a   0x00000002   PAD
    0x20000034   0x08004e6c   0x00000004   Data   RW         3157    .data               mc_w.l(stdout.o)
    0x20000038        -       0x0000007c   Zero   RW         2172    .bss                main.o
    0x200000b4   0x08004e70   0x00000004   PAD
    0x200000b8        -       0x000002c8   Zero   RW         2409    .bss                app.o
    0x20000380        -       0x00000010   Zero   RW         2764    .bss                softi2c.o
    0x20000390        -       0x00000400   Zero   RW            1    STACK               startup_stm32f103xb.o


==============================================================================

Image component sizes


      Code (inc. data)   RO Data    RW Data    ZI Data      Debug   Object Name

      7206       1616          0         29        712      21489   app.o
      1306        226          0          0          0       9943   gesture.o
      1262        224          0          4        124       7062   main.o
       280         10          0          1          0       3870   siliconsi115x.o
       732         68          0          4         16       8886   softi2c.o
        36          8        236          0       1024        768   startup_stm32f103xb.o
       130         16          0          4          0       3370   stm32f1xx_hal.o
       338         22          0          0          0      26517   stm32f1xx_hal_cortex.o
         0          0          0          0          0     451824   stm32f1xx_hal_dma.o
       854         36          0          0          0       4415   stm32f1xx_hal_gpio.o
       240         24          0          0          0       1381   stm32f1xx_hal_msp.o
      3112        100          0          0          0       5520   stm32f1xx_hal_rcc.o
      1408         38          0          0          0      11501   stm32f1xx_hal_tim.o
       178          0          0          0          0       1752   stm32f1xx_hal_tim_ex.o
      1056          6          0          0          0       3456   stm32f1xx_hal_uart.o
        42          0          0          0          0       3951   stm32f1xx_it.o
        88         18         24          4          0       1047   system_stm32f1xx.o

    ----------------------------------------------------------------------
     18294       2412        292         52       1880     566752   Object Totals
         0          0         32          0          0          0   (incl. Generated)
        26          0          0          6          4          0   (incl. Padding)

    ----------------------------------------------------------------------

      Code (inc. data)   RO Data    RW Data    ZI Data      Debug   Library Member Name

         0          0          0          0          0          0   entry.o
         0          0          0          0          0          0   entry10a.o
         0          0          0          0          0          0   entry11a.o
         8          4          0          0          0          0   entry2.o
         4          0          0          0          0          0   entry5.o
         0          0          0          0          0          0   entry7b.o
         0          0          0          0          0          0   entry8b.o
         8          4          0          0          0          0   entry9a.o
        30          0          0          0          0          0   handlers.o
        36          8          0          0          0         68   init.o
        30          0          0          0          0         68   llshl.o
        32          0          0          0          0         68   llushr.o
        36          0          0          0          0        108   memseta.o
      1154         54          0          0          0        352   printf8.o
         0          0          0          4          0          0   stdout.o
        98          0          0          0          0         92   uldiv.o

    ----------------------------------------------------------------------
      1438         70          0          4          0        756   Library Totals
         2          0          0          0          0          0   (incl. Padding)

    ----------------------------------------------------------------------

      Code (inc. data)   RO Data    RW Data    ZI Data      Debug   Library Name

      1436         70          0          4          0        756   mc_w.l

    ----------------------------------------------------------------------
      1438         70          0          4          0        756   Library Totals

    ----------------------------------------------------------------------

==============================================================================


      Code (inc. data)   RO Data    RW Data    ZI Data      Debug   

     19732       2482        292         56       1880     561004   Grand Totals
     19732       2482        292         56       1880     561004   ELF Image Totals
     19732       2482        292         56          0          0   ROM Totals

==============================================================================

    Total RO  Size (Code + RO Data)                20024 (  19.55kB)
    Total RW  Size (RW Data + ZI Data)              1936 (   1.89kB)
    Total ROM Size (Code + RO Data + RW Data)      20080 (  19.61kB)

==============================================================================

