<html>
<body>
<pre>
<h1>µVision Build Log</h1>
<h2>Tool Versions:</h2>
IDE-Version: ¦ÌVision V5.24.2.0
Copyright (C) 2017 ARM Ltd and ARM Germany GmbH. All rights reserved.
License Information: huang zhicheng, cig, LIC=----
 
Tool Versions:
Toolchain:       MDK-Lite  Version: 5.24.1
Toolchain Path:  C:\Keil_v5\ARM\ARMCC\Bin
C Compiler:      Armcc.exe V5.06 update 5 (build 528)
Assembler:       Armasm.exe V5.06 update 5 (build 528)
Linker/Locator:  ArmLink.exe V5.06 update 5 (build 528)
Library Manager: ArmAr.exe V5.06 update 5 (build 528)
Hex Converter:   FromElf.exe V5.06 update 5 (build 528)
CPU DLL:         SARMCM3.DLL V5.24.1
Dialog DLL:      DCM.DLL V1.16.0.0
Target DLL:      STLink\ST-LINKIII-KEIL_SWO.dll V3.0.1.0
Dialog DLL:      TCM.DLL V1.32.0.0
 
<h2>Project:</h2>
E:\github\stm32f1\MDK-ARM\GesControl_F103.uvprojx
Project File Date:  06/28/2019

<h2>Output:</h2>
*** Using Compiler 'V5.06 update 5 (build 528)', folder: 'C:\Keil_v5\ARM\ARMCC\Bin'
Build target 'GesControl_F103'
compiling App.c...
..\Src\App.h(154): warning:  #1295-D: Deprecated declaration Ges_DynamicCalib - give arg types
  void Ges_DynamicCalib();
../Inc/siliconSi115x.h(165): warning:  #1295-D: Deprecated declaration SILAB_ReadID - give arg types
  extern SILAB_SENSOR_StatusTypeDef SILAB_ReadID();
..\Src\App.c(81): warning:  #223-D: function "DEMO_Init" declared implicitly
      DEMO_Init();
..\Src\App.c(203): warning:  #177-D: variable "j"  was declared but never referenced
      uint8_t i,j,k,new_hold_AorL_size;
..\Src\App.c(203): warning:  #177-D: variable "k"  was declared but never referenced
      uint8_t i,j,k,new_hold_AorL_size;
..\Src\App.c(203): warning:  #177-D: variable "new_hold_AorL_size"  was declared but never referenced
      uint8_t i,j,k,new_hold_AorL_size;
..\Src\App.c(204): warning:  #177-D: variable "sum"  was declared but never referenced
      uint32_t sum;
..\Src\App.c(509): warning:  #223-D: function "abs" declared implicitly
          if(abs(tt1-total[i])*100/tt1>70)
..\Src\App.c(514): warning:  #223-D: function "abs" declared implicitly
          if(abs(tt1-total[i])*100/tt1>10)
..\Src\App.c(528): warning:  #520-D: initialization with "{...}" expected for aggregate object
      uint64_t total[2]=0;
..\Src\App.c(529): warning:  #520-D: initialization with "{...}" expected for aggregate object
      uint32_t tt1[2]=0;
..\Src\App.c(527): warning:  #177-D: variable "res"  was declared but never referenced
      uint8_t i,res=0;
..\Src\App.c(602): warning:  #520-D: initialization with "{...}" expected for aggregate object
      uint64_t total[2]=0;
..\Src\App.c(603): warning:  #520-D: initialization with "{...}" expected for aggregate object
      uint32_t tt1[2]=0;
..\Src\App.c(601): warning:  #177-D: variable "res"  was declared but never referenced
      uint8_t i,res=0;
..\Src\App.c(629): warning:  #520-D: initialization with "{...}" expected for aggregate object
      uint64_t total[2]=0;
..\Src\App.c(630): warning:  #520-D: initialization with "{...}" expected for aggregate object
      uint32_t tt1[2]=0;
..\Src\App.c(628): warning:  #177-D: variable "res"  was declared but never referenced
      uint8_t i,res=0;
..\Src\App.c(928): warning:  #177-D: variable "rise_flag"  was declared but never referenced
      uint8_t rise_flag = 0;
..\Src\App.c(929): warning:  #177-D: variable "wave_flag"  was declared but never referenced
      uint8_t wave_flag=0,hold_flag=1, hold_section_times;
..\Src\App.c(1179): warning:  #175-D: subscript out of range
              gs.last_ges_record[
ES_CHN_UP]=gs.ges_record[
ES_CHN_UP];
..\Src\App.c(1179): warning:  #175-D: subscript out of range
              gs.last_ges_record[
ES_CHN_UP]=gs.ges_record[
ES_CHN_UP];
..\Src\App.c(1187): warning:  #177-D: variable "left_up"  was declared but never referenced
          uint8_t left_up,left_right,right_up;
..\Src\App.c(1187): warning:  #177-D: variable "right_up"  was declared but never referenced
          uint8_t left_up,left_right,right_up;
..\Src\App.c(1488): warning:  #175-D: subscript out of range
              gs.last_ges_record[
ES_CHN_UP]=gs.ges_record[
ES_CHN_UP];
..\Src\App.c(1488): warning:  #175-D: subscript out of range
              gs.last_ges_record[
ES_CHN_UP]=gs.ges_record[
ES_CHN_UP];
..\Src\App.c(1496): warning:  #177-D: variable "left_up"  was declared but never referenced
          uint8_t left_up,left_right,right_up;
..\Src\App.c(1496): warning:  #177-D: variable "right_up"  was declared but never referenced
          uint8_t left_up,left_right,right_up;
..\Src\App.c(1764): warning:  #175-D: subscript out of range
      
OG_DEBUG("                                       [%5d %5d %5d]sample[%d]\r\n",gs.sample_base_last[1],gs.sample_base_last[2],gs.sample_base_last[0],gs.sample_size);
..\Src\App.c(2248): warning:  #223-D: function "getSensorDataByHostout" declared implicitly
      getSensorDataByHostout(ps);
..\Src\App.c: 30 warnings, 0 errors
linking...
Program Size: Code=19356 RO-data=1280 RW-data=56 ZI-data=1872  
"GesControl_F103\GesControl_F103.axf" - 0 Error(s), 30 Warning(s).

<h2>Software Packages used:</h2>

Package Vendor: ARM
                http://www.keil.com/pack/ARM.CMSIS.5.0.1.pack
                ARM.CMSIS.5.0.1
                CMSIS (Cortex Microcontroller Software Interface Standard)
   * Component: CORE Version: 5.0.1

Package Vendor: Keil
                http://www.keil.com/pack/Keil.STM32F1xx_DFP.2.3.0.pack
                Keil.STM32F1xx_DFP.2.3.0
                STMicroelectronics STM32F1 Series Device Support, Drivers and Examples

<h2>Collection of Component include folders:</h2>
  .\RTE\_GesControl_F103
  C:\Keil_v5\ARM\PACK\ARM\CMSIS\5.0.1\CMSIS\Include
  C:\Keil_v5\ARM\PACK\Keil\STM32F1xx_DFP\2.3.0\Device\Include

<h2>Collection of Component Files used:</h2>

   * Component: ARM::CMSIS:CORE:5.0.1
Build Time Elapsed:  00:00:02
</pre>
</body>
</html>
